      Step     Time          Energy          fmax
BFGS:    0 03:01:08     -873.356647        0.024522
BFGS:    1 03:01:08     -873.356696        0.019528
BFGS:    2 03:01:08     -873.356757        0.025937
BFGS:    3 03:01:08     -873.356784        0.020090
BFGS:    4 03:01:08     -873.356823        0.027501
BFGS:    5 03:01:08     -873.356905        0.027770
BFGS:    6 03:01:08     -873.356943        0.020407
BFGS:    7 03:01:08     -873.356988        0.017101
BFGS:    8 03:01:08     -873.357029        0.018187
BFGS:    9 03:01:08     -873.357087        0.019760
BFGS:   10 03:01:08     -873.357155        0.025261
BFGS:   11 03:01:08     -873.357252        0.030568
BFGS:   12 03:01:08     -873.357352        0.029958
BFGS:   13 03:01:08     -873.357451        0.028336
BFGS:   14 03:01:08     -873.357565        0.030411
BFGS:   15 03:01:08     -873.357724        0.039664
BFGS:   16 03:01:08     -873.357923        0.041655
BFGS:   17 03:01:08     -873.358109        0.032069
BFGS:   18 03:01:08     -873.358226        0.023463
BFGS:   19 03:01:08     -873.358292        0.017868
BFGS:   20 03:01:08     -873.358349        0.016931
BFGS:   21 03:01:08     -873.358408        0.016973
BFGS:   22 03:01:08     -873.358462        0.019852
BFGS:   23 03:01:08     -873.358516        0.022018
BFGS:   24 03:01:08     -873.358575        0.024481
BFGS:   25 03:01:08     -873.358643        0.021034
BFGS:   26 03:01:08     -873.358709        0.018690
BFGS:   27 03:01:08     -873.358765        0.019573
BFGS:   28 03:01:08     -873.358812        0.017875
BFGS:   29 03:01:08     -873.358859        0.017179
BFGS:   30 03:01:08     -873.358919        0.018569
BFGS:   31 03:01:08     -873.359007        0.026740
BFGS:   32 03:01:08     -873.359142        0.035232
BFGS:   33 03:01:08     -873.359329        0.032086
BFGS:   34 03:01:08     -873.359544        0.035312
BFGS:   35 03:01:08     -873.359750        0.036876
BFGS:   36 03:01:08     -873.359933        0.036717
BFGS:   37 03:01:08     -873.360129        0.041380
BFGS:   38 03:01:08     -873.360313        0.037582
BFGS:   39 03:01:08     -873.360422        0.039596
BFGS:   40 03:01:08     -873.360501        0.020237
BFGS:   41 03:01:08     -873.360549        0.017509
BFGS:   42 03:01:08     -873.360618        0.019757
BFGS:   43 03:01:08     -873.360680        0.021483
BFGS:   44 03:01:08     -873.360748        0.020120
BFGS:   45 03:01:08     -873.360798        0.017613
BFGS:   46 03:01:08     -873.360855        0.021689
BFGS:   47 03:01:08     -873.360937        0.024075
BFGS:   48 03:01:08     -873.361045        0.027375
BFGS:   49 03:01:08     -873.361151        0.020626
BFGS:   50 03:01:08     -873.361222        0.018057
BFGS:   51 03:01:08     -873.361270        0.013118
BFGS:   52 03:01:08     -873.361310        0.015314
BFGS:   53 03:01:08     -873.361340        0.013261
BFGS:   54 03:01:08     -873.361358        0.012995
BFGS:   55 03:01:08     -873.361373        0.011052
BFGS:   56 03:01:08     -873.361388        0.009069
BFGS:   57 03:01:08     -873.361406        0.006779
