      Step     Time          Energy          fmax
BFGS:    0 02:54:57     -873.209310        0.703784
BFGS:    1 02:54:57     -873.216691        0.533637
BFGS:    2 02:54:57     -873.218797        0.208100
BFGS:    3 02:54:57     -873.219462        0.075565
BFGS:    4 02:54:57     -873.219743        0.068812
BFGS:    5 02:54:57     -873.220230        0.067865
BFGS:    6 02:54:57     -873.220431        0.079902
BFGS:    7 02:54:57     -873.220696        0.037287
BFGS:    8 02:54:57     -873.221048        0.048497
BFGS:    9 02:54:57     -873.221423        0.062006
BFGS:   10 02:54:57     -873.221960        0.060081
BFGS:   11 02:54:57     -873.222525        0.064041
BFGS:   12 02:54:57     -873.223049        0.058375
BFGS:   13 02:54:57     -873.223522        0.049335
BFGS:   14 02:54:57     -873.224000        0.054132
BFGS:   15 02:54:57     -873.224476        0.046774
BFGS:   16 02:54:57     -873.224907        0.038418
BFGS:   17 02:54:57     -873.225280        0.037261
BFGS:   18 02:54:57     -873.225588        0.040394
BFGS:   19 02:54:57     -873.225846        0.048338
BFGS:   20 02:54:57     -873.226106        0.053279
BFGS:   21 02:54:58     -873.226458        0.063111
BFGS:   22 02:54:58     -873.226975        0.087977
BFGS:   23 02:54:58     -873.227594        0.086658
BFGS:   24 02:54:58     -873.228118        0.049192
BFGS:   25 02:54:58     -873.228477        0.047319
BFGS:   26 02:54:58     -873.228775        0.046049
BFGS:   27 02:54:58     -873.229090        0.046309
BFGS:   28 02:54:58     -873.229374        0.040408
BFGS:   29 02:54:58     -873.229567        0.027278
BFGS:   30 02:54:58     -873.229699        0.031090
BFGS:   31 02:54:58     -873.229830        0.029986
BFGS:   32 02:54:58     -873.229972        0.029301
BFGS:   33 02:54:58     -873.230102        0.028154
BFGS:   34 02:54:58     -873.230218        0.026061
BFGS:   35 02:54:58     -873.230345        0.029070
BFGS:   36 02:54:58     -873.230494        0.030401
BFGS:   37 02:54:58     -873.230645        0.034546
BFGS:   38 02:54:58     -873.230782        0.036886
BFGS:   39 02:54:58     -873.230939        0.038267
BFGS:   40 02:54:58     -873.231182        0.039979
BFGS:   41 02:54:58     -873.231570        0.080484
BFGS:   42 02:54:58     -873.232131        0.075815
BFGS:   43 02:54:58     -873.232761        0.074424
BFGS:   44 02:54:58     -873.233324        0.065734
BFGS:   45 02:54:58     -873.233915        0.065491
BFGS:   46 02:54:58     -873.234871        0.084867
BFGS:   47 02:54:58     -873.236135        0.131007
BFGS:   48 02:54:58     -873.237599        0.162257
BFGS:   49 02:54:58     -873.238632        0.215081
BFGS:   50 02:54:58     -873.239805        0.084994
BFGS:   51 02:54:58     -873.240637        0.062281
BFGS:   52 02:54:58     -873.242087        0.100840
BFGS:   53 02:54:58     -873.243064        0.125238
BFGS:   54 02:54:58     -873.244964        0.119824
BFGS:   55 02:54:58     -873.246175        0.123284
BFGS:   56 02:54:58     -873.246053        0.200096
BFGS:   57 02:54:58     -873.247526        0.054892
BFGS:   58 02:54:58     -873.248033        0.056477
BFGS:   59 02:54:58     -873.249944        0.064247
BFGS:   60 02:54:58     -873.251075        0.093815
BFGS:   61 02:54:58     -873.252894        0.125598
BFGS:   62 02:54:58     -873.255657        0.130567
BFGS:   63 02:54:58     -873.259050        0.152359
BFGS:   64 02:54:58     -873.261122        0.326505
BFGS:   65 02:54:58     -873.264366        0.343808
BFGS:   66 02:54:58     -873.270466        0.175140
BFGS:   67 02:54:58     -873.275119        0.107916
BFGS:   68 02:54:58     -873.283086        0.132148
BFGS:   69 02:54:58     -873.287137        0.148045
BFGS:   70 02:54:58     -873.289977        0.122136
BFGS:   71 02:54:58     -873.293477        0.110960
BFGS:   72 02:54:58     -873.296295        0.142767
BFGS:   73 02:54:58     -873.298536        0.149901
BFGS:   74 02:54:58     -873.302482        0.171453
BFGS:   75 02:54:58     -873.306703        0.153731
BFGS:   76 02:54:58     -873.311649        0.227783
BFGS:   77 02:54:58     -873.316428        0.170014
BFGS:   78 02:54:58     -873.322378        0.253542
BFGS:   79 02:54:58     -873.329060        0.256460
BFGS:   80 02:54:58     -873.335820        0.207298
BFGS:   81 02:54:58     -873.341739        0.198151
BFGS:   82 02:54:58     -873.346314        0.160784
BFGS:   83 02:54:58     -873.351112        0.133857
BFGS:   84 02:54:58     -873.354874        0.127514
BFGS:   85 02:54:58     -873.357504        0.117870
BFGS:   86 02:54:58     -873.359494        0.113115
BFGS:   87 02:54:58     -873.361235        0.120732
BFGS:   88 02:54:58     -873.362582        0.103331
BFGS:   89 02:54:58     -873.363622        0.100672
BFGS:   90 02:54:58     -873.364537        0.067669
BFGS:   91 02:54:58     -873.365357        0.066859
BFGS:   92 02:54:58     -873.366127        0.070153
BFGS:   93 02:54:58     -873.366798        0.065139
BFGS:   94 02:54:58     -873.367370        0.062150
BFGS:   95 02:54:58     -873.367921        0.068981
BFGS:   96 02:54:58     -873.368491        0.055022
BFGS:   97 02:54:58     -873.369024        0.047458
BFGS:   98 02:54:58     -873.369422        0.042560
BFGS:   99 02:54:58     -873.369692        0.049072
BFGS:  100 02:54:58     -873.369943        0.043028
