      Step     Time          Energy          fmax
BFGS:    0 10:47:54     -787.210064        0.703269
BFGS:    1 10:47:54     -787.217283        0.530421
BFGS:    2 10:47:54     -787.219526        0.202056
BFGS:    3 10:47:54     -787.220247        0.076568
BFGS:    4 10:47:54     -787.220637        0.085630
BFGS:    5 10:47:54     -787.221744        0.114873
BFGS:    6 10:47:54     -787.222374        0.132088
BFGS:    7 10:47:54     -787.223407        0.090392
BFGS:    8 10:47:54     -787.224198        0.082039
BFGS:    9 10:47:54     -787.224931        0.120053
BFGS:   10 10:47:54     -787.225629        0.067812
BFGS:   11 10:47:54     -787.226520        0.073636
BFGS:   12 10:47:54     -787.227442        0.094235
BFGS:   13 10:47:54     -787.228469        0.111310
BFGS:   14 10:47:54     -787.229578        0.105378
BFGS:   15 10:47:54     -787.230592        0.079352
BFGS:   16 10:47:54     -787.231400        0.084739
BFGS:   17 10:47:54     -787.231995        0.067976
BFGS:   18 10:47:54     -787.232451        0.057500
BFGS:   19 10:47:54     -787.232800        0.045380
BFGS:   20 10:47:54     -787.233134        0.077086
BFGS:   21 10:47:54     -787.233517        0.090615
BFGS:   22 10:47:54     -787.233877        0.070543
BFGS:   23 10:47:54     -787.234098        0.031509
BFGS:   24 10:47:54     -787.234202        0.021690
