      Step     Time          Energy          fmax
BFGS:    0 03:01:09     -873.351997        0.023048
BFGS:    1 03:01:09     -873.352019        0.012298
BFGS:    2 03:01:09     -873.352045        0.014063
BFGS:    3 03:01:09     -873.352060        0.015665
BFGS:    4 03:01:09     -873.352089        0.016741
BFGS:    5 03:01:09     -873.352149        0.015976
BFGS:    6 03:01:09     -873.352202        0.023285
BFGS:    7 03:01:09     -873.352296        0.031695
BFGS:    8 03:01:09     -873.352406        0.031779
BFGS:    9 03:01:09     -873.352544        0.023630
BFGS:   10 03:01:09     -873.352693        0.025757
BFGS:   11 03:01:09     -873.352812        0.025873
BFGS:   12 03:01:09     -873.352918        0.023180
BFGS:   13 03:01:09     -873.352992        0.018628
BFGS:   14 03:01:09     -873.353047        0.016709
BFGS:   15 03:01:09     -873.353104        0.017801
BFGS:   16 03:01:09     -873.353170        0.019349
BFGS:   17 03:01:09     -873.353228        0.016168
BFGS:   18 03:01:09     -873.353268        0.016594
BFGS:   19 03:01:09     -873.353301        0.016786
BFGS:   20 03:01:09     -873.353340        0.015008
BFGS:   21 03:01:09     -873.353386        0.015574
BFGS:   22 03:01:09     -873.353425        0.019494
BFGS:   23 03:01:09     -873.353458        0.020841
BFGS:   24 03:01:09     -873.353494        0.018250
BFGS:   25 03:01:09     -873.353550        0.020265
BFGS:   26 03:01:09     -873.353626        0.021878
BFGS:   27 03:01:09     -873.353707        0.020611
BFGS:   28 03:01:09     -873.353776        0.018085
BFGS:   29 03:01:09     -873.353836        0.021376
BFGS:   30 03:01:09     -873.353909        0.022432
BFGS:   31 03:01:09     -873.354004        0.027396
BFGS:   32 03:01:09     -873.354112        0.035327
BFGS:   33 03:01:09     -873.354203        0.029372
BFGS:   34 03:01:09     -873.354263        0.014526
BFGS:   35 03:01:09     -873.354303        0.013937
BFGS:   36 03:01:09     -873.354339        0.013759
BFGS:   37 03:01:09     -873.354385        0.020610
BFGS:   38 03:01:09     -873.354443        0.022040
BFGS:   39 03:01:09     -873.354505        0.016415
BFGS:   40 03:01:09     -873.354561        0.019477
BFGS:   41 03:01:09     -873.354624        0.019070
BFGS:   42 03:01:09     -873.354716        0.030949
BFGS:   43 03:01:09     -873.354863        0.042551
BFGS:   44 03:01:09     -873.355051        0.040428
BFGS:   45 03:01:09     -873.355209        0.025305
BFGS:   46 03:01:09     -873.355320        0.028150
BFGS:   47 03:01:09     -873.355422        0.030459
BFGS:   48 03:01:09     -873.355547        0.032496
BFGS:   49 03:01:09     -873.355681        0.029100
BFGS:   50 03:01:09     -873.355773        0.019668
BFGS:   51 03:01:09     -873.355818        0.024438
BFGS:   52 03:01:09     -873.355861        0.016719
BFGS:   53 03:01:09     -873.355914        0.017535
BFGS:   54 03:01:09     -873.355991        0.020764
BFGS:   55 03:01:09     -873.356045        0.018033
BFGS:   56 03:01:09     -873.356110        0.016842
BFGS:   57 03:01:09     -873.356190        0.021977
BFGS:   58 03:01:09     -873.356315        0.025079
BFGS:   59 03:01:09     -873.356457        0.029041
BFGS:   60 03:01:09     -873.356596        0.027165
BFGS:   61 03:01:09     -873.356733        0.029881
BFGS:   62 03:01:09     -873.356888        0.043430
BFGS:   63 03:01:09     -873.357052        0.045360
BFGS:   64 03:01:09     -873.357187        0.035175
BFGS:   65 03:01:09     -873.357277        0.018341
BFGS:   66 03:01:09     -873.357344        0.017898
BFGS:   67 03:01:09     -873.357419        0.034256
BFGS:   68 03:01:09     -873.357525        0.030414
BFGS:   69 03:01:09     -873.357695        0.033458
BFGS:   70 03:01:09     -873.358079        0.039541
BFGS:   71 03:01:09     -873.358346        0.038235
BFGS:   72 03:01:09     -873.358648        0.034628
BFGS:   73 03:01:09     -873.358870        0.035995
BFGS:   74 03:01:09     -873.359042        0.048362
BFGS:   75 03:01:09     -873.359241        0.049144
BFGS:   76 03:01:09     -873.359515        0.028607
BFGS:   77 03:01:09     -873.359763        0.039114
BFGS:   78 03:01:09     -873.360032        0.038535
BFGS:   79 03:01:09     -873.360216        0.033657
BFGS:   80 03:01:09     -873.360421        0.031445
BFGS:   81 03:01:09     -873.360602        0.029924
BFGS:   82 03:01:09     -873.360724        0.032208
BFGS:   83 03:01:09     -873.360818        0.027721
BFGS:   84 03:01:09     -873.360892        0.019417
BFGS:   85 03:01:09     -873.360981        0.012617
BFGS:   86 03:01:09     -873.361013        0.013125
BFGS:   87 03:01:09     -873.361047        0.011942
BFGS:   88 03:01:09     -873.361062        0.011312
BFGS:   89 03:01:09     -873.361079        0.010196
BFGS:   90 03:01:09     -873.361096        0.009729
BFGS:   91 03:01:09     -873.361115        0.010505
BFGS:   92 03:01:09     -873.361137        0.010095
BFGS:   93 03:01:09     -873.361165        0.010305
BFGS:   94 03:01:09     -873.361195        0.011957
BFGS:   95 03:01:09     -873.361228        0.012731
BFGS:   96 03:01:09     -873.361263        0.012177
BFGS:   97 03:01:09     -873.361301        0.014646
BFGS:   98 03:01:09     -873.361337        0.018373
BFGS:   99 03:01:09     -873.361360        0.016824
BFGS:  100 03:01:09     -873.361373        0.011895
BFGS:  101 03:01:09     -873.361384        0.009701
BFGS:  102 03:01:09     -873.361398        0.011150
BFGS:  103 03:01:09     -873.361420        0.010646
BFGS:  104 03:01:09     -873.361444        0.011009
BFGS:  105 03:01:09     -873.361463        0.008944
BFGS:  106 03:01:09     -873.361477        0.009357
BFGS:  107 03:01:09     -873.361493        0.011404
BFGS:  108 03:01:09     -873.361512        0.013442
BFGS:  109 03:01:09     -873.361537        0.013610
BFGS:  110 03:01:09     -873.361560        0.009735
BFGS:  111 03:01:09     -873.361573        0.014907
BFGS:  112 03:01:09     -873.361587        0.017806
BFGS:  113 03:01:09     -873.361607        0.020122
BFGS:  114 03:01:09     -873.361631        0.017936
BFGS:  115 03:01:09     -873.361651        0.014458
BFGS:  116 03:01:09     -873.361668        0.010391
BFGS:  117 03:01:09     -873.361691        0.012183
BFGS:  118 03:01:09     -873.361728        0.015753
BFGS:  119 03:01:09     -873.361773        0.019036
BFGS:  120 03:01:09     -873.361819        0.019954
BFGS:  121 03:01:09     -873.361872        0.014848
BFGS:  122 03:01:09     -873.361925        0.018624
BFGS:  123 03:01:09     -873.361992        0.023506
BFGS:  124 03:01:09     -873.362058        0.020253
BFGS:  125 03:01:09     -873.362119        0.016433
BFGS:  126 03:01:09     -873.362186        0.015763
BFGS:  127 03:01:09     -873.362257        0.021474
BFGS:  128 03:01:09     -873.362321        0.032676
BFGS:  129 03:01:09     -873.362332        0.057019
BFGS:  130 03:01:09     -873.362412        0.016250
BFGS:  131 03:01:09     -873.362433        0.014536
BFGS:  132 03:01:09     -873.362446        0.006873
