      Step     Time          Energy          fmax
BFGS:    0 10:47:53     -787.207693        0.683514
BFGS:    1 10:47:53     -787.214522        0.537332
BFGS:    2 10:47:53     -787.216585        0.209129
BFGS:    3 10:47:53     -787.217250        0.070952
BFGS:    4 10:47:53     -787.217555        0.073102
BFGS:    5 10:47:53     -787.218374        0.091817
BFGS:    6 10:47:53     -787.218913        0.109371
BFGS:    7 10:47:53     -787.219816        0.066701
BFGS:    8 10:47:53     -787.220543        0.086247
BFGS:    9 10:47:53     -787.221277        0.100035
BFGS:   10 10:47:53     -787.222008        0.108128
BFGS:   11 10:47:53     -787.222925        0.107618
BFGS:   12 10:47:53     -787.223716        0.097193
BFGS:   13 10:47:53     -787.224805        0.109471
BFGS:   14 10:47:53     -787.226026        0.121086
BFGS:   15 10:47:53     -787.227219        0.093030
BFGS:   16 10:47:53     -787.228136        0.059676
BFGS:   17 10:47:53     -787.228836        0.057453
BFGS:   18 10:47:53     -787.229409        0.074419
BFGS:   19 10:47:53     -787.229910        0.084356
BFGS:   20 10:47:53     -787.230401        0.078781
BFGS:   21 10:47:53     -787.230966        0.079065
BFGS:   22 10:47:53     -787.231588        0.085805
BFGS:   23 10:47:53     -787.232074        0.055892
BFGS:   24 10:47:53     -787.232305        0.028463
BFGS:   25 10:47:53     -787.232409        0.025851
BFGS:   26 10:47:53     -787.232523        0.030456
BFGS:   27 10:47:53     -787.232709        0.035731
BFGS:   28 10:47:53     -787.232975        0.046537
BFGS:   29 10:47:53     -787.233276        0.056666
BFGS:   30 10:47:53     -787.233571        0.060138
BFGS:   31 10:47:53     -787.233934        0.062062
BFGS:   32 10:47:53     -787.234553        0.070194
BFGS:   33 10:47:53     -787.235664        0.089739
BFGS:   34 10:47:53     -787.237300        0.100307
BFGS:   35 10:47:53     -787.238962        0.096521
BFGS:   36 10:47:53     -787.240132        0.077275
BFGS:   37 10:47:53     -787.240864        0.065701
BFGS:   38 10:47:53     -787.241399        0.137010
BFGS:   39 10:47:53     -787.241999        0.106523
BFGS:   40 10:47:53     -787.242667        0.091165
BFGS:   41 10:47:53     -787.243627        0.058646
BFGS:   42 10:47:53     -787.244065        0.063730
BFGS:   43 10:47:53     -787.244961        0.078224
BFGS:   44 10:47:53     -787.245798        0.108767
BFGS:   45 10:47:53     -787.246728        0.098402
BFGS:   46 10:47:53     -787.247484        0.088105
BFGS:   47 10:47:53     -787.247860        0.092918
BFGS:   48 10:47:53     -787.248409        0.064292
BFGS:   49 10:47:53     -787.248835        0.059383
BFGS:   50 10:47:53     -787.249861        0.068319
BFGS:   51 10:47:53     -787.251206        0.080861
BFGS:   52 10:47:53     -787.254181        0.134677
BFGS:   53 10:47:53     -787.257792        0.224088
BFGS:   54 10:47:53     -787.262786        0.201982
BFGS:   55 10:47:53     -787.275559        0.297370
BFGS:   56 10:47:53     -787.288829        0.396312
BFGS:   57 10:47:53     -787.288871        0.554573
BFGS:   58 10:47:53     -787.302687        0.346462
BFGS:   59 10:47:53     -787.309647        0.591198
BFGS:   60 10:47:53     -787.321137        0.220075
BFGS:   61 10:47:53     -787.329391        0.220546
BFGS:   62 10:47:53     -787.335827        0.217378
BFGS:   63 10:47:53     -787.338884        0.276727
BFGS:   64 10:47:53     -787.342296        0.180327
BFGS:   65 10:47:53     -787.344377        0.183083
BFGS:   66 10:47:53     -787.346910        0.102253
BFGS:   67 10:47:53     -787.348124        0.099051
BFGS:   68 10:47:53     -787.349012        0.115269
BFGS:   69 10:47:53     -787.350589        0.099144
BFGS:   70 10:47:53     -787.353964        0.129735
BFGS:   71 10:47:53     -787.356442        0.118971
BFGS:   72 10:47:53     -787.358634        0.135048
BFGS:   73 10:47:53     -787.360781        0.132834
BFGS:   74 10:47:53     -787.362775        0.096821
BFGS:   75 10:47:53     -787.364493        0.104382
BFGS:   76 10:47:53     -787.365731        0.094871
BFGS:   77 10:47:53     -787.366989        0.096731
BFGS:   78 10:47:53     -787.368505        0.098684
BFGS:   79 10:47:53     -787.370682        0.109298
BFGS:   80 10:47:53     -787.373171        0.140244
BFGS:   81 10:47:53     -787.375351        0.127833
BFGS:   82 10:47:53     -787.376501        0.068423
BFGS:   83 10:47:53     -787.377124        0.064068
BFGS:   84 10:47:54     -787.377451        0.035747
BFGS:   85 10:47:54     -787.377696        0.042001
BFGS:   86 10:47:54     -787.377901        0.040119
BFGS:   87 10:47:54     -787.378074        0.027123
BFGS:   88 10:47:54     -787.378191        0.025450
BFGS:   89 10:47:54     -787.378276        0.021377
