      Step     Time          Energy          fmax
BFGS:    0 10:50:13     -787.378276        0.021142
BFGS:    1 10:50:13     -787.378308        0.015273
BFGS:    2 10:50:13     -787.378374        0.024633
BFGS:    3 10:50:13     -787.378423        0.037731
BFGS:    4 10:50:13     -787.378487        0.031383
BFGS:    5 10:50:13     -787.378561        0.025394
BFGS:    6 10:50:13     -787.378606        0.021620
BFGS:    7 10:50:13     -787.378641        0.029522
BFGS:    8 10:50:13     -787.378675        0.024012
BFGS:    9 10:50:13     -787.378720        0.029589
BFGS:   10 10:50:13     -787.378774        0.024775
BFGS:   11 10:50:13     -787.378816        0.016376
BFGS:   12 10:50:13     -787.378860        0.017108
BFGS:   13 10:50:13     -787.378910        0.018339
BFGS:   14 10:50:13     -787.378996        0.028856
BFGS:   15 10:50:13     -787.379146        0.043445
BFGS:   16 10:50:13     -787.379380        0.051685
BFGS:   17 10:50:13     -787.379672        0.044105
BFGS:   18 10:50:13     -787.380000        0.050163
BFGS:   19 10:50:13     -787.380403        0.055350
BFGS:   20 10:50:13     -787.380963        0.073823
BFGS:   21 10:50:13     -787.381714        0.083412
BFGS:   22 10:50:13     -787.382277        0.051877
BFGS:   23 10:50:13     -787.382257        0.162829
BFGS:   24 10:50:13     -787.382624        0.059522
BFGS:   25 10:50:13     -787.382733        0.026851
BFGS:   26 10:50:13     -787.382865        0.024767
BFGS:   27 10:50:13     -787.383035        0.055747
BFGS:   28 10:50:13     -787.383156        0.046616
BFGS:   29 10:50:13     -787.383298        0.027053
BFGS:   30 10:50:13     -787.383445        0.022128
BFGS:   31 10:50:13     -787.383608        0.029671
BFGS:   32 10:50:13     -787.383724        0.036357
BFGS:   33 10:50:13     -787.383802        0.025423
BFGS:   34 10:50:13     -787.383854        0.015523
BFGS:   35 10:50:13     -787.383905        0.030341
BFGS:   36 10:50:13     -787.383975        0.022189
BFGS:   37 10:50:13     -787.384075        0.036972
BFGS:   38 10:50:13     -787.384217        0.029524
BFGS:   39 10:50:13     -787.384368        0.033913
BFGS:   40 10:50:13     -787.384540        0.034433
BFGS:   41 10:50:13     -787.384765        0.042089
BFGS:   42 10:50:13     -787.385012        0.062927
BFGS:   43 10:50:13     -787.385148        0.033309
BFGS:   44 10:50:13     -787.385260        0.045197
BFGS:   45 10:50:13     -787.385331        0.016792
BFGS:   46 10:50:13     -787.385372        0.015779
BFGS:   47 10:50:13     -787.385426        0.031380
BFGS:   48 10:50:13     -787.385511        0.040943
BFGS:   49 10:50:13     -787.385603        0.033391
BFGS:   50 10:50:13     -787.385685        0.023910
BFGS:   51 10:50:13     -787.385748        0.018858
BFGS:   52 10:50:13     -787.385813        0.020394
BFGS:   53 10:50:13     -787.385905        0.024473
BFGS:   54 10:50:13     -787.386031        0.026449
BFGS:   55 10:50:13     -787.386164        0.022687
BFGS:   56 10:50:13     -787.386260        0.023359
BFGS:   57 10:50:13     -787.386313        0.025678
BFGS:   58 10:50:13     -787.386346        0.021208
BFGS:   59 10:50:13     -787.386376        0.014747
BFGS:   60 10:50:13     -787.386408        0.013365
BFGS:   61 10:50:13     -787.386441        0.010702
BFGS:   62 10:50:13     -787.386470        0.014322
BFGS:   63 10:50:13     -787.386491        0.011840
BFGS:   64 10:50:13     -787.386506        0.020788
BFGS:   65 10:50:13     -787.386520        0.013713
BFGS:   66 10:50:13     -787.386534        0.008473
BFGS:   67 10:50:13     -787.386541        0.005403
