      Step     Time          Energy          fmax
BFGS:    0 02:54:58     -873.218051        0.726037
BFGS:    1 02:54:58     -873.225916        0.535966
BFGS:    2 02:54:58     -873.228274        0.199283
BFGS:    3 02:54:58     -873.229013        0.079060
BFGS:    4 02:54:58     -873.229399        0.091190
BFGS:    5 02:54:58     -873.230211        0.091613
BFGS:    6 02:54:58     -873.230582        0.130249
BFGS:    7 02:54:58     -873.231122        0.078435
BFGS:    8 02:54:58     -873.231856        0.081639
BFGS:    9 02:54:58     -873.232564        0.097246
BFGS:   10 02:54:58     -873.233404        0.083974
BFGS:   11 02:54:58     -873.234327        0.074075
BFGS:   12 02:54:58     -873.235260        0.077704
BFGS:   13 02:54:58     -873.236214        0.078720
BFGS:   14 02:54:58     -873.237244        0.086181
BFGS:   15 02:54:58     -873.238297        0.094731
BFGS:   16 02:54:58     -873.239268        0.086399
BFGS:   17 02:54:58     -873.240065        0.067256
BFGS:   18 02:54:58     -873.240666        0.052842
BFGS:   19 02:54:58     -873.241096        0.044898
BFGS:   20 02:54:58     -873.241430        0.058315
BFGS:   21 02:54:58     -873.241743        0.065276
BFGS:   22 02:54:58     -873.242040        0.057744
BFGS:   23 02:54:58     -873.242284        0.036746
BFGS:   24 02:54:58     -873.242479        0.037317
BFGS:   25 02:54:58     -873.242665        0.035304
BFGS:   26 02:54:58     -873.242856        0.032067
BFGS:   27 02:54:58     -873.243029        0.037388
BFGS:   28 02:54:58     -873.243176        0.037918
BFGS:   29 02:54:58     -873.243331        0.036138
BFGS:   30 02:54:59     -873.243544        0.046423
BFGS:   31 02:54:59     -873.243853        0.043127
BFGS:   32 02:54:59     -873.244199        0.042790
BFGS:   33 02:54:59     -873.244600        0.055324
BFGS:   34 02:54:59     -873.245140        0.070647
BFGS:   35 02:54:59     -873.245904        0.082854
BFGS:   36 02:54:59     -873.246816        0.073309
BFGS:   37 02:54:59     -873.247636        0.085849
BFGS:   38 02:54:59     -873.248324        0.092316
BFGS:   39 02:54:59     -873.249082        0.096092
BFGS:   40 02:54:59     -873.250149        0.103103
BFGS:   41 02:54:59     -873.252266        0.150020
BFGS:   42 02:54:59     -873.254677        0.134596
BFGS:   43 02:54:59     -873.256965        0.132897
BFGS:   44 02:54:59     -873.259461        0.158496
BFGS:   45 02:54:59     -873.258627        0.530842
BFGS:   46 02:54:59     -873.263101        0.119479
BFGS:   47 02:54:59     -873.264993        0.119090
BFGS:   48 02:54:59     -873.272319        0.347422
BFGS:   49 02:54:59     -873.278260        0.418308
BFGS:   50 02:54:59     -873.286748        0.349720
BFGS:   51 02:54:59     -873.291837        0.603287
BFGS:   52 02:54:59     -873.299187        0.251924
BFGS:   53 02:54:59     -873.309916        0.169940
BFGS:   54 02:54:59     -873.315858        0.381554
BFGS:   55 02:54:59     -873.318581        0.449981
BFGS:   56 02:54:59     -873.324855        0.227048
BFGS:   57 02:54:59     -873.327348        0.161771
BFGS:   58 02:54:59     -873.328828        0.313557
BFGS:   59 02:54:59     -873.330826        0.140993
BFGS:   60 02:54:59     -873.332154        0.113231
BFGS:   61 02:54:59     -873.333994        0.146485
BFGS:   62 02:54:59     -873.335788        0.118833
BFGS:   63 02:54:59     -873.337330        0.090060
BFGS:   64 02:54:59     -873.338688        0.119360
BFGS:   65 02:54:59     -873.339939        0.143814
BFGS:   66 02:54:59     -873.341196        0.105609
BFGS:   67 02:54:59     -873.342529        0.095155
BFGS:   68 02:54:59     -873.343668        0.095555
BFGS:   69 02:54:59     -873.344392        0.056723
BFGS:   70 02:54:59     -873.344826        0.081744
BFGS:   71 02:54:59     -873.345163        0.093307
BFGS:   72 02:54:59     -873.345520        0.096178
BFGS:   73 02:54:59     -873.345929        0.085031
BFGS:   74 02:54:59     -873.346336        0.066818
BFGS:   75 02:54:59     -873.346699        0.046785
BFGS:   76 02:54:59     -873.347055        0.048589
BFGS:   77 02:54:59     -873.347484        0.089176
BFGS:   78 02:54:59     -873.348019        0.113758
BFGS:   79 02:54:59     -873.348549        0.104534
BFGS:   80 02:54:59     -873.348944        0.061107
BFGS:   81 02:54:59     -873.349175        0.036427
BFGS:   82 02:54:59     -873.349317        0.042539
BFGS:   83 02:54:59     -873.349429        0.033795
BFGS:   84 02:54:59     -873.349543        0.032952
BFGS:   85 02:54:59     -873.349681        0.041958
BFGS:   86 02:54:59     -873.349869        0.049487
BFGS:   87 02:54:59     -873.350117        0.058916
BFGS:   88 02:54:59     -873.350432        0.056478
BFGS:   89 02:54:59     -873.350798        0.046454
BFGS:   90 02:54:59     -873.351158        0.040202
BFGS:   91 02:54:59     -873.351436        0.046549
BFGS:   92 02:54:59     -873.351630        0.040570
BFGS:   93 02:54:59     -873.351783        0.033521
BFGS:   94 02:54:59     -873.351911        0.025585
BFGS:   95 02:54:59     -873.351997        0.023125
