      Step     Time          Energy          fmax
BFGS:    0 10:47:52     -787.238371        0.732531
BFGS:    1 10:47:52     -787.246390        0.553747
BFGS:    2 10:47:52     -787.249148        0.196708
BFGS:    3 10:47:52     -787.249914        0.073358
BFGS:    4 10:47:52     -787.250339        0.082075
BFGS:    5 10:47:52     -787.251577        0.098958
BFGS:    6 10:47:52     -787.252068        0.094794
BFGS:    7 10:47:52     -787.252799        0.059315
BFGS:    8 10:47:52     -787.253336        0.074501
BFGS:    9 10:47:52     -787.253850        0.101968
BFGS:   10 10:47:52     -787.254301        0.068513
BFGS:   11 10:47:52     -787.254782        0.059039
BFGS:   12 10:47:52     -787.255392        0.079714
BFGS:   13 10:47:52     -787.255997        0.082059
BFGS:   14 10:47:52     -787.256857        0.087980
BFGS:   15 10:47:52     -787.257798        0.080203
BFGS:   16 10:47:52     -787.258812        0.088734
BFGS:   17 10:47:52     -787.259800        0.083471
BFGS:   18 10:47:52     -787.260799        0.086027
BFGS:   19 10:47:52     -787.261883        0.090459
BFGS:   20 10:47:52     -787.263182        0.134041
BFGS:   21 10:47:52     -787.264736        0.166481
BFGS:   22 10:47:52     -787.266281        0.147898
BFGS:   23 10:47:52     -787.267405        0.081882
BFGS:   24 10:47:52     -787.268042        0.055795
BFGS:   25 10:47:52     -787.268490        0.056839
BFGS:   26 10:47:52     -787.269011        0.066454
BFGS:   27 10:47:52     -787.269583        0.075010
BFGS:   28 10:47:52     -787.270088        0.054619
BFGS:   29 10:47:52     -787.270546        0.065537
BFGS:   30 10:47:52     -787.271187        0.098622
BFGS:   31 10:47:52     -787.272494        0.152934
BFGS:   32 10:47:52     -787.276857        0.299067
BFGS:   33 10:47:52     -787.281994        0.407188
BFGS:   34 10:47:52     -787.290186        0.478526
BFGS:   35 10:47:52     -787.300652        0.398072
BFGS:   36 10:47:52     -787.311384        0.594527
BFGS:   37 10:47:52     -787.298410        1.093815
BFGS:   38 10:47:52     -787.328354        0.434353
BFGS:   39 10:47:52     -787.336050        0.296333
BFGS:   40 10:47:52     -787.346969        0.213267
BFGS:   41 10:47:52     -787.362847        0.408854
BFGS:   42 10:47:52     -787.379196        0.536010
BFGS:   43 10:47:52     -787.401764        0.619884
BFGS:   44 10:47:52     -787.413541        0.432073
BFGS:   45 10:47:52     -787.430162        0.480521
BFGS:   46 10:47:52     -787.440814        0.311669
BFGS:   47 10:47:52     -787.453570        0.293062
BFGS:   48 10:47:52     -787.466684        0.305763
BFGS:   49 10:47:52     -787.473056        0.326072
BFGS:   50 10:47:52     -787.478505        0.318862
BFGS:   51 10:47:52     -787.490132        0.285143
BFGS:   52 10:47:52     -787.509224        0.456201
BFGS:   53 10:47:52     -787.538785        0.576679
BFGS:   54 10:47:52     -787.562286        0.440104
BFGS:   55 10:47:52     -787.586894        0.343755
BFGS:   56 10:47:52     -787.602126        0.359000
BFGS:   57 10:47:52     -787.612559        0.709074
BFGS:   58 10:47:52     -787.628202        0.353440
BFGS:   59 10:47:52     -787.637229        0.190432
BFGS:   60 10:47:52     -787.642122        0.182681
BFGS:   61 10:47:52     -787.645300        0.117409
BFGS:   62 10:47:52     -787.649755        0.149690
BFGS:   63 10:47:52     -787.652360        0.147927
BFGS:   64 10:47:52     -787.655456        0.132249
BFGS:   65 10:47:52     -787.657354        0.105300
BFGS:   66 10:47:52     -787.658730        0.073565
BFGS:   67 10:47:52     -787.659580        0.082387
BFGS:   68 10:47:52     -787.660202        0.061429
BFGS:   69 10:47:52     -787.660581        0.045308
BFGS:   70 10:47:52     -787.660808        0.031804
BFGS:   71 10:47:52     -787.660970        0.036301
BFGS:   72 10:47:52     -787.661136        0.040018
BFGS:   73 10:47:52     -787.661338        0.059648
BFGS:   74 10:47:52     -787.661588        0.072153
BFGS:   75 10:47:52     -787.661886        0.069605
BFGS:   76 10:47:52     -787.662245        0.051979
BFGS:   77 10:47:52     -787.662684        0.070259
BFGS:   78 10:47:52     -787.663213        0.083247
BFGS:   79 10:47:52     -787.663812        0.087758
BFGS:   80 10:47:52     -787.664421        0.101307
BFGS:   81 10:47:52     -787.664981        0.086613
BFGS:   82 10:47:52     -787.665447        0.122605
BFGS:   83 10:47:52     -787.665828        0.115417
BFGS:   84 10:47:52     -787.666118        0.080352
BFGS:   85 10:47:52     -787.666317        0.031549
BFGS:   86 10:47:52     -787.666447        0.039202
BFGS:   87 10:47:53     -787.666562        0.060374
BFGS:   88 10:47:53     -787.666714        0.065552
BFGS:   89 10:47:53     -787.666927        0.058014
BFGS:   90 10:47:53     -787.667181        0.047038
BFGS:   91 10:47:53     -787.667517        0.043754
BFGS:   92 10:47:53     -787.667901        0.054848
BFGS:   93 10:47:53     -787.668338        0.066657
BFGS:   94 10:47:53     -787.668821        0.062085
BFGS:   95 10:47:53     -787.669320        0.052482
BFGS:   96 10:47:53     -787.669791        0.061314
BFGS:   97 10:47:53     -787.670280        0.061048
BFGS:   98 10:47:53     -787.670838        0.075502
BFGS:   99 10:47:53     -787.671487        0.069152
BFGS:  100 10:47:53     -787.672160        0.070564
