      Step     Time          Energy          fmax
BFGS:    0 10:50:13     -787.234202        0.021669
BFGS:    1 10:50:13     -787.234244        0.020330
BFGS:    2 10:50:13     -787.234395        0.039899
BFGS:    3 10:50:13     -787.234437        0.035166
BFGS:    4 10:50:13     -787.234516        0.051681
BFGS:    5 10:50:13     -787.234647        0.061022
BFGS:    6 10:50:13     -787.234763        0.055807
BFGS:    7 10:50:13     -787.234965        0.060808
BFGS:    8 10:50:13     -787.235408        0.116541
BFGS:    9 10:50:13     -787.236271        0.196333
BFGS:   10 10:50:13     -787.237266        0.205489
BFGS:   11 10:50:13     -787.238268        0.133617
BFGS:   12 10:50:13     -787.239282        0.095214
BFGS:   13 10:50:13     -787.240482        0.157638
BFGS:   14 10:50:13     -787.241824        0.237142
BFGS:   15 10:50:13     -787.243208        0.224322
BFGS:   16 10:50:13     -787.244682        0.135191
BFGS:   17 10:50:13     -787.246609        0.116633
BFGS:   18 10:50:13     -787.249720        0.205010
BFGS:   19 10:50:13     -787.254418        0.382292
BFGS:   20 10:50:13     -787.254623        0.504119
BFGS:   21 10:50:13     -787.263901        0.308714
BFGS:   22 10:50:13     -787.270094        0.433676
BFGS:   23 10:50:13     -787.281665        0.463091
BFGS:   24 10:50:13     -787.284186        1.002137
BFGS:   25 10:50:13     -787.299057        0.714724
BFGS:   26 10:50:13     -787.309890        0.530658
BFGS:   27 10:50:13     -787.318753        0.393265
BFGS:   28 10:50:13     -787.322227        0.336390
BFGS:   29 10:50:13     -787.325134        0.358756
BFGS:   30 10:50:13     -787.328141        0.180018
BFGS:   31 10:50:13     -787.332040        0.142814
BFGS:   32 10:50:13     -787.337514        0.220710
BFGS:   33 10:50:13     -787.344291        0.325934
BFGS:   34 10:50:13     -787.351221        0.314431
BFGS:   35 10:50:13     -787.358527        0.182666
BFGS:   36 10:50:13     -787.362889        0.190604
BFGS:   37 10:50:13     -787.365899        0.265840
BFGS:   38 10:50:13     -787.369534        0.169851
BFGS:   39 10:50:13     -787.375007        0.194540
BFGS:   40 10:50:13     -787.378755        0.208794
BFGS:   41 10:50:13     -787.382623        0.113656
BFGS:   42 10:50:13     -787.385707        0.143115
BFGS:   43 10:50:13     -787.390152        0.267077
BFGS:   44 10:50:13     -787.396655        0.352794
BFGS:   45 10:50:13     -787.405685        0.543574
BFGS:   46 10:50:13     -787.414229        0.339180
BFGS:   47 10:50:13     -787.423287        0.216135
BFGS:   48 10:50:13     -787.430584        0.212049
BFGS:   49 10:50:13     -787.439813        0.226931
BFGS:   50 10:50:13     -787.449271        0.243408
BFGS:   51 10:50:13     -787.458656        0.225272
BFGS:   52 10:50:13     -787.465577        0.259700
BFGS:   53 10:50:13     -787.472544        0.240258
BFGS:   54 10:50:13     -787.480544        0.266705
BFGS:   55 10:50:13     -787.488728        0.296923
BFGS:   56 10:50:13     -787.496387        0.264925
BFGS:   57 10:50:13     -787.502017        0.231581
BFGS:   58 10:50:13     -787.506778        0.194805
BFGS:   59 10:50:13     -787.509619        0.180565
BFGS:   60 10:50:13     -787.512985        0.134609
BFGS:   61 10:50:13     -787.514759        0.109466
BFGS:   62 10:50:13     -787.516139        0.125546
BFGS:   63 10:50:13     -787.517472        0.132131
BFGS:   64 10:50:13     -787.519262        0.129153
BFGS:   65 10:50:13     -787.521342        0.118717
BFGS:   66 10:50:13     -787.523521        0.138728
BFGS:   67 10:50:13     -787.525646        0.124756
BFGS:   68 10:50:13     -787.528026        0.113855
BFGS:   69 10:50:13     -787.531151        0.181314
BFGS:   70 10:50:14     -787.535468        0.237709
BFGS:   71 10:50:14     -787.541065        0.225921
BFGS:   72 10:50:14     -787.547279        0.193790
BFGS:   73 10:50:14     -787.553662        0.210628
BFGS:   74 10:50:14     -787.559445        0.292368
BFGS:   75 10:50:14     -787.565302        0.212049
BFGS:   76 10:50:14     -787.571311        0.269269
BFGS:   77 10:50:14     -787.579130        0.236350
BFGS:   78 10:50:14     -787.585347        0.438301
BFGS:   79 10:50:14     -787.592251        0.281071
BFGS:   80 10:50:14     -787.596144        0.227369
BFGS:   81 10:50:14     -787.598254        0.141025
BFGS:   82 10:50:14     -787.599405        0.113642
BFGS:   83 10:50:14     -787.601376        0.097699
BFGS:   84 10:50:14     -787.602965        0.096296
BFGS:   85 10:50:14     -787.605164        0.099944
BFGS:   86 10:50:14     -787.607446        0.081541
BFGS:   87 10:50:14     -787.609988        0.126203
BFGS:   88 10:50:14     -787.613658        0.240506
BFGS:   89 10:50:14     -787.618269        0.270253
BFGS:   90 10:50:14     -787.626035        0.278087
BFGS:   91 10:50:14     -787.633394        0.270401
BFGS:   92 10:50:14     -787.638326        0.220384
BFGS:   93 10:50:14     -787.641937        0.173235
BFGS:   94 10:50:14     -787.644603        0.132479
BFGS:   95 10:50:14     -787.648442        0.130926
BFGS:   96 10:50:14     -787.651557        0.195666
BFGS:   97 10:50:14     -787.653773        0.166876
BFGS:   98 10:50:14     -787.656086        0.182212
BFGS:   99 10:50:14     -787.658225        0.156390
BFGS:  100 10:50:14     -787.660463        0.155178
BFGS:  101 10:50:14     -787.662486        0.141734
BFGS:  102 10:50:14     -787.664310        0.094595
BFGS:  103 10:50:14     -787.665392        0.069723
BFGS:  104 10:50:14     -787.666505        0.117776
BFGS:  105 10:50:14     -787.667891        0.130393
BFGS:  106 10:50:14     -787.670134        0.077992
BFGS:  107 10:50:14     -787.670790        0.061888
BFGS:  108 10:50:14     -787.671213        0.056760
BFGS:  109 10:50:14     -787.671648        0.059363
BFGS:  110 10:50:14     -787.672264        0.071978
BFGS:  111 10:50:14     -787.672910        0.091728
BFGS:  112 10:50:14     -787.673512        0.090551
BFGS:  113 10:50:14     -787.673941        0.080347
BFGS:  114 10:50:14     -787.674142        0.052310
BFGS:  115 10:50:14     -787.674343        0.026295
BFGS:  116 10:50:14     -787.674497        0.026936
BFGS:  117 10:50:14     -787.674645        0.033072
BFGS:  118 10:50:14     -787.674765        0.031602
BFGS:  119 10:50:14     -787.674864        0.020719
BFGS:  120 10:50:14     -787.674940        0.026544
BFGS:  121 10:50:14     -787.675001        0.024839
BFGS:  122 10:50:14     -787.675050        0.021710
BFGS:  123 10:50:14     -787.675089        0.024200
BFGS:  124 10:50:14     -787.675117        0.018533
BFGS:  125 10:50:14     -787.675130        0.009175
BFGS:  126 10:50:14     -787.675136        0.006816
