      Step     Time          Energy          fmax
BFGS:    0 10:50:12     -787.672160        0.070748
BFGS:    1 10:50:12     -787.672442        0.067203
BFGS:    2 10:50:12     -787.672788        0.043030
BFGS:    3 10:50:12     -787.672905        0.039201
BFGS:    4 10:50:12     -787.673174        0.044070
BFGS:    5 10:50:12     -787.673325        0.042190
BFGS:    6 10:50:12     -787.673460        0.027447
BFGS:    7 10:50:12     -787.673550        0.024679
BFGS:    8 10:50:12     -787.673629        0.030211
BFGS:    9 10:50:12     -787.673711        0.036664
BFGS:   10 10:50:12     -787.673816        0.031938
BFGS:   11 10:50:12     -787.673900        0.021461
BFGS:   12 10:50:12     -787.673960        0.022559
BFGS:   13 10:50:12     -787.674021        0.025367
BFGS:   14 10:50:12     -787.674112        0.030225
BFGS:   15 10:50:12     -787.674232        0.033111
BFGS:   16 10:50:12     -787.674348        0.028610
BFGS:   17 10:50:12     -787.674432        0.026941
BFGS:   18 10:50:12     -787.674503        0.028164
BFGS:   19 10:50:12     -787.674582        0.022022
BFGS:   20 10:50:12     -787.674654        0.016058
BFGS:   21 10:50:12     -787.674699        0.014633
BFGS:   22 10:50:12     -787.674725        0.012283
BFGS:   23 10:50:12     -787.674751        0.013562
BFGS:   24 10:50:12     -787.674784        0.014775
BFGS:   25 10:50:12     -787.674819        0.014559
BFGS:   26 10:50:12     -787.674850        0.014141
BFGS:   27 10:50:12     -787.674886        0.018686
BFGS:   28 10:50:12     -787.674942        0.022129
BFGS:   29 10:50:12     -787.675024        0.022439
BFGS:   30 10:50:12     -787.675105        0.020458
BFGS:   31 10:50:12     -787.675156        0.015132
BFGS:   32 10:50:12     -787.675187        0.014289
BFGS:   33 10:50:12     -787.675220        0.017035
BFGS:   34 10:50:12     -787.675264        0.018841
BFGS:   35 10:50:12     -787.675311        0.016426
BFGS:   36 10:50:12     -787.675349        0.012129
BFGS:   37 10:50:12     -787.675376        0.012178
BFGS:   38 10:50:12     -787.675402        0.012275
BFGS:   39 10:50:12     -787.675437        0.016372
BFGS:   40 10:50:12     -787.675479        0.019475
BFGS:   41 10:50:12     -787.675526        0.021387
BFGS:   42 10:50:12     -787.675569        0.017575
BFGS:   43 10:50:12     -787.675605        0.012899
BFGS:   44 10:50:12     -787.675634        0.013692
BFGS:   45 10:50:12     -787.675669        0.017603
BFGS:   46 10:50:12     -787.675724        0.021888
BFGS:   47 10:50:12     -787.675812        0.026673
BFGS:   48 10:50:12     -787.675927        0.023701
BFGS:   49 10:50:12     -787.676018        0.016963
BFGS:   50 10:50:12     -787.676077        0.017116
BFGS:   51 10:50:12     -787.676125        0.018759
BFGS:   52 10:50:12     -787.676178        0.017735
BFGS:   53 10:50:12     -787.676223        0.013469
BFGS:   54 10:50:12     -787.676247        0.008446
BFGS:   55 10:50:12     -787.676258        0.009222
BFGS:   56 10:50:12     -787.676268        0.010737
BFGS:   57 10:50:12     -787.676282        0.010676
BFGS:   58 10:50:12     -787.676300        0.009346
BFGS:   59 10:50:12     -787.676318        0.008203
BFGS:   60 10:50:12     -787.676333        0.009513
BFGS:   61 10:50:12     -787.676348        0.010073
BFGS:   62 10:50:12     -787.676365        0.009290
BFGS:   63 10:50:12     -787.676383        0.010987
BFGS:   64 10:50:12     -787.676401        0.011242
BFGS:   65 10:50:12     -787.676415        0.009615
BFGS:   66 10:50:12     -787.676427        0.008545
BFGS:   67 10:50:12     -787.676436        0.008755
BFGS:   68 10:50:12     -787.676444        0.008696
BFGS:   69 10:50:12     -787.676455        0.009600
BFGS:   70 10:50:12     -787.676468        0.010074
BFGS:   71 10:50:12     -787.676480        0.006552
