      Step     Time          Energy          fmax
BFGS:    0 03:01:08     -873.369943        0.043138
BFGS:    1 03:01:08     -873.370061        0.035921
BFGS:    2 03:01:08     -873.370200        0.032206
BFGS:    3 03:01:08     -873.370351        0.032718
BFGS:    4 03:01:08     -873.370574        0.035064
BFGS:    5 03:01:08     -873.370748        0.040944
BFGS:    6 03:01:08     -873.370902        0.036743
BFGS:    7 03:01:08     -873.371048        0.035670
BFGS:    8 03:01:08     -873.371239        0.031199
BFGS:    9 03:01:08     -873.371461        0.032603
BFGS:   10 03:01:08     -873.371657        0.037601
BFGS:   11 03:01:08     -873.371844        0.028429
BFGS:   12 03:01:08     -873.372031        0.030455
BFGS:   13 03:01:08     -873.372242        0.034510
BFGS:   14 03:01:08     -873.372472        0.037678
BFGS:   15 03:01:08     -873.372722        0.036277
BFGS:   16 03:01:08     -873.372985        0.037877
BFGS:   17 03:01:08     -873.373232        0.038426
BFGS:   18 03:01:08     -873.373422        0.032312
BFGS:   19 03:01:08     -873.373558        0.030827
BFGS:   20 03:01:08     -873.373674        0.023678
BFGS:   21 03:01:08     -873.373792        0.025848
BFGS:   22 03:01:08     -873.373901        0.026601
BFGS:   23 03:01:08     -873.373991        0.023569
BFGS:   24 03:01:08     -873.374074        0.020072
BFGS:   25 03:01:08     -873.374173        0.022045
BFGS:   26 03:01:08     -873.374299        0.027796
BFGS:   27 03:01:08     -873.374452        0.032140
BFGS:   28 03:01:08     -873.374649        0.035470
BFGS:   29 03:01:08     -873.374938        0.046492
BFGS:   30 03:01:08     -873.375383        0.062530
BFGS:   31 03:01:08     -873.375933        0.064469
BFGS:   32 03:01:08     -873.376414        0.050382
BFGS:   33 03:01:08     -873.376757        0.041607
BFGS:   34 03:01:08     -873.377009        0.039096
BFGS:   35 03:01:08     -873.377273        0.040231
BFGS:   36 03:01:08     -873.377524        0.037020
BFGS:   37 03:01:08     -873.377694        0.036529
BFGS:   38 03:01:08     -873.377807        0.027289
BFGS:   39 03:01:08     -873.377926        0.038656
BFGS:   40 03:01:08     -873.378094        0.032098
BFGS:   41 03:01:08     -873.378415        0.032633
BFGS:   42 03:01:08     -873.378598        0.040293
BFGS:   43 03:01:08     -873.378846        0.041793
BFGS:   44 03:01:08     -873.379178        0.047177
BFGS:   45 03:01:08     -873.379631        0.050208
BFGS:   46 03:01:08     -873.380082        0.053364
BFGS:   47 03:01:08     -873.380419        0.118129
BFGS:   48 03:01:08     -873.380761        0.052298
BFGS:   49 03:01:08     -873.381118        0.042090
BFGS:   50 03:01:08     -873.381825        0.047806
BFGS:   51 03:01:08     -873.382019        0.042520
BFGS:   52 03:01:08     -873.382275        0.032144
BFGS:   53 03:01:08     -873.382410        0.024644
BFGS:   54 03:01:08     -873.382571        0.033215
BFGS:   55 03:01:08     -873.382706        0.039568
BFGS:   56 03:01:08     -873.382828        0.045431
BFGS:   57 03:01:08     -873.382940        0.021240
BFGS:   58 03:01:08     -873.383039        0.020607
BFGS:   59 03:01:08     -873.383140        0.028395
BFGS:   60 03:01:08     -873.383251        0.034687
BFGS:   61 03:01:08     -873.383377        0.032946
BFGS:   62 03:01:08     -873.383464        0.022438
BFGS:   63 03:01:08     -873.383508        0.019004
BFGS:   64 03:01:08     -873.383534        0.013280
BFGS:   65 03:01:08     -873.383561        0.014459
BFGS:   66 03:01:08     -873.383594        0.014793
BFGS:   67 03:01:08     -873.383645        0.015204
BFGS:   68 03:01:08     -873.383702        0.017884
BFGS:   69 03:01:08     -873.383765        0.023592
BFGS:   70 03:01:08     -873.383834        0.024178
BFGS:   71 03:01:08     -873.383917        0.020872
BFGS:   72 03:01:08     -873.384003        0.018464
BFGS:   73 03:01:08     -873.384079        0.020796
BFGS:   74 03:01:08     -873.384138        0.022162
BFGS:   75 03:01:08     -873.384195        0.024600
BFGS:   76 03:01:08     -873.384270        0.024027
BFGS:   77 03:01:08     -873.384356        0.023007
BFGS:   78 03:01:08     -873.384430        0.018324
BFGS:   79 03:01:08     -873.384480        0.015270
BFGS:   80 03:01:09     -873.384517        0.013986
BFGS:   81 03:01:09     -873.384559        0.015076
BFGS:   82 03:01:09     -873.384609        0.015454
BFGS:   83 03:01:09     -873.384647        0.011599
BFGS:   84 03:01:09     -873.384667        0.007832
