      Step     Time          Energy          fmax
BFGS:    0 02:54:57     -873.258979        0.764567
BFGS:    1 02:54:57     -873.268188        0.588283
BFGS:    2 02:54:57     -873.271359        0.195033
BFGS:    3 02:54:57     -873.272170        0.081046
BFGS:    4 02:54:57     -873.272614        0.094482
BFGS:    5 02:54:57     -873.273627        0.113166
BFGS:    6 02:54:57     -873.273957        0.121432
BFGS:    7 02:54:57     -873.274365        0.055208
BFGS:    8 02:54:57     -873.274974        0.080404
BFGS:    9 02:54:57     -873.275424        0.081006
BFGS:   10 02:54:57     -873.275996        0.058694
BFGS:   11 02:54:57     -873.276541        0.059126
BFGS:   12 02:54:57     -873.277165        0.068951
BFGS:   13 02:54:57     -873.277877        0.079109
BFGS:   14 02:54:57     -873.278730        0.077642
BFGS:   15 02:54:57     -873.279683        0.094714
BFGS:   16 02:54:57     -873.280730        0.097819
BFGS:   17 02:54:57     -873.281941        0.087605
BFGS:   18 02:54:57     -873.283407        0.092143
BFGS:   19 02:54:57     -873.285113        0.108055
BFGS:   20 02:54:57     -873.286995        0.111801
BFGS:   21 02:54:57     -873.288949        0.152051
BFGS:   22 02:54:57     -873.290911        0.167558
BFGS:   23 02:54:57     -873.292702        0.127706
BFGS:   24 02:54:57     -873.294106        0.072219
BFGS:   25 02:54:57     -873.295140        0.074199
BFGS:   26 02:54:57     -873.295948        0.081615
BFGS:   27 02:54:57     -873.296474        0.181369
BFGS:   28 02:54:57     -873.297103        0.064055
BFGS:   29 02:54:57     -873.297653        0.060974
BFGS:   30 02:54:57     -873.298220        0.113932
BFGS:   31 02:54:57     -873.299306        0.161404
BFGS:   32 02:54:57     -873.301029        0.179866
BFGS:   33 02:54:57     -873.303936        0.162308
BFGS:   34 02:54:57     -873.308805        0.231491
BFGS:   35 02:54:57     -873.316512        0.334770
BFGS:   36 02:54:57     -873.325744        0.348353
BFGS:   37 02:54:57     -873.330381        0.388689
BFGS:   38 02:54:57     -873.331459        0.436613
BFGS:   39 02:54:57     -873.341522        0.178345
BFGS:   40 02:54:57     -873.342676        0.095408
BFGS:   41 02:54:57     -873.343981        0.063693
BFGS:   42 02:54:57     -873.344678        0.090893
BFGS:   43 02:54:57     -873.345279        0.064773
BFGS:   44 02:54:57     -873.345528        0.034571
BFGS:   45 02:54:57     -873.345700        0.035768
BFGS:   46 02:54:57     -873.345889        0.036201
BFGS:   47 02:54:57     -873.346137        0.047652
BFGS:   48 02:54:57     -873.346391        0.038874
BFGS:   49 02:54:57     -873.346653        0.037730
BFGS:   50 02:54:57     -873.346956        0.045095
BFGS:   51 02:54:57     -873.347336        0.058661
BFGS:   52 02:54:57     -873.347758        0.064816
BFGS:   53 02:54:57     -873.348146        0.053969
BFGS:   54 02:54:57     -873.348463        0.039014
BFGS:   55 02:54:57     -873.348752        0.037596
BFGS:   56 02:54:57     -873.349067        0.046117
BFGS:   57 02:54:57     -873.349422        0.062705
BFGS:   58 02:54:57     -873.349805        0.063920
BFGS:   59 02:54:57     -873.350189        0.055886
BFGS:   60 02:54:57     -873.350563        0.046485
BFGS:   61 02:54:57     -873.350951        0.050188
BFGS:   62 02:54:57     -873.351426        0.060324
BFGS:   63 02:54:57     -873.352051        0.066156
BFGS:   64 02:54:57     -873.352735        0.083560
BFGS:   65 02:54:57     -873.353294        0.060676
BFGS:   66 02:54:57     -873.353658        0.036642
BFGS:   67 02:54:57     -873.353931        0.036336
BFGS:   68 02:54:57     -873.354261        0.063208
BFGS:   69 02:54:57     -873.354698        0.087057
BFGS:   70 02:54:57     -873.355111        0.070213
BFGS:   71 02:54:57     -873.355559        0.097246
BFGS:   72 02:54:57     -873.355918        0.086887
BFGS:   73 02:54:57     -873.356219        0.044038
BFGS:   74 02:54:57     -873.356448        0.036722
BFGS:   75 02:54:57     -873.356647        0.024477
