      Step     Time          Energy          fmax
BFGS:    0 03:00:27    -2172.003487        0.035655
BFGS:    1 03:00:27    -2172.003579        0.021179
BFGS:    2 03:00:27    -2172.003721        0.017979
BFGS:    3 03:00:27    -2172.003771        0.022241
BFGS:    4 03:00:27    -2172.003880        0.024132
BFGS:    5 03:00:27    -2172.003952        0.018238
BFGS:    6 03:00:27    -2172.004017        0.020211
BFGS:    7 03:00:27    -2172.004066        0.018179
BFGS:    8 03:00:27    -2172.004118        0.017422
BFGS:    9 03:00:27    -2172.004161        0.013859
BFGS:   10 03:00:27    -2172.004195        0.011584
BFGS:   11 03:00:27    -2172.004220        0.010756
BFGS:   12 03:00:27    -2172.004244        0.009980
BFGS:   13 03:00:27    -2172.004266        0.011896
BFGS:   14 03:00:27    -2172.004285        0.014366
BFGS:   15 03:00:27    -2172.004304        0.013084
BFGS:   16 03:00:27    -2172.004324        0.010655
BFGS:   17 03:00:27    -2172.004345        0.010479
BFGS:   18 03:00:27    -2172.004366        0.011721
BFGS:   19 03:00:27    -2172.004388        0.011915
BFGS:   20 03:00:27    -2172.004407        0.009573
BFGS:   21 03:00:27    -2172.004424        0.010018
BFGS:   22 03:00:27    -2172.004440        0.010074
BFGS:   23 03:00:27    -2172.004464        0.013397
BFGS:   24 03:00:27    -2172.004498        0.017240
BFGS:   25 03:00:27    -2172.004534        0.013717
BFGS:   26 03:00:27    -2172.004563        0.009929
BFGS:   27 03:00:27    -2172.004578        0.007974
