      Step     Time          Energy          fmax
BFGS:    0 03:00:57    -1824.315886        0.082142
BFGS:    1 03:00:57    -1824.316376        0.047958
BFGS:    2 03:00:57    -1824.317147        0.062109
BFGS:    3 03:00:57    -1824.317518        0.050519
BFGS:    4 03:00:57    -1824.318000        0.041495
BFGS:    5 03:00:57    -1824.318422        0.044294
BFGS:    6 03:00:57    -1824.318884        0.053163
BFGS:    7 03:00:57    -1824.319339        0.047291
BFGS:    8 03:00:57    -1824.319820        0.042286
BFGS:    9 03:00:57    -1824.320266        0.040120
BFGS:   10 03:00:57    -1824.320580        0.039829
BFGS:   11 03:00:57    -1824.320911        0.036255
BFGS:   12 03:00:57    -1824.321319        0.040469
BFGS:   13 03:00:57    -1824.321876        0.051649
BFGS:   14 03:00:57    -1824.322493        0.052864
BFGS:   15 03:00:57    -1824.323016        0.043478
BFGS:   16 03:00:57    -1824.323376        0.030868
BFGS:   17 03:00:57    -1824.323644        0.029121
BFGS:   18 03:00:57    -1824.323874        0.031367
BFGS:   19 03:00:57    -1824.324082        0.030453
BFGS:   20 03:00:57    -1824.324283        0.027450
BFGS:   21 03:00:57    -1824.324477        0.025837
BFGS:   22 03:00:57    -1824.324656        0.023054
BFGS:   23 03:00:57    -1824.324818        0.025216
BFGS:   24 03:00:57    -1824.324990        0.025378
BFGS:   25 03:00:57    -1824.325206        0.028347
BFGS:   26 03:00:57    -1824.325466        0.032037
BFGS:   27 03:00:57    -1824.325729        0.027896
BFGS:   28 03:00:57    -1824.325966        0.031267
BFGS:   29 03:00:57    -1824.326179        0.026294
BFGS:   30 03:00:57    -1824.326365        0.026793
BFGS:   31 03:00:57    -1824.326517        0.026109
BFGS:   32 03:00:57    -1824.326643        0.025418
BFGS:   33 03:00:57    -1824.326768        0.024399
BFGS:   34 03:00:57    -1824.326919        0.026241
BFGS:   35 03:00:57    -1824.327075        0.028063
BFGS:   36 03:00:57    -1824.327231        0.024891
BFGS:   37 03:00:57    -1824.327367        0.026056
BFGS:   38 03:00:57    -1824.327513        0.027000
BFGS:   39 03:00:57    -1824.327655        0.023101
BFGS:   40 03:00:57    -1824.327787        0.028247
BFGS:   41 03:00:57    -1824.327900        0.021364
BFGS:   42 03:00:57    -1824.328016        0.020348
BFGS:   43 03:00:57    -1824.328124        0.022399
BFGS:   44 03:00:57    -1824.328220        0.019132
BFGS:   45 03:00:57    -1824.328288        0.015274
BFGS:   46 03:00:57    -1824.328341        0.014055
BFGS:   47 03:00:57    -1824.328396        0.014438
BFGS:   48 03:00:57    -1824.328444        0.012764
BFGS:   49 03:00:57    -1824.328482        0.012595
BFGS:   50 03:00:58    -1824.328514        0.010765
BFGS:   51 03:00:58    -1824.328546        0.011830
BFGS:   52 03:00:58    -1824.328581        0.010844
BFGS:   53 03:00:58    -1824.328610        0.011254
BFGS:   54 03:00:58    -1824.328636        0.009828
BFGS:   55 03:00:58    -1824.328666        0.012363
BFGS:   56 03:00:58    -1824.328700        0.013950
BFGS:   57 03:00:58    -1824.328736        0.013421
BFGS:   58 03:00:58    -1824.328767        0.010133
BFGS:   59 03:00:58    -1824.328795        0.010360
BFGS:   60 03:00:58    -1824.328824        0.011589
BFGS:   61 03:00:58    -1824.328855        0.014720
BFGS:   62 03:00:58    -1824.328883        0.015826
BFGS:   63 03:00:58    -1824.328912        0.013171
BFGS:   64 03:00:58    -1824.328936        0.011504
BFGS:   65 03:00:58    -1824.328959        0.011870
BFGS:   66 03:00:58    -1824.328980        0.010998
BFGS:   67 03:00:58    -1824.329005        0.009651
BFGS:   68 03:00:58    -1824.329038        0.011979
BFGS:   69 03:00:58    -1824.329082        0.013548
BFGS:   70 03:00:58    -1824.329128        0.016403
BFGS:   71 03:00:58    -1824.329177        0.016119
BFGS:   72 03:00:58    -1824.329228        0.013074
BFGS:   73 03:00:58    -1824.329297        0.016327
BFGS:   74 03:00:58    -1824.329380        0.016887
BFGS:   75 03:00:58    -1824.329468        0.020272
BFGS:   76 03:00:58    -1824.329551        0.018064
BFGS:   77 03:00:58    -1824.329630        0.016771
BFGS:   78 03:00:58    -1824.329702        0.016878
BFGS:   79 03:00:58    -1824.329756        0.011414
BFGS:   80 03:00:58    -1824.329789        0.011306
BFGS:   81 03:00:58    -1824.329822        0.012906
BFGS:   82 03:00:58    -1824.329871        0.016030
BFGS:   83 03:00:58    -1824.329949        0.021305
BFGS:   84 03:00:58    -1824.330045        0.020532
BFGS:   85 03:00:58    -1824.330140        0.024564
BFGS:   86 03:00:58    -1824.330250        0.026249
BFGS:   87 03:00:58    -1824.330393        0.025111
BFGS:   88 03:00:58    -1824.330563        0.021662
BFGS:   89 03:00:58    -1824.330722        0.021177
BFGS:   90 03:00:58    -1824.330829        0.023802
BFGS:   91 03:00:58    -1824.330905        0.017746
BFGS:   92 03:00:58    -1824.330969        0.015065
BFGS:   93 03:00:58    -1824.331019        0.011194
BFGS:   94 03:00:58    -1824.331054        0.013245
BFGS:   95 03:00:58    -1824.331085        0.014898
BFGS:   96 03:00:58    -1824.331134        0.014979
BFGS:   97 03:00:58    -1824.331217        0.017765
BFGS:   98 03:00:58    -1824.331328        0.018970
BFGS:   99 03:00:58    -1824.331463        0.021201
BFGS:  100 03:00:58    -1824.331595        0.024066
BFGS:  101 03:00:58    -1824.331714        0.022230
BFGS:  102 03:00:58    -1824.331806        0.018207
BFGS:  103 03:00:58    -1824.331876        0.016966
BFGS:  104 03:00:58    -1824.331945        0.016108
BFGS:  105 03:00:58    -1824.332020        0.019758
BFGS:  106 03:00:58    -1824.332096        0.016628
BFGS:  107 03:00:58    -1824.332158        0.012051
BFGS:  108 03:00:58    -1824.332210        0.014033
BFGS:  109 03:00:58    -1824.332270        0.016260
BFGS:  110 03:00:58    -1824.332349        0.021464
BFGS:  111 03:00:58    -1824.332435        0.016744
BFGS:  112 03:00:58    -1824.332510        0.013430
BFGS:  113 03:00:58    -1824.332574        0.017940
BFGS:  114 03:00:58    -1824.332652        0.019083
BFGS:  115 03:00:58    -1824.332734        0.017297
BFGS:  116 03:00:58    -1824.332793        0.015013
BFGS:  117 03:00:58    -1824.332832        0.014300
BFGS:  118 03:00:58    -1824.332874        0.016501
BFGS:  119 03:00:58    -1824.332939        0.019709
BFGS:  120 03:00:58    -1824.333019        0.016906
BFGS:  121 03:00:59    -1824.333086        0.012748
BFGS:  122 03:00:59    -1824.333130        0.013167
BFGS:  123 03:00:59    -1824.333168        0.012633
BFGS:  124 03:00:59    -1824.333221        0.014313
BFGS:  125 03:00:59    -1824.333295        0.015785
BFGS:  126 03:00:59    -1824.333384        0.020484
BFGS:  127 03:00:59    -1824.333475        0.018851
BFGS:  128 03:00:59    -1824.333557        0.015437
BFGS:  129 03:00:59    -1824.333622        0.013985
BFGS:  130 03:00:59    -1824.333666        0.014027
BFGS:  131 03:00:59    -1824.333697        0.012364
BFGS:  132 03:00:59    -1824.333724        0.009956
BFGS:  133 03:00:59    -1824.333753        0.010762
BFGS:  134 03:00:59    -1824.333783        0.016501
BFGS:  135 03:00:59    -1824.333811        0.016480
BFGS:  136 03:00:59    -1824.333838        0.010880
BFGS:  137 03:00:59    -1824.333864        0.011464
BFGS:  138 03:00:59    -1824.333892        0.010905
BFGS:  139 03:00:59    -1824.333924        0.017742
BFGS:  140 03:00:59    -1824.333961        0.018706
BFGS:  141 03:00:59    -1824.333999        0.012849
BFGS:  142 03:00:59    -1824.334033        0.012282
BFGS:  143 03:00:59    -1824.334059        0.010601
BFGS:  144 03:00:59    -1824.334081        0.011844
BFGS:  145 03:00:59    -1824.334100        0.010783
BFGS:  146 03:00:59    -1824.334117        0.008856
BFGS:  147 03:00:59    -1824.334132        0.007174
