      Step     Time          Energy          fmax
BFGS:    0 02:54:37    -1309.841816        0.658664
BFGS:    1 02:54:37    -1309.857255        0.612377
BFGS:    2 02:54:37    -1309.878667        0.489325
BFGS:    3 02:54:37    -1309.906738        0.552751
BFGS:    4 02:54:37    -1309.926841        0.394479
BFGS:    5 02:54:37    -1309.937396        0.218071
BFGS:    6 02:54:37    -1309.942963        0.207317
BFGS:    7 02:54:37    -1309.949988        0.308511
BFGS:    8 02:54:37    -1309.958496        0.327368
BFGS:    9 02:54:37    -1309.966383        0.225425
BFGS:   10 02:54:37    -1309.972825        0.224746
BFGS:   11 02:54:37    -1309.978441        0.209184
BFGS:   12 02:54:37    -1309.983443        0.242930
BFGS:   13 02:54:37    -1309.987351        0.167779
BFGS:   14 02:54:37    -1309.990024        0.116935
BFGS:   15 02:54:37    -1309.992165        0.126323
BFGS:   16 02:54:37    -1309.994668        0.151647
BFGS:   17 02:54:37    -1309.998196        0.204561
BFGS:   18 02:54:37    -1310.003082        0.214990
BFGS:   19 02:54:37    -1310.009307        0.220221
BFGS:   20 02:54:38    -1310.016942        0.260184
BFGS:   21 02:54:38    -1310.025791        0.239085
BFGS:   22 02:54:38    -1310.035096        0.244960
BFGS:   23 02:54:38    -1310.043524        0.203979
BFGS:   24 02:54:38    -1310.049760        0.181892
BFGS:   25 02:54:38    -1310.054038        0.147944
BFGS:   26 02:54:38    -1310.056670        0.131215
BFGS:   27 02:54:38    -1310.059512        0.180592
BFGS:   28 02:54:38    -1310.063055        0.143386
BFGS:   29 02:54:38    -1310.073092        0.212839
BFGS:   30 02:54:38    -1310.078434        0.194944
BFGS:   31 02:54:38    -1310.093478        0.283703
BFGS:   32 02:54:38    -1310.104135        0.275125
BFGS:   33 02:54:38    -1310.105124        0.353537
BFGS:   34 02:54:38    -1310.114692        0.149069
BFGS:   35 02:54:38    -1310.118139        0.112398
BFGS:   36 02:54:38    -1310.120827        0.069171
BFGS:   37 02:54:38    -1310.121807        0.080415
BFGS:   38 02:54:38    -1310.122953        0.081568
BFGS:   39 02:54:38    -1310.124213        0.091500
BFGS:   40 02:54:38    -1310.125764        0.093813
BFGS:   41 02:54:38    -1310.127435        0.077425
BFGS:   42 02:54:38    -1310.128519        0.069163
BFGS:   43 02:54:38    -1310.129092        0.073968
BFGS:   44 02:54:38    -1310.129619        0.069745
BFGS:   45 02:54:38    -1310.130365        0.057208
BFGS:   46 02:54:38    -1310.131231        0.067110
BFGS:   47 02:54:38    -1310.131931        0.055822
BFGS:   48 02:54:38    -1310.132354        0.051560
BFGS:   49 02:54:38    -1310.132646        0.034351
BFGS:   50 02:54:38    -1310.132888        0.035529
BFGS:   51 02:54:38    -1310.133069        0.030107
BFGS:   52 02:54:38    -1310.133211        0.026409
BFGS:   53 02:54:38    -1310.133347        0.027915
BFGS:   54 02:54:38    -1310.133479        0.021307
