      Step     Time          Energy          fmax
BFGS:    0 02:54:46    -1565.746808        0.835966
BFGS:    1 02:54:46    -1565.755036        0.724149
BFGS:    2 02:54:46    -1565.759160        0.186068
BFGS:    3 02:54:46    -1565.760217        0.093129
BFGS:    4 02:54:46    -1565.761269        0.096000
BFGS:    5 02:54:46    -1565.762278        0.086932
BFGS:    6 02:54:46    -1565.762910        0.070342
BFGS:    7 02:54:46    -1565.763858        0.086765
BFGS:    8 02:54:46    -1565.764901        0.096385
BFGS:    9 02:54:46    -1565.766016        0.080608
BFGS:   10 02:54:46    -1565.766794        0.054481
BFGS:   11 02:54:46    -1565.767206        0.035955
BFGS:   12 02:54:46    -1565.767426        0.031709
BFGS:   13 02:54:46    -1565.767615        0.031924
BFGS:   14 02:54:46    -1565.767817        0.036280
BFGS:   15 02:54:46    -1565.768049        0.040898
BFGS:   16 02:54:46    -1565.768313        0.039144
BFGS:   17 02:54:46    -1565.768617        0.045829
BFGS:   18 02:54:46    -1565.768950        0.044717
BFGS:   19 02:54:46    -1565.769311        0.050357
BFGS:   20 02:54:46    -1565.769746        0.051799
BFGS:   21 02:54:46    -1565.770372        0.065622
BFGS:   22 02:54:46    -1565.771350        0.091155
BFGS:   23 02:54:46    -1565.772702        0.099279
BFGS:   24 02:54:46    -1565.773893        0.078306
BFGS:   25 02:54:46    -1565.774551        0.054071
BFGS:   26 02:54:46    -1565.774983        0.044724
BFGS:   27 02:54:46    -1565.775347        0.037827
BFGS:   28 02:54:46    -1565.775642        0.033341
BFGS:   29 02:54:46    -1565.775919        0.028846
BFGS:   30 02:54:46    -1565.776154        0.032011
BFGS:   31 02:54:46    -1565.776369        0.029505
BFGS:   32 02:54:46    -1565.776583        0.033881
BFGS:   33 02:54:46    -1565.776806        0.033342
BFGS:   34 02:54:46    -1565.777025        0.025939
BFGS:   35 02:54:46    -1565.777205        0.023444
