      Step     Time          Energy          fmax
BFGS:    0 03:00:59    -1676.842864        0.017611
BFGS:    1 03:00:59    -1676.842907        0.015364
BFGS:    2 03:00:59    -1676.842971        0.013216
BFGS:    3 03:01:00    -1676.842997        0.013492
BFGS:    4 03:01:00    -1676.843054        0.017806
BFGS:    5 03:01:00    -1676.843094        0.022560
BFGS:    6 03:01:00    -1676.843135        0.013943
BFGS:    7 03:01:00    -1676.843170        0.014327
BFGS:    8 03:01:00    -1676.843213        0.014485
BFGS:    9 03:01:00    -1676.843258        0.015964
BFGS:   10 03:01:00    -1676.843323        0.017225
BFGS:   11 03:01:00    -1676.843404        0.021869
BFGS:   12 03:01:00    -1676.843506        0.023146
BFGS:   13 03:01:00    -1676.843623        0.023364
BFGS:   14 03:01:00    -1676.843752        0.023412
BFGS:   15 03:01:00    -1676.843882        0.022218
BFGS:   16 03:01:00    -1676.844000        0.025382
BFGS:   17 03:01:00    -1676.844101        0.020427
BFGS:   18 03:01:00    -1676.844180        0.020587
BFGS:   19 03:01:00    -1676.844249        0.019296
BFGS:   20 03:01:00    -1676.844305        0.015795
BFGS:   21 03:01:00    -1676.844344        0.014487
BFGS:   22 03:01:00    -1676.844373        0.013209
BFGS:   23 03:01:00    -1676.844400        0.017513
BFGS:   24 03:01:00    -1676.844429        0.019328
BFGS:   25 03:01:00    -1676.844461        0.016356
BFGS:   26 03:01:00    -1676.844491        0.011968
BFGS:   27 03:01:00    -1676.844519        0.009916
BFGS:   28 03:01:00    -1676.844545        0.012178
BFGS:   29 03:01:00    -1676.844570        0.012483
BFGS:   30 03:01:00    -1676.844591        0.009598
BFGS:   31 03:01:00    -1676.844613        0.009794
BFGS:   32 03:01:00    -1676.844640        0.012074
BFGS:   33 03:01:00    -1676.844669        0.013958
BFGS:   34 03:01:00    -1676.844695        0.011859
BFGS:   35 03:01:00    -1676.844713        0.009571
BFGS:   36 03:01:00    -1676.844729        0.010263
BFGS:   37 03:01:00    -1676.844747        0.010710
BFGS:   38 03:01:00    -1676.844770        0.011176
BFGS:   39 03:01:00    -1676.844792        0.010649
BFGS:   40 03:01:00    -1676.844811        0.009187
BFGS:   41 03:01:00    -1676.844829        0.010067
BFGS:   42 03:01:00    -1676.844846        0.012071
BFGS:   43 03:01:00    -1676.844866        0.010345
BFGS:   44 03:01:00    -1676.844885        0.010913
BFGS:   45 03:01:00    -1676.844905        0.009563
BFGS:   46 03:01:00    -1676.844924        0.009542
BFGS:   47 03:01:00    -1676.844944        0.009599
BFGS:   48 03:01:00    -1676.844963        0.009342
BFGS:   49 03:01:00    -1676.844982        0.010191
BFGS:   50 03:01:00    -1676.845002        0.010430
BFGS:   51 03:01:00    -1676.845025        0.009753
BFGS:   52 03:01:00    -1676.845049        0.009211
BFGS:   53 03:01:00    -1676.845070        0.009662
BFGS:   54 03:01:00    -1676.845088        0.011149
BFGS:   55 03:01:00    -1676.845104        0.011930
BFGS:   56 03:01:00    -1676.845125        0.012008
BFGS:   57 03:01:00    -1676.845153        0.012781
BFGS:   58 03:01:00    -1676.845196        0.015742
BFGS:   59 03:01:00    -1676.845251        0.017198
BFGS:   60 03:01:00    -1676.845312        0.015348
BFGS:   61 03:01:00    -1676.845370        0.015215
BFGS:   62 03:01:00    -1676.845437        0.016935
BFGS:   63 03:01:00    -1676.845500        0.018114
BFGS:   64 03:01:00    -1676.845578        0.019113
BFGS:   65 03:01:00    -1676.845660        0.018024
BFGS:   66 03:01:00    -1676.845757        0.024267
BFGS:   67 03:01:00    -1676.845860        0.025042
BFGS:   68 03:01:00    -1676.845961        0.020226
BFGS:   69 03:01:00    -1676.846048        0.016343
BFGS:   70 03:01:00    -1676.846104        0.020044
BFGS:   71 03:01:00    -1676.846138        0.022997
BFGS:   72 03:01:00    -1676.846180        0.011985
BFGS:   73 03:01:00    -1676.846227        0.014337
BFGS:   74 03:01:00    -1676.846272        0.015065
BFGS:   75 03:01:00    -1676.846316        0.014947
BFGS:   76 03:01:00    -1676.846367        0.019232
BFGS:   77 03:01:00    -1676.846413        0.017785
BFGS:   78 03:01:00    -1676.846479        0.014178
BFGS:   79 03:01:00    -1676.846526        0.016647
BFGS:   80 03:01:00    -1676.846576        0.017534
BFGS:   81 03:01:00    -1676.846626        0.011964
BFGS:   82 03:01:00    -1676.846660        0.012746
BFGS:   83 03:01:00    -1676.846693        0.015513
BFGS:   84 03:01:00    -1676.846730        0.014882
BFGS:   85 03:01:00    -1676.846777        0.016234
BFGS:   86 03:01:00    -1676.846837        0.018377
BFGS:   87 03:01:00    -1676.846925        0.021772
BFGS:   88 03:01:00    -1676.847036        0.025495
BFGS:   89 03:01:00    -1676.847261        0.040163
BFGS:   90 03:01:00    -1676.847544        0.046161
BFGS:   91 03:01:00    -1676.847822        0.060127
BFGS:   92 03:01:00    -1676.848020        0.044950
BFGS:   93 03:01:00    -1676.848224        0.025412
BFGS:   94 03:01:00    -1676.848343        0.037657
BFGS:   95 03:01:00    -1676.848460        0.048930
BFGS:   96 03:01:00    -1676.848624        0.046560
BFGS:   97 03:01:00    -1676.848953        0.036423
BFGS:   98 03:01:01    -1676.849218        0.038062
BFGS:   99 03:01:01    -1676.849397        0.114837
BFGS:  100 03:01:01    -1676.850109        0.079317
BFGS:  101 03:01:01    -1676.850590        0.043462
BFGS:  102 03:01:01    -1676.851026        0.091026
BFGS:  103 03:01:01    -1676.851486        0.034514
BFGS:  104 03:01:01    -1676.851856        0.036538
BFGS:  105 03:01:01    -1676.852228        0.028128
BFGS:  106 03:01:01    -1676.852330        0.026703
BFGS:  107 03:01:01    -1676.852466        0.025842
BFGS:  108 03:01:01    -1676.852585        0.023227
BFGS:  109 03:01:01    -1676.852744        0.024672
BFGS:  110 03:01:01    -1676.852931        0.028524
BFGS:  111 03:01:01    -1676.853138        0.035250
BFGS:  112 03:01:01    -1676.853382        0.040128
BFGS:  113 03:01:01    -1676.853635        0.037761
BFGS:  114 03:01:01    -1676.853906        0.036500
BFGS:  115 03:01:01    -1676.854132        0.027899
BFGS:  116 03:01:01    -1676.854311        0.020783
BFGS:  117 03:01:01    -1676.854403        0.021362
BFGS:  118 03:01:01    -1676.854503        0.019740
BFGS:  119 03:01:01    -1676.854579        0.020804
BFGS:  120 03:01:01    -1676.854655        0.021034
BFGS:  121 03:01:01    -1676.854729        0.019765
BFGS:  122 03:01:01    -1676.854802        0.019036
BFGS:  123 03:01:01    -1676.854894        0.019274
BFGS:  124 03:01:01    -1676.855034        0.028698
BFGS:  125 03:01:01    -1676.855218        0.030270
BFGS:  126 03:01:01    -1676.855374        0.020780
BFGS:  127 03:01:01    -1676.855464        0.017278
BFGS:  128 03:01:01    -1676.855515        0.016162
BFGS:  129 03:01:01    -1676.855569        0.017637
BFGS:  130 03:01:01    -1676.855657        0.019664
BFGS:  131 03:01:01    -1676.855774        0.019489
BFGS:  132 03:01:01    -1676.855889        0.016758
BFGS:  133 03:01:01    -1676.855972        0.018827
BFGS:  134 03:01:01    -1676.856036        0.019389
BFGS:  135 03:01:01    -1676.856117        0.019990
BFGS:  136 03:01:01    -1676.856237        0.019665
BFGS:  137 03:01:01    -1676.856377        0.024043
BFGS:  138 03:01:01    -1676.856507        0.026035
BFGS:  139 03:01:01    -1676.856619        0.025913
BFGS:  140 03:01:01    -1676.856764        0.026829
BFGS:  141 03:01:01    -1676.856984        0.035908
BFGS:  142 03:01:01    -1676.857271        0.042092
BFGS:  143 03:01:01    -1676.857526        0.034988
BFGS:  144 03:01:01    -1676.857680        0.025203
BFGS:  145 03:01:01    -1676.857762        0.023472
BFGS:  146 03:01:01    -1676.857828        0.021615
BFGS:  147 03:01:01    -1676.857898        0.019917
BFGS:  148 03:01:01    -1676.857967        0.021623
BFGS:  149 03:01:01    -1676.858032        0.020230
BFGS:  150 03:01:01    -1676.858104        0.023098
BFGS:  151 03:01:01    -1676.858180        0.025116
BFGS:  152 03:01:01    -1676.858261        0.025781
BFGS:  153 03:01:01    -1676.858326        0.020734
BFGS:  154 03:01:01    -1676.858384        0.017453
BFGS:  155 03:01:01    -1676.858424        0.019343
BFGS:  156 03:01:01    -1676.858462        0.016044
BFGS:  157 03:01:01    -1676.858520        0.020754
BFGS:  158 03:01:01    -1676.858627        0.028520
BFGS:  159 03:01:01    -1676.858804        0.038556
BFGS:  160 03:01:01    -1676.859037        0.047373
BFGS:  161 03:01:01    -1676.859291        0.046804
BFGS:  162 03:01:01    -1676.859519        0.039412
BFGS:  163 03:01:01    -1676.859778        0.047134
BFGS:  164 03:01:01    -1676.860081        0.046971
BFGS:  165 03:01:01    -1676.860416        0.036514
BFGS:  166 03:01:01    -1676.860663        0.025547
BFGS:  167 03:01:01    -1676.860700        0.011804
BFGS:  168 03:01:01    -1676.860736        0.010036
BFGS:  169 03:01:01    -1676.860765        0.009239
BFGS:  170 03:01:01    -1676.860788        0.009934
BFGS:  171 03:01:01    -1676.860809        0.011714
BFGS:  172 03:01:01    -1676.860831        0.016766
BFGS:  173 03:01:01    -1676.860865        0.019511
BFGS:  174 03:01:01    -1676.860906        0.020722
BFGS:  175 03:01:01    -1676.860960        0.017691
BFGS:  176 03:01:01    -1676.861036        0.017098
BFGS:  177 03:01:01    -1676.861167        0.020609
BFGS:  178 03:01:01    -1676.861406        0.031358
BFGS:  179 03:01:01    -1676.861803        0.055381
BFGS:  180 03:01:01    -1676.862309        0.054720
BFGS:  181 03:01:01    -1676.862622        0.157428
BFGS:  182 03:01:01    -1676.863298        0.080643
BFGS:  183 03:01:01    -1676.863697        0.070079
BFGS:  184 03:01:01    -1676.864051        0.075571
BFGS:  185 03:01:02    -1676.864496        0.062993
BFGS:  186 03:01:02    -1676.864600        0.143301
BFGS:  187 03:01:02    -1676.865326        0.070821
BFGS:  188 03:01:02    -1676.865480        0.125830
BFGS:  189 03:01:02    -1676.866387        0.049566
BFGS:  190 03:01:02    -1676.867872        0.081200
BFGS:  191 03:01:02    -1676.868992        0.420885
BFGS:  192 03:01:02    -1676.871353        0.103937
BFGS:  193 03:01:02    -1676.872939        0.058064
BFGS:  194 03:01:02    -1676.871029        0.390489
BFGS:  195 03:01:02    -1676.874748        0.066422
BFGS:  196 03:01:02    -1676.875486        0.061181
BFGS:  197 03:01:02    -1676.876484        0.089304
BFGS:  198 03:01:02    -1676.877021        0.100707
BFGS:  199 03:01:02    -1676.877215        0.030119
BFGS:  200 03:01:02    -1676.877415        0.041050
BFGS:  201 03:01:02    -1676.877660        0.036790
BFGS:  202 03:01:02    -1676.877871        0.063145
BFGS:  203 03:01:02    -1676.878211        0.071728
BFGS:  204 03:01:02    -1676.878583        0.113447
BFGS:  205 03:01:02    -1676.879030        0.109144
BFGS:  206 03:01:02    -1676.879590        0.073680
BFGS:  207 03:01:02    -1676.880272        0.088627
BFGS:  208 03:01:02    -1676.880743        0.054002
BFGS:  209 03:01:02    -1676.880696        0.137296
BFGS:  210 03:01:02    -1676.881340        0.058099
BFGS:  211 03:01:02    -1676.881506        0.050945
BFGS:  212 03:01:02    -1676.881725        0.027279
BFGS:  213 03:01:02    -1676.881913        0.029831
BFGS:  214 03:01:02    -1676.882015        0.037420
BFGS:  215 03:01:02    -1676.882149        0.046753
BFGS:  216 03:01:02    -1676.882272        0.047198
BFGS:  217 03:01:02    -1676.882335        0.032533
BFGS:  218 03:01:02    -1676.882381        0.022056
BFGS:  219 03:01:02    -1676.882428        0.015877
BFGS:  220 03:01:02    -1676.882493        0.014881
BFGS:  221 03:01:02    -1676.882563        0.026398
BFGS:  222 03:01:02    -1676.882645        0.032675
BFGS:  223 03:01:02    -1676.882721        0.049272
BFGS:  224 03:01:02    -1676.882826        0.044761
BFGS:  225 03:01:02    -1676.882930        0.043620
BFGS:  226 03:01:02    -1676.883100        0.029513
BFGS:  227 03:01:02    -1676.883289        0.028921
BFGS:  228 03:01:02    -1676.883501        0.033732
BFGS:  229 03:01:02    -1676.883721        0.025664
BFGS:  230 03:01:02    -1676.883876        0.018326
BFGS:  231 03:01:02    -1676.883960        0.013229
BFGS:  232 03:01:02    -1676.884019        0.012922
BFGS:  233 03:01:02    -1676.884055        0.010580
BFGS:  234 03:01:02    -1676.884077        0.008096
BFGS:  235 03:01:02    -1676.884089        0.006075
