      Step     Time          Energy          fmax
BFGS:    0 02:54:36    -2171.706849        0.641921
BFGS:    1 02:54:36    -2171.722214        0.574518
BFGS:    2 02:54:36    -2171.763381        0.487466
BFGS:    3 02:54:36    -2171.794950        0.647106
BFGS:    4 02:54:36    -2171.824536        0.459795
BFGS:    5 02:54:36    -2171.838123        0.209190
BFGS:    6 02:54:36    -2171.845206        0.245372
BFGS:    7 02:54:36    -2171.852797        0.254781
BFGS:    8 02:54:36    -2171.859416        0.236486
BFGS:    9 02:54:36    -2171.864015        0.140665
BFGS:   10 02:54:36    -2171.867504        0.146518
BFGS:   11 02:54:36    -2171.870503        0.124558
BFGS:   12 02:54:36    -2171.873150        0.132775
BFGS:   13 02:54:36    -2171.875338        0.097010
BFGS:   14 02:54:36    -2171.877309        0.100005
BFGS:   15 02:54:36    -2171.879367        0.101832
BFGS:   16 02:54:36    -2171.881387        0.109087
BFGS:   17 02:54:36    -2171.883172        0.092824
BFGS:   18 02:54:36    -2171.884803        0.103687
BFGS:   19 02:54:36    -2171.886433        0.128668
BFGS:   20 02:54:36    -2171.888112        0.114989
BFGS:   21 02:54:36    -2171.889745        0.109952
BFGS:   22 02:54:36    -2171.891232        0.076073
BFGS:   23 02:54:36    -2171.892603        0.078247
BFGS:   24 02:54:36    -2171.893794        0.071779
BFGS:   25 02:54:36    -2171.894731        0.079362
BFGS:   26 02:54:36    -2171.895571        0.085713
BFGS:   27 02:54:36    -2171.896589        0.099246
BFGS:   28 02:54:36    -2171.898099        0.134147
BFGS:   29 02:54:36    -2171.900067        0.134288
BFGS:   30 02:54:36    -2171.901906        0.101873
BFGS:   31 02:54:36    -2171.903200        0.095389
BFGS:   32 02:54:36    -2171.904281        0.088565
BFGS:   33 02:54:36    -2171.905533        0.095566
BFGS:   34 02:54:36    -2171.907152        0.110320
BFGS:   35 02:54:36    -2171.909098        0.111372
BFGS:   36 02:54:36    -2171.911135        0.108562
BFGS:   37 02:54:36    -2171.913249        0.084910
BFGS:   38 02:54:36    -2171.915275        0.092363
BFGS:   39 02:54:36    -2171.916739        0.073909
BFGS:   40 02:54:36    -2171.917776        0.064504
BFGS:   41 02:54:36    -2171.918724        0.071797
BFGS:   42 02:54:36    -2171.919701        0.072561
BFGS:   43 02:54:36    -2171.920638        0.116378
BFGS:   44 02:54:36    -2171.921527        0.068450
BFGS:   45 02:54:37    -2171.922355        0.087426
BFGS:   46 02:54:37    -2171.923390        0.090138
BFGS:   47 02:54:37    -2171.924316        0.086525
BFGS:   48 02:54:37    -2171.926275        0.090816
BFGS:   49 02:54:37    -2171.928605        0.094721
BFGS:   50 02:54:37    -2171.931450        0.102587
BFGS:   51 02:54:37    -2171.933823        0.077931
BFGS:   52 02:54:37    -2171.935023        0.055761
BFGS:   53 02:54:37    -2171.935772        0.058109
BFGS:   54 02:54:37    -2171.936395        0.052238
BFGS:   55 02:54:37    -2171.936875        0.054236
BFGS:   56 02:54:37    -2171.937361        0.039582
BFGS:   57 02:54:37    -2171.937844        0.045079
BFGS:   58 02:54:37    -2171.938303        0.057424
BFGS:   59 02:54:37    -2171.938594        0.046454
BFGS:   60 02:54:37    -2171.939049        0.046280
BFGS:   61 02:54:37    -2171.939432        0.049478
BFGS:   62 02:54:37    -2171.940152        0.049430
BFGS:   63 02:54:37    -2171.940679        0.056453
BFGS:   64 02:54:37    -2171.941448        0.064677
BFGS:   65 02:54:37    -2171.942010        0.050315
BFGS:   66 02:54:37    -2171.942581        0.045697
BFGS:   67 02:54:37    -2171.943011        0.048053
BFGS:   68 02:54:37    -2171.943445        0.041169
BFGS:   69 02:54:37    -2171.943854        0.044145
BFGS:   70 02:54:37    -2171.944270        0.046086
BFGS:   71 02:54:37    -2171.944688        0.057251
BFGS:   72 02:54:37    -2171.945105        0.040030
BFGS:   73 02:54:37    -2171.945497        0.038817
BFGS:   74 02:54:37    -2171.945898        0.046912
BFGS:   75 02:54:37    -2171.946336        0.056056
BFGS:   76 02:54:37    -2171.947052        0.066563
BFGS:   77 02:54:37    -2171.948231        0.085608
BFGS:   78 02:54:37    -2171.949825        0.085876
BFGS:   79 02:54:37    -2171.951458        0.097032
BFGS:   80 02:54:37    -2171.952893        0.084661
BFGS:   81 02:54:37    -2171.953758        0.108574
BFGS:   82 02:54:37    -2171.954729        0.086044
BFGS:   83 02:54:37    -2171.955698        0.059679
BFGS:   84 02:54:37    -2171.956835        0.067386
BFGS:   85 02:54:37    -2171.957230        0.043267
BFGS:   86 02:54:37    -2171.957597        0.030022
BFGS:   87 02:54:37    -2171.957862        0.030154
BFGS:   88 02:54:37    -2171.957969        0.027616
BFGS:   89 02:54:37    -2171.958095        0.023933
