      Step     Time          Energy          fmax
BFGS:    0 03:00:25    -2171.983691        0.046182
BFGS:    1 03:00:25    -2171.983887        0.039841
BFGS:    2 03:00:25    -2171.984417        0.047825
BFGS:    3 03:00:25    -2171.984592        0.039437
BFGS:    4 03:00:25    -2171.984845        0.036384
BFGS:    5 03:00:25    -2171.985092        0.037892
BFGS:    6 03:00:25    -2171.985391        0.041137
BFGS:    7 03:00:25    -2171.985623        0.033608
BFGS:    8 03:00:25    -2171.985813        0.036343
BFGS:    9 03:00:25    -2171.985990        0.032910
BFGS:   10 03:00:25    -2171.986185        0.034689
BFGS:   11 03:00:25    -2171.986389        0.034403
BFGS:   12 03:00:25    -2171.986590        0.028880
BFGS:   13 03:00:25    -2171.986782        0.027439
BFGS:   14 03:00:25    -2171.986962        0.028543
BFGS:   15 03:00:25    -2171.987137        0.029454
BFGS:   16 03:00:25    -2171.987317        0.031673
BFGS:   17 03:00:25    -2171.987512        0.032073
BFGS:   18 03:00:25    -2171.987732        0.029132
BFGS:   19 03:00:25    -2171.987947        0.029903
BFGS:   20 03:00:25    -2171.988140        0.028855
BFGS:   21 03:00:25    -2171.988313        0.027798
BFGS:   22 03:00:25    -2171.988509        0.037297
BFGS:   23 03:00:25    -2171.988766        0.040355
BFGS:   24 03:00:25    -2171.989092        0.045127
BFGS:   25 03:00:25    -2171.989462        0.039108
BFGS:   26 03:00:25    -2171.989772        0.032634
BFGS:   27 03:00:25    -2171.989986        0.034332
BFGS:   28 03:00:25    -2171.990135        0.032487
BFGS:   29 03:00:25    -2171.990278        0.027521
BFGS:   30 03:00:25    -2171.990426        0.023232
BFGS:   31 03:00:25    -2171.990562        0.021712
BFGS:   32 03:00:25    -2171.990674        0.023474
BFGS:   33 03:00:25    -2171.990770        0.026830
BFGS:   34 03:00:25    -2171.990883        0.027278
BFGS:   35 03:00:25    -2171.991025        0.024629
BFGS:   36 03:00:25    -2171.991207        0.027798
BFGS:   37 03:00:26    -2171.991425        0.029942
BFGS:   38 03:00:26    -2171.991618        0.032596
BFGS:   39 03:00:26    -2171.991790        0.026103
BFGS:   40 03:00:26    -2171.991913        0.021209
BFGS:   41 03:00:26    -2171.992002        0.020461
BFGS:   42 03:00:26    -2171.992075        0.020205
BFGS:   43 03:00:26    -2171.992162        0.024214
BFGS:   44 03:00:26    -2171.992297        0.024052
BFGS:   45 03:00:26    -2171.992435        0.030339
BFGS:   46 03:00:26    -2171.992571        0.027784
BFGS:   47 03:00:26    -2171.992678        0.019978
BFGS:   48 03:00:26    -2171.992788        0.024792
BFGS:   49 03:00:26    -2171.992938        0.032056
BFGS:   50 03:00:26    -2171.993163        0.040549
BFGS:   51 03:00:26    -2171.993466        0.044191
BFGS:   52 03:00:26    -2171.993866        0.043347
BFGS:   53 03:00:26    -2171.994249        0.041649
BFGS:   54 03:00:26    -2171.994547        0.035800
BFGS:   55 03:00:26    -2171.994747        0.025410
BFGS:   56 03:00:26    -2171.994899        0.028537
BFGS:   57 03:00:26    -2171.995065        0.026736
BFGS:   58 03:00:26    -2171.995233        0.024169
BFGS:   59 03:00:26    -2171.995405        0.025363
BFGS:   60 03:00:26    -2171.995509        0.021901
BFGS:   61 03:00:26    -2171.995644        0.021827
BFGS:   62 03:00:26    -2171.995772        0.021324
BFGS:   63 03:00:26    -2171.995914        0.023641
BFGS:   64 03:00:26    -2171.996063        0.031973
BFGS:   65 03:00:26    -2171.996249        0.037690
BFGS:   66 03:00:26    -2171.996498        0.039281
BFGS:   67 03:00:26    -2171.996778        0.035383
BFGS:   68 03:00:26    -2171.997016        0.030697
BFGS:   69 03:00:26    -2171.997230        0.027037
BFGS:   70 03:00:26    -2171.997395        0.026494
BFGS:   71 03:00:26    -2171.997583        0.025015
BFGS:   72 03:00:26    -2171.997709        0.024931
BFGS:   73 03:00:26    -2171.997800        0.020073
BFGS:   74 03:00:26    -2171.997860        0.012523
BFGS:   75 03:00:26    -2171.997904        0.013827
BFGS:   76 03:00:26    -2171.997934        0.009540
BFGS:   77 03:00:26    -2171.997959        0.011223
BFGS:   78 03:00:26    -2171.997991        0.013351
BFGS:   79 03:00:26    -2171.998040        0.015436
BFGS:   80 03:00:26    -2171.998112        0.016792
BFGS:   81 03:00:26    -2171.998187        0.016813
BFGS:   82 03:00:26    -2171.998266        0.019421
BFGS:   83 03:00:26    -2171.998333        0.016037
BFGS:   84 03:00:26    -2171.998390        0.012471
BFGS:   85 03:00:26    -2171.998441        0.014567
BFGS:   86 03:00:26    -2171.998511        0.020842
BFGS:   87 03:00:26    -2171.998622        0.034764
BFGS:   88 03:00:26    -2171.998776        0.036664
BFGS:   89 03:00:26    -2171.998939        0.025839
BFGS:   90 03:00:26    -2171.999067        0.022932
BFGS:   91 03:00:26    -2171.999159        0.022540
BFGS:   92 03:00:26    -2171.999269        0.025866
BFGS:   93 03:00:26    -2171.999396        0.022562
BFGS:   94 03:00:26    -2171.999531        0.023906
BFGS:   95 03:00:26    -2171.999665        0.030749
BFGS:   96 03:00:26    -2171.999813        0.034615
BFGS:   97 03:00:26    -2171.999995        0.033676
BFGS:   98 03:00:26    -2172.000178        0.024815
BFGS:   99 03:00:26    -2172.000286        0.026137
BFGS:  100 03:00:26    -2172.000367        0.019369
BFGS:  101 03:00:26    -2172.000442        0.022421
BFGS:  102 03:00:26    -2172.000525        0.020868
BFGS:  103 03:00:26    -2172.000594        0.022245
BFGS:  104 03:00:26    -2172.000644        0.015414
BFGS:  105 03:00:26    -2172.000682        0.014759
BFGS:  106 03:00:26    -2172.000732        0.017474
BFGS:  107 03:00:26    -2172.000800        0.019953
BFGS:  108 03:00:26    -2172.000892        0.028635
BFGS:  109 03:00:26    -2172.001015        0.031043
BFGS:  110 03:00:26    -2172.001159        0.029383
BFGS:  111 03:00:27    -2172.001281        0.021664
BFGS:  112 03:00:27    -2172.001374        0.020791
BFGS:  113 03:00:27    -2172.001444        0.016154
BFGS:  114 03:00:27    -2172.001501        0.017053
BFGS:  115 03:00:27    -2172.001558        0.018184
BFGS:  116 03:00:27    -2172.001630        0.018029
BFGS:  117 03:00:27    -2172.001728        0.020260
BFGS:  118 03:00:27    -2172.001825        0.021855
BFGS:  119 03:00:27    -2172.001935        0.024036
BFGS:  120 03:00:27    -2172.002051        0.026949
BFGS:  121 03:00:27    -2172.002201        0.027648
BFGS:  122 03:00:27    -2172.002405        0.029780
BFGS:  123 03:00:27    -2172.002617        0.024058
BFGS:  124 03:00:27    -2172.002792        0.019853
BFGS:  125 03:00:27    -2172.002911        0.020276
BFGS:  126 03:00:27    -2172.002974        0.013126
BFGS:  127 03:00:27    -2172.003014        0.012796
BFGS:  128 03:00:27    -2172.003042        0.009040
BFGS:  129 03:00:27    -2172.003061        0.009985
BFGS:  130 03:00:27    -2172.003072        0.006435
