      Step     Time          Energy          fmax
BFGS:    0 03:00:29    -1310.133479        0.021293
BFGS:    1 03:00:29    -1310.133530        0.017680
BFGS:    2 03:00:29    -1310.133641        0.018548
BFGS:    3 03:00:29    -1310.133677        0.020812
BFGS:    4 03:00:29    -1310.133778        0.021606
BFGS:    5 03:00:29    -1310.133897        0.027904
BFGS:    6 03:00:29    -1310.134073        0.031761
BFGS:    7 03:00:29    -1310.134243        0.028642
BFGS:    8 03:00:29    -1310.134396        0.027548
BFGS:    9 03:00:29    -1310.134534        0.025688
BFGS:   10 03:00:29    -1310.134676        0.025102
BFGS:   11 03:00:29    -1310.134825        0.029458
BFGS:   12 03:00:29    -1310.134963        0.026187
BFGS:   13 03:00:29    -1310.135085        0.023149
BFGS:   14 03:00:29    -1310.135199        0.024376
BFGS:   15 03:00:29    -1310.135317        0.024620
BFGS:   16 03:00:29    -1310.135428        0.022446
BFGS:   17 03:00:29    -1310.135517        0.025163
BFGS:   18 03:00:29    -1310.135582        0.020725
BFGS:   19 03:00:29    -1310.135638        0.018362
BFGS:   20 03:00:29    -1310.135695        0.019543
BFGS:   21 03:00:30    -1310.135761        0.021981
BFGS:   22 03:00:30    -1310.135827        0.020257
BFGS:   23 03:00:30    -1310.135891        0.019842
BFGS:   24 03:00:30    -1310.135949        0.016744
BFGS:   25 03:00:30    -1310.136001        0.017110
BFGS:   26 03:00:30    -1310.136043        0.016771
BFGS:   27 03:00:30    -1310.136069        0.009575
BFGS:   28 03:00:30    -1310.136083        0.007384
