      Step     Time          Energy          fmax
BFGS:    0 03:01:02    -1676.861326        0.019979
BFGS:    1 03:01:02    -1676.861368        0.013895
BFGS:    2 03:01:02    -1676.861450        0.025392
BFGS:    3 03:01:02    -1676.861506        0.032448
BFGS:    4 03:01:02    -1676.861591        0.024272
BFGS:    5 03:01:02    -1676.861720        0.022168
BFGS:    6 03:01:02    -1676.861829        0.024207
BFGS:    7 03:01:02    -1676.861982        0.025966
BFGS:    8 03:01:02    -1676.862157        0.028527
BFGS:    9 03:01:02    -1676.862354        0.035425
BFGS:   10 03:01:02    -1676.862530        0.032734
BFGS:   11 03:01:02    -1676.862666        0.025625
BFGS:   12 03:01:02    -1676.862769        0.022129
BFGS:   13 03:01:02    -1676.862855        0.019412
BFGS:   14 03:01:02    -1676.862936        0.023304
BFGS:   15 03:01:02    -1676.863017        0.021270
BFGS:   16 03:01:02    -1676.863108        0.025156
BFGS:   17 03:01:02    -1676.863212        0.024290
BFGS:   18 03:01:02    -1676.863339        0.030421
BFGS:   19 03:01:02    -1676.863476        0.029070
BFGS:   20 03:01:02    -1676.863617        0.030336
BFGS:   21 03:01:02    -1676.863749        0.029551
BFGS:   22 03:01:02    -1676.863882        0.031433
BFGS:   23 03:01:02    -1676.864026        0.033706
BFGS:   24 03:01:02    -1676.864190        0.031847
BFGS:   25 03:01:02    -1676.864354        0.029188
BFGS:   26 03:01:02    -1676.864476        0.018493
BFGS:   27 03:01:02    -1676.864544        0.014607
BFGS:   28 03:01:02    -1676.864582        0.012189
BFGS:   29 03:01:02    -1676.864615        0.013900
BFGS:   30 03:01:02    -1676.864655        0.015040
BFGS:   31 03:01:02    -1676.864699        0.014873
BFGS:   32 03:01:03    -1676.864743        0.014199
BFGS:   33 03:01:03    -1676.864785        0.018198
BFGS:   34 03:01:03    -1676.864835        0.020028
BFGS:   35 03:01:03    -1676.864913        0.022647
BFGS:   36 03:01:03    -1676.865028        0.028193
BFGS:   37 03:01:03    -1676.865202        0.029701
BFGS:   38 03:01:03    -1676.865416        0.033966
BFGS:   39 03:01:03    -1676.865659        0.034029
BFGS:   40 03:01:03    -1676.865900        0.026985
BFGS:   41 03:01:03    -1676.866089        0.025192
BFGS:   42 03:01:03    -1676.866223        0.021048
BFGS:   43 03:01:03    -1676.866322        0.018975
BFGS:   44 03:01:03    -1676.866417        0.022403
BFGS:   45 03:01:03    -1676.866525        0.025833
BFGS:   46 03:01:03    -1676.866658        0.026314
BFGS:   47 03:01:03    -1676.866804        0.034385
BFGS:   48 03:01:03    -1676.866959        0.036145
BFGS:   49 03:01:03    -1676.867125        0.031505
BFGS:   50 03:01:03    -1676.867287        0.029528
BFGS:   51 03:01:03    -1676.867459        0.025270
BFGS:   52 03:01:03    -1676.867596        0.026210
BFGS:   53 03:01:03    -1676.867762        0.030562
BFGS:   54 03:01:03    -1676.867926        0.033012
BFGS:   55 03:01:03    -1676.868057        0.020145
BFGS:   56 03:01:03    -1676.868138        0.022598
BFGS:   57 03:01:03    -1676.868199        0.020830
BFGS:   58 03:01:03    -1676.868263        0.024412
BFGS:   59 03:01:03    -1676.868331        0.021758
BFGS:   60 03:01:03    -1676.868398        0.020937
BFGS:   61 03:01:03    -1676.868459        0.017465
BFGS:   62 03:01:03    -1676.868519        0.020196
BFGS:   63 03:01:03    -1676.868577        0.018854
BFGS:   64 03:01:03    -1676.868651        0.019649
BFGS:   65 03:01:03    -1676.868714        0.016899
BFGS:   66 03:01:03    -1676.868780        0.019496
BFGS:   67 03:01:03    -1676.868842        0.019444
BFGS:   68 03:01:03    -1676.868901        0.016022
BFGS:   69 03:01:03    -1676.868955        0.017713
BFGS:   70 03:01:03    -1676.869002        0.012571
BFGS:   71 03:01:03    -1676.869040        0.014689
BFGS:   72 03:01:03    -1676.869066        0.011625
BFGS:   73 03:01:03    -1676.869087        0.009880
BFGS:   74 03:01:03    -1676.869108        0.011146
BFGS:   75 03:01:03    -1676.869134        0.011413
BFGS:   76 03:01:03    -1676.869159        0.010713
BFGS:   77 03:01:03    -1676.869180        0.008767
BFGS:   78 03:01:03    -1676.869197        0.008355
BFGS:   79 03:01:03    -1676.869214        0.010048
BFGS:   80 03:01:03    -1676.869234        0.010443
BFGS:   81 03:01:03    -1676.869255        0.010687
BFGS:   82 03:01:03    -1676.869273        0.009642
BFGS:   83 03:01:03    -1676.869287        0.009398
BFGS:   84 03:01:03    -1676.869300        0.010915
BFGS:   85 03:01:03    -1676.869314        0.010316
BFGS:   86 03:01:03    -1676.869325        0.006656
