      Step     Time          Energy          fmax
BFGS:    0 02:54:40    -1548.470003        0.843064
BFGS:    1 02:54:41    -1548.479449        0.771616
BFGS:    2 02:54:41    -1548.484336        0.211898
BFGS:    3 02:54:41    -1548.485662        0.099723
BFGS:    4 02:54:41    -1548.487249        0.106019
BFGS:    5 02:54:41    -1548.488517        0.088899
BFGS:    6 02:54:41    -1548.489458        0.094710
BFGS:    7 02:54:41    -1548.490979        0.120873
BFGS:    8 02:54:41    -1548.492528        0.114315
BFGS:    9 02:54:41    -1548.493894        0.086840
BFGS:   10 02:54:41    -1548.494754        0.059799
BFGS:   11 02:54:41    -1548.495265        0.041805
BFGS:   12 02:54:41    -1548.495608        0.044570
BFGS:   13 02:54:41    -1548.495882        0.038309
BFGS:   14 02:54:41    -1548.496140        0.039396
BFGS:   15 02:54:41    -1548.496414        0.040571
BFGS:   16 02:54:41    -1548.496692        0.036088
BFGS:   17 02:54:41    -1548.496967        0.033148
BFGS:   18 02:54:41    -1548.497254        0.035947
BFGS:   19 02:54:41    -1548.497587        0.042109
BFGS:   20 02:54:41    -1548.498007        0.048718
BFGS:   21 02:54:41    -1548.498565        0.052619
BFGS:   22 02:54:41    -1548.499294        0.060082
BFGS:   23 02:54:41    -1548.500120        0.057290
BFGS:   24 02:54:41    -1548.500845        0.053210
BFGS:   25 02:54:41    -1548.501404        0.061021
BFGS:   26 02:54:41    -1548.501906        0.060546
BFGS:   27 02:54:41    -1548.502459        0.065346
BFGS:   28 02:54:41    -1548.503090        0.055938
BFGS:   29 02:54:41    -1548.503667        0.059938
BFGS:   30 02:54:41    -1548.504077        0.049284
BFGS:   31 02:54:41    -1548.504369        0.046997
BFGS:   32 02:54:41    -1548.504675        0.055554
BFGS:   33 02:54:41    -1548.505068        0.058431
BFGS:   34 02:54:41    -1548.505484        0.049769
BFGS:   35 02:54:41    -1548.505836        0.036785
BFGS:   36 02:54:41    -1548.506119        0.032529
BFGS:   37 02:54:41    -1548.506394        0.036767
BFGS:   38 02:54:41    -1548.506685        0.038685
BFGS:   39 02:54:41    -1548.506950        0.039967
BFGS:   40 02:54:41    -1548.507146        0.029805
BFGS:   41 02:54:41    -1548.507283        0.023613
