      Step     Time          Energy          fmax
BFGS:    0 02:54:39    -1309.868055        0.506151
BFGS:    1 02:54:39    -1309.879823        0.459418
BFGS:    2 02:54:39    -1309.895714        0.445557
BFGS:    3 02:54:39    -1309.915766        0.414379
BFGS:    4 02:54:39    -1309.931826        0.414801
BFGS:    5 02:54:39    -1309.943496        0.250002
BFGS:    6 02:54:39    -1309.950848        0.294947
BFGS:    7 02:54:39    -1309.959336        0.298742
BFGS:    8 02:54:39    -1309.969702        0.242459
BFGS:    9 02:54:39    -1309.978283        0.210767
BFGS:   10 02:54:39    -1309.985514        0.190522
BFGS:   11 02:54:39    -1309.991939        0.220029
BFGS:   12 02:54:39    -1309.997090        0.215541
BFGS:   13 02:54:39    -1310.001542        0.155779
BFGS:   14 02:54:39    -1310.005350        0.144776
BFGS:   15 02:54:39    -1310.008493        0.143377
BFGS:   16 02:54:39    -1310.011350        0.176911
BFGS:   17 02:54:39    -1310.014270        0.176490
BFGS:   18 02:54:39    -1310.017447        0.145515
BFGS:   19 02:54:39    -1310.020933        0.184816
BFGS:   20 02:54:39    -1310.024944        0.247450
BFGS:   21 02:54:39    -1310.030007        0.236894
BFGS:   22 02:54:39    -1310.036218        0.208232
BFGS:   23 02:54:39    -1310.042922        0.217162
BFGS:   24 02:54:39    -1310.049360        0.169560
BFGS:   25 02:54:39    -1310.054672        0.179167
BFGS:   26 02:54:39    -1310.058385        0.167057
BFGS:   27 02:54:39    -1310.061259        0.119728
BFGS:   28 02:54:39    -1310.063816        0.133058
BFGS:   29 02:54:39    -1310.065812        0.172118
BFGS:   30 02:54:39    -1310.068537        0.124917
BFGS:   31 02:54:39    -1310.070753        0.137047
BFGS:   32 02:54:39    -1310.071711        0.061183
BFGS:   33 02:54:39    -1310.072249        0.056257
BFGS:   34 02:54:39    -1310.072706        0.068944
BFGS:   35 02:54:39    -1310.073172        0.081956
BFGS:   36 02:54:39    -1310.073870        0.084281
BFGS:   37 02:54:39    -1310.074767        0.074154
BFGS:   38 02:54:39    -1310.075913        0.081586
BFGS:   39 02:54:39    -1310.077070        0.073045
BFGS:   40 02:54:39    -1310.078031        0.075023
BFGS:   41 02:54:39    -1310.078831        0.066679
BFGS:   42 02:54:39    -1310.079644        0.062455
BFGS:   43 02:54:39    -1310.080657        0.071011
BFGS:   44 02:54:39    -1310.081627        0.072333
BFGS:   45 02:54:39    -1310.082400        0.069393
BFGS:   46 02:54:39    -1310.082984        0.071043
BFGS:   47 02:54:39    -1310.083601        0.062047
BFGS:   48 02:54:39    -1310.084305        0.066897
BFGS:   49 02:54:39    -1310.085184        0.080711
BFGS:   50 02:54:39    -1310.086277        0.081645
BFGS:   51 02:54:39    -1310.087792        0.076266
BFGS:   52 02:54:39    -1310.089626        0.085460
BFGS:   53 02:54:39    -1310.091414        0.105305
BFGS:   54 02:54:39    -1310.092542        0.077993
BFGS:   55 02:54:39    -1310.093888        0.139567
BFGS:   56 02:54:39    -1310.095341        0.120557
BFGS:   57 02:54:39    -1310.098243        0.104809
BFGS:   58 02:54:39    -1310.099632        0.103561
BFGS:   59 02:54:39    -1310.101311        0.066819
BFGS:   60 02:54:39    -1310.102072        0.074698
BFGS:   61 02:54:39    -1310.102769        0.073515
BFGS:   62 02:54:39    -1310.103264        0.069341
BFGS:   63 02:54:39    -1310.103709        0.049350
BFGS:   64 02:54:39    -1310.104093        0.045831
BFGS:   65 02:54:39    -1310.104430        0.036921
BFGS:   66 02:54:39    -1310.104715        0.043078
BFGS:   67 02:54:39    -1310.104938        0.041236
BFGS:   68 02:54:39    -1310.105140        0.034113
BFGS:   69 02:54:39    -1310.105373        0.030279
BFGS:   70 02:54:39    -1310.105612        0.037381
BFGS:   71 02:54:39    -1310.105782        0.028789
BFGS:   72 02:54:39    -1310.105880        0.025556
BFGS:   73 02:54:39    -1310.105953        0.019975
