      Step     Time          Energy          fmax
BFGS:    0 03:00:30    -1310.108802        0.024117
BFGS:    1 03:00:30    -1310.108861        0.021994
BFGS:    2 03:00:30    -1310.109029        0.019616
BFGS:    3 03:00:30    -1310.109087        0.022961
BFGS:    4 03:00:30    -1310.109240        0.026732
BFGS:    5 03:00:30    -1310.109366        0.029610
BFGS:    6 03:00:30    -1310.109570        0.038533
BFGS:    7 03:00:30    -1310.109816        0.044835
BFGS:    8 03:00:30    -1310.110142        0.052705
BFGS:    9 03:00:30    -1310.110498        0.054661
BFGS:   10 03:00:30    -1310.110911        0.051865
BFGS:   11 03:00:30    -1310.111399        0.057172
BFGS:   12 03:00:30    -1310.111936        0.060297
BFGS:   13 03:00:30    -1310.112426        0.043070
BFGS:   14 03:00:30    -1310.112814        0.037763
BFGS:   15 03:00:30    -1310.113145        0.043531
BFGS:   16 03:00:30    -1310.113467        0.036815
BFGS:   17 03:00:30    -1310.113755        0.033867
BFGS:   18 03:00:30    -1310.113979        0.034367
BFGS:   19 03:00:30    -1310.114160        0.042090
BFGS:   20 03:00:30    -1310.114330        0.039982
BFGS:   21 03:00:30    -1310.114484        0.028592
BFGS:   22 03:00:30    -1310.114622        0.027002
BFGS:   23 03:00:30    -1310.114764        0.032069
BFGS:   24 03:00:30    -1310.114935        0.037434
BFGS:   25 03:00:30    -1310.115151        0.041531
BFGS:   26 03:00:30    -1310.115407        0.037600
BFGS:   27 03:00:30    -1310.115593        0.026700
BFGS:   28 03:00:30    -1310.115717        0.023481
BFGS:   29 03:00:30    -1310.115832        0.022414
BFGS:   30 03:00:30    -1310.115925        0.020634
BFGS:   31 03:00:30    -1310.116008        0.020395
BFGS:   32 03:00:30    -1310.116100        0.027292
BFGS:   33 03:00:30    -1310.116217        0.031016
BFGS:   34 03:00:30    -1310.116354        0.032531
BFGS:   35 03:00:30    -1310.116505        0.032479
BFGS:   36 03:00:30    -1310.116663        0.032784
BFGS:   37 03:00:30    -1310.116857        0.035975
BFGS:   38 03:00:30    -1310.117102        0.041953
BFGS:   39 03:00:30    -1310.117390        0.050287
BFGS:   40 03:00:30    -1310.117702        0.046010
BFGS:   41 03:00:30    -1310.117979        0.045901
BFGS:   42 03:00:30    -1310.118237        0.049033
BFGS:   43 03:00:30    -1310.118450        0.035944
BFGS:   44 03:00:30    -1310.118731        0.038228
BFGS:   45 03:00:30    -1310.119007        0.035907
BFGS:   46 03:00:30    -1310.119359        0.056032
BFGS:   47 03:00:30    -1310.119709        0.059440
BFGS:   48 03:00:30    -1310.120084        0.067407
BFGS:   49 03:00:30    -1310.120469        0.050820
BFGS:   50 03:00:30    -1310.120915        0.059328
BFGS:   51 03:00:30    -1310.121456        0.070246
BFGS:   52 03:00:30    -1310.122227        0.062486
BFGS:   53 03:00:30    -1310.123015        0.067203
BFGS:   54 03:00:30    -1310.123775        0.065636
BFGS:   55 03:00:30    -1310.124340        0.056674
BFGS:   56 03:00:30    -1310.124680        0.045376
BFGS:   57 03:00:30    -1310.124698        0.076872
BFGS:   58 03:00:30    -1310.125009        0.035407
BFGS:   59 03:00:30    -1310.125127        0.024995
BFGS:   60 03:00:30    -1310.125332        0.023991
BFGS:   61 03:00:30    -1310.125415        0.026141
BFGS:   62 03:00:30    -1310.125554        0.033215
BFGS:   63 03:00:30    -1310.125732        0.035972
BFGS:   64 03:00:30    -1310.125943        0.034851
BFGS:   65 03:00:30    -1310.126131        0.037682
BFGS:   66 03:00:30    -1310.126398        0.055104
BFGS:   67 03:00:30    -1310.126763        0.058024
BFGS:   68 03:00:30    -1310.127186        0.045881
BFGS:   69 03:00:30    -1310.127552        0.042272
BFGS:   70 03:00:30    -1310.127862        0.046439
BFGS:   71 03:00:30    -1310.128196        0.051278
BFGS:   72 03:00:30    -1310.128626        0.060091
BFGS:   73 03:00:30    -1310.129037        0.057013
BFGS:   74 03:00:30    -1310.129389        0.064305
BFGS:   75 03:00:30    -1310.129683        0.041283
BFGS:   76 03:00:30    -1310.129968        0.036306
BFGS:   77 03:00:30    -1310.130238        0.035946
BFGS:   78 03:00:30    -1310.130687        0.041783
BFGS:   79 03:00:30    -1310.131041        0.039273
BFGS:   80 03:00:30    -1310.131279        0.031903
BFGS:   81 03:00:30    -1310.131454        0.030198
BFGS:   82 03:00:30    -1310.131591        0.026888
BFGS:   83 03:00:30    -1310.131701        0.035929
BFGS:   84 03:00:30    -1310.131782        0.019703
BFGS:   85 03:00:30    -1310.131834        0.016131
BFGS:   86 03:00:30    -1310.131862        0.010002
BFGS:   87 03:00:30    -1310.131881        0.010981
BFGS:   88 03:00:30    -1310.131897        0.006067
