      Step     Time          Energy          fmax
BFGS:    0 03:00:48    -1565.777205        0.023457
BFGS:    1 03:00:48    -1565.777263        0.018800
BFGS:    2 03:00:48    -1565.777366        0.029852
BFGS:    3 03:00:48    -1565.777395        0.032848
BFGS:    4 03:00:48    -1565.777436        0.021650
BFGS:    5 03:00:48    -1565.777517        0.017708
BFGS:    6 03:00:48    -1565.777561        0.024494
BFGS:    7 03:00:48    -1565.777656        0.026614
BFGS:    8 03:00:48    -1565.777738        0.017913
BFGS:    9 03:00:48    -1565.777839        0.025750
BFGS:   10 03:00:48    -1565.777939        0.030282
BFGS:   11 03:00:48    -1565.778056        0.033261
BFGS:   12 03:00:48    -1565.778171        0.026621
BFGS:   13 03:00:48    -1565.778303        0.024927
BFGS:   14 03:00:48    -1565.778459        0.025566
BFGS:   15 03:00:48    -1565.778639        0.035874
BFGS:   16 03:00:48    -1565.778820        0.035660
BFGS:   17 03:00:48    -1565.778997        0.037290
BFGS:   18 03:00:48    -1565.779215        0.041652
BFGS:   19 03:00:48    -1565.779534        0.050234
BFGS:   20 03:00:48    -1565.779954        0.062024
BFGS:   21 03:00:48    -1565.780360        0.048982
BFGS:   22 03:00:48    -1565.780654        0.036391
BFGS:   23 03:00:48    -1565.780883        0.040411
BFGS:   24 03:00:48    -1565.781153        0.040695
BFGS:   25 03:00:48    -1565.781497        0.053295
BFGS:   26 03:00:48    -1565.781865        0.049261
BFGS:   27 03:00:48    -1565.782217        0.041776
BFGS:   28 03:00:48    -1565.782591        0.049028
BFGS:   29 03:00:48    -1565.783008        0.058507
BFGS:   30 03:00:48    -1565.783395        0.045562
BFGS:   31 03:00:48    -1565.783695        0.032751
BFGS:   32 03:00:48    -1565.783946        0.036187
BFGS:   33 03:00:48    -1565.784095        0.069896
BFGS:   34 03:00:48    -1565.784477        0.053281
BFGS:   35 03:00:48    -1565.784780        0.034978
BFGS:   36 03:00:48    -1565.785097        0.030514
BFGS:   37 03:00:48    -1565.785237        0.034207
BFGS:   38 03:00:48    -1565.785485        0.041077
BFGS:   39 03:00:48    -1565.785763        0.036312
BFGS:   40 03:00:48    -1565.786002        0.028249
BFGS:   41 03:00:48    -1565.786162        0.027962
BFGS:   42 03:00:48    -1565.786319        0.025858
BFGS:   43 03:00:48    -1565.786510        0.035244
BFGS:   44 03:00:48    -1565.786752        0.048666
BFGS:   45 03:00:48    -1565.787053        0.054997
BFGS:   46 03:00:48    -1565.787402        0.058334
BFGS:   47 03:00:48    -1565.787762        0.057577
BFGS:   48 03:00:48    -1565.788074        0.046244
BFGS:   49 03:00:48    -1565.788339        0.040652
BFGS:   50 03:00:48    -1565.788591        0.046418
BFGS:   51 03:00:48    -1565.788866        0.043109
BFGS:   52 03:00:48    -1565.789173        0.042743
BFGS:   53 03:00:48    -1565.789504        0.039918
BFGS:   54 03:00:48    -1565.789761        0.045641
BFGS:   55 03:00:48    -1565.790010        0.038398
BFGS:   56 03:00:48    -1565.790226        0.039656
BFGS:   57 03:00:48    -1565.790409        0.034391
BFGS:   58 03:00:48    -1565.790581        0.040026
BFGS:   59 03:00:48    -1565.790785        0.041381
BFGS:   60 03:00:48    -1565.791026        0.034209
BFGS:   61 03:00:48    -1565.791249        0.027362
BFGS:   62 03:00:48    -1565.791406        0.021752
BFGS:   63 03:00:48    -1565.791517        0.022919
BFGS:   64 03:00:49    -1565.791604        0.017222
BFGS:   65 03:00:49    -1565.791683        0.016293
BFGS:   66 03:00:49    -1565.791753        0.018532
BFGS:   67 03:00:49    -1565.791823        0.022976
BFGS:   68 03:00:49    -1565.791901        0.024231
BFGS:   69 03:00:49    -1565.791977        0.015761
BFGS:   70 03:00:49    -1565.792033        0.017735
BFGS:   71 03:00:49    -1565.792087        0.017840
BFGS:   72 03:00:49    -1565.792156        0.022457
BFGS:   73 03:00:49    -1565.792244        0.021098
BFGS:   74 03:00:49    -1565.792324        0.017262
BFGS:   75 03:00:49    -1565.792375        0.015991
BFGS:   76 03:00:49    -1565.792412        0.015603
BFGS:   77 03:00:49    -1565.792453        0.013122
BFGS:   78 03:00:49    -1565.792504        0.015312
BFGS:   79 03:00:49    -1565.792550        0.015226
BFGS:   80 03:00:49    -1565.792581        0.014123
BFGS:   81 03:00:49    -1565.792608        0.014073
BFGS:   82 03:00:49    -1565.792640        0.012465
BFGS:   83 03:00:49    -1565.792684        0.015630
BFGS:   84 03:00:49    -1565.792724        0.015402
BFGS:   85 03:00:49    -1565.792768        0.012659
BFGS:   86 03:00:49    -1565.792809        0.013968
BFGS:   87 03:00:49    -1565.792871        0.017439
BFGS:   88 03:00:49    -1565.792948        0.021020
BFGS:   89 03:00:49    -1565.793031        0.024770
BFGS:   90 03:00:49    -1565.793099        0.019959
BFGS:   91 03:00:49    -1565.793148        0.017244
BFGS:   92 03:00:49    -1565.793186        0.014004
BFGS:   93 03:00:49    -1565.793223        0.011268
BFGS:   94 03:00:49    -1565.793250        0.015965
BFGS:   95 03:00:49    -1565.793286        0.011369
BFGS:   96 03:00:49    -1565.793318        0.013587
BFGS:   97 03:00:49    -1565.793356        0.013519
BFGS:   98 03:00:49    -1565.793389        0.014449
BFGS:   99 03:00:49    -1565.793417        0.012881
BFGS:  100 03:00:49    -1565.793441        0.013945
BFGS:  101 03:00:49    -1565.793474        0.013373
BFGS:  102 03:00:49    -1565.793515        0.016514
BFGS:  103 03:00:49    -1565.793551        0.015277
BFGS:  104 03:00:49    -1565.793576        0.011976
BFGS:  105 03:00:49    -1565.793598        0.014429
BFGS:  106 03:00:49    -1565.793624        0.020358
BFGS:  107 03:00:49    -1565.793659        0.025486
BFGS:  108 03:00:49    -1565.793701        0.023353
BFGS:  109 03:00:49    -1565.793745        0.014482
BFGS:  110 03:00:49    -1565.793780        0.012108
BFGS:  111 03:00:49    -1565.793817        0.023086
BFGS:  112 03:00:49    -1565.793865        0.032651
BFGS:  113 03:00:49    -1565.793945        0.037329
BFGS:  114 03:00:49    -1565.794055        0.031951
BFGS:  115 03:00:49    -1565.794185        0.023040
BFGS:  116 03:00:49    -1565.794316        0.023378
BFGS:  117 03:00:49    -1565.794439        0.021443
BFGS:  118 03:00:49    -1565.794587        0.025302
BFGS:  119 03:00:49    -1565.794757        0.032391
BFGS:  120 03:00:49    -1565.794915        0.039687
BFGS:  121 03:00:49    -1565.795053        0.037886
BFGS:  122 03:00:49    -1565.795153        0.021529
BFGS:  123 03:00:49    -1565.795224        0.015715
BFGS:  124 03:00:49    -1565.795252        0.014073
BFGS:  125 03:00:49    -1565.795288        0.012492
BFGS:  126 03:00:49    -1565.795311        0.014126
BFGS:  127 03:00:49    -1565.795337        0.013108
BFGS:  128 03:00:49    -1565.795384        0.018826
BFGS:  129 03:00:49    -1565.795458        0.025836
BFGS:  130 03:00:49    -1565.795554        0.027004
BFGS:  131 03:00:49    -1565.795662        0.021023
BFGS:  132 03:00:49    -1565.795768        0.028799
BFGS:  133 03:00:49    -1565.795875        0.031912
BFGS:  134 03:00:49    -1565.796022        0.039363
BFGS:  135 03:00:49    -1565.796232        0.036076
BFGS:  136 03:00:49    -1565.796840        0.035504
BFGS:  137 03:00:49    -1565.797099        0.038511
BFGS:  138 03:00:49    -1565.797447        0.036427
BFGS:  139 03:00:49    -1565.797662        0.029475
BFGS:  140 03:00:49    -1565.797811        0.040112
BFGS:  141 03:00:49    -1565.797945        0.039851
BFGS:  142 03:00:49    -1565.798066        0.021853
BFGS:  143 03:00:49    -1565.798173        0.018917
BFGS:  144 03:00:49    -1565.798266        0.019804
BFGS:  145 03:00:49    -1565.798498        0.025319
BFGS:  146 03:00:49    -1565.798722        0.028286
BFGS:  147 03:00:49    -1565.798899        0.025496
BFGS:  148 03:00:49    -1565.799028        0.027691
BFGS:  149 03:00:49    -1565.799162        0.026616
BFGS:  150 03:00:49    -1565.799312        0.038333
BFGS:  151 03:00:49    -1565.799463        0.026693
BFGS:  152 03:00:49    -1565.799558        0.027703
BFGS:  153 03:00:49    -1565.799618        0.024522
BFGS:  154 03:00:49    -1565.799723        0.016919
BFGS:  155 03:00:49    -1565.799827        0.022048
BFGS:  156 03:00:49    -1565.799909        0.018801
BFGS:  157 03:00:49    -1565.799968        0.016259
BFGS:  158 03:00:49    -1565.800033        0.016537
BFGS:  159 03:00:49    -1565.800117        0.019529
BFGS:  160 03:00:49    -1565.800216        0.019386
BFGS:  161 03:00:49    -1565.800309        0.015841
BFGS:  162 03:00:49    -1565.800375        0.013508
BFGS:  163 03:00:49    -1565.800421        0.012969
BFGS:  164 03:00:49    -1565.800461        0.016706
BFGS:  165 03:00:49    -1565.800507        0.016639
BFGS:  166 03:00:50    -1565.800564        0.014470
BFGS:  167 03:00:50    -1565.800633        0.017321
BFGS:  168 03:00:50    -1565.800693        0.015194
BFGS:  169 03:00:50    -1565.800747        0.014735
BFGS:  170 03:00:50    -1565.800782        0.014251
BFGS:  171 03:00:50    -1565.800816        0.019138
BFGS:  172 03:00:50    -1565.800851        0.016076
BFGS:  173 03:00:50    -1565.800901        0.015175
BFGS:  174 03:00:50    -1565.800942        0.015288
BFGS:  175 03:00:50    -1565.801018        0.018697
BFGS:  176 03:00:50    -1565.801142        0.024814
BFGS:  177 03:00:50    -1565.801390        0.044649
BFGS:  178 03:00:50    -1565.801832        0.072946
BFGS:  179 03:00:50    -1565.802706        0.108707
BFGS:  180 03:00:50    -1565.804279        0.130650
BFGS:  181 03:00:50    -1565.806962        0.107680
BFGS:  182 03:00:50    -1565.807559        0.304120
BFGS:  183 03:00:50    -1565.811449        0.133375
BFGS:  184 03:00:50    -1565.813114        0.083431
BFGS:  185 03:00:50    -1565.813535        0.335824
BFGS:  186 03:00:50    -1565.815127        0.147453
BFGS:  187 03:00:50    -1565.816142        0.055001
BFGS:  188 03:00:50    -1565.817411        0.090419
BFGS:  189 03:00:50    -1565.818487        0.225128
BFGS:  190 03:00:50    -1565.819619        0.072698
BFGS:  191 03:00:50    -1565.820367        0.082855
BFGS:  192 03:00:50    -1565.821395        0.076300
BFGS:  193 03:00:50    -1565.822353        0.119941
BFGS:  194 03:00:50    -1565.822855        0.064840
BFGS:  195 03:00:50    -1565.823193        0.104464
BFGS:  196 03:00:50    -1565.822988        0.115172
BFGS:  197 03:00:50    -1565.823560        0.031870
BFGS:  198 03:00:50    -1565.823678        0.044514
BFGS:  199 03:00:50    -1565.823816        0.040301
BFGS:  200 03:00:50    -1565.823942        0.025061
BFGS:  201 03:00:50    -1565.824051        0.030421
BFGS:  202 03:00:50    -1565.824189        0.033534
BFGS:  203 03:00:50    -1565.824308        0.036982
BFGS:  204 03:00:50    -1565.824438        0.024268
BFGS:  205 03:00:50    -1565.824567        0.022600
BFGS:  206 03:00:50    -1565.824642        0.023438
BFGS:  207 03:00:50    -1565.824709        0.020326
BFGS:  208 03:00:50    -1565.824762        0.018753
BFGS:  209 03:00:50    -1565.824799        0.028980
BFGS:  210 03:00:50    -1565.824840        0.015504
BFGS:  211 03:00:50    -1565.824926        0.014843
BFGS:  212 03:00:50    -1565.825009        0.016204
BFGS:  213 03:00:50    -1565.825135        0.020217
BFGS:  214 03:00:50    -1565.825255        0.027043
BFGS:  215 03:00:50    -1565.825410        0.036421
BFGS:  216 03:00:50    -1565.825649        0.041779
BFGS:  217 03:00:50    -1565.825913        0.062061
BFGS:  218 03:00:50    -1565.826266        0.055804
BFGS:  219 03:00:50    -1565.826879        0.066221
BFGS:  220 03:00:50    -1565.827541        0.076655
BFGS:  221 03:00:50    -1565.828267        0.095141
BFGS:  222 03:00:50    -1565.828823        0.069192
BFGS:  223 03:00:50    -1565.829214        0.074711
BFGS:  224 03:00:50    -1565.829601        0.042643
BFGS:  225 03:00:50    -1565.829827        0.026597
BFGS:  226 03:00:50    -1565.830041        0.028552
BFGS:  227 03:00:50    -1565.830142        0.031465
BFGS:  228 03:00:50    -1565.830212        0.022776
BFGS:  229 03:00:50    -1565.830272        0.013684
BFGS:  230 03:00:50    -1565.830296        0.011330
BFGS:  231 03:00:50    -1565.830307        0.008872
BFGS:  232 03:00:50    -1565.830314        0.003643
