      Step     Time          Energy          fmax
BFGS:    0 03:00:50    -1824.295643        0.024352
BFGS:    1 03:00:50    -1824.295740        0.020837
BFGS:    2 03:00:50    -1824.295964        0.023003
BFGS:    3 03:00:50    -1824.296038        0.027232
BFGS:    4 03:00:50    -1824.296235        0.028427
BFGS:    5 03:00:50    -1824.296393        0.038859
BFGS:    6 03:00:50    -1824.296579        0.029303
BFGS:    7 03:00:50    -1824.296786        0.034022
BFGS:    8 03:00:50    -1824.297055        0.038314
BFGS:    9 03:00:50    -1824.297309        0.029851
BFGS:   10 03:00:50    -1824.297510        0.028377
BFGS:   11 03:00:50    -1824.297679        0.031802
BFGS:   12 03:00:50    -1824.297851        0.033259
BFGS:   13 03:00:51    -1824.298020        0.027273
BFGS:   14 03:00:51    -1824.298171        0.024998
BFGS:   15 03:00:51    -1824.298319        0.026616
BFGS:   16 03:00:51    -1824.298501        0.030467
BFGS:   17 03:00:51    -1824.298740        0.032486
BFGS:   18 03:00:51    -1824.299028        0.038894
BFGS:   19 03:00:51    -1824.299338        0.038371
BFGS:   20 03:00:51    -1824.299644        0.029108
BFGS:   21 03:00:51    -1824.299924        0.034140
BFGS:   22 03:00:51    -1824.300164        0.032376
BFGS:   23 03:00:51    -1824.300385        0.033732
BFGS:   24 03:00:51    -1824.300631        0.034774
BFGS:   25 03:00:51    -1824.300934        0.039603
BFGS:   26 03:00:51    -1824.301273        0.037343
BFGS:   27 03:00:51    -1824.301605        0.044386
BFGS:   28 03:00:51    -1824.301918        0.040618
BFGS:   29 03:00:51    -1824.302254        0.041620
BFGS:   30 03:00:51    -1824.302588        0.037144
BFGS:   31 03:00:51    -1824.302861        0.028343
BFGS:   32 03:00:51    -1824.303058        0.026889
BFGS:   33 03:00:51    -1824.303239        0.030425
BFGS:   34 03:00:51    -1824.303446        0.035954
BFGS:   35 03:00:51    -1824.303665        0.026406
BFGS:   36 03:00:51    -1824.303865        0.024577
BFGS:   37 03:00:51    -1824.304053        0.031746
BFGS:   38 03:00:51    -1824.304294        0.038984
BFGS:   39 03:00:51    -1824.304613        0.047954
BFGS:   40 03:00:51    -1824.304999        0.040482
BFGS:   41 03:00:51    -1824.305408        0.039224
BFGS:   42 03:00:51    -1824.305844        0.046273
BFGS:   43 03:00:51    -1824.306333        0.059521
BFGS:   44 03:00:51    -1824.306882        0.056533
BFGS:   45 03:00:51    -1824.307468        0.059345
BFGS:   46 03:00:51    -1824.308099        0.063368
BFGS:   47 03:00:51    -1824.308798        0.055293
BFGS:   48 03:00:51    -1824.309527        0.068424
BFGS:   49 03:00:51    -1824.310080        0.052088
BFGS:   50 03:00:51    -1824.310462        0.050874
BFGS:   51 03:00:51    -1824.310890        0.044026
BFGS:   52 03:00:51    -1824.311497        0.058872
BFGS:   53 03:00:51    -1824.312026        0.053721
BFGS:   54 03:00:51    -1824.312553        0.037656
BFGS:   55 03:00:51    -1824.312925        0.040538
BFGS:   56 03:00:51    -1824.313294        0.049468
BFGS:   57 03:00:51    -1824.313736        0.052198
BFGS:   58 03:00:51    -1824.314161        0.035097
BFGS:   59 03:00:51    -1824.314544        0.038366
BFGS:   60 03:00:51    -1824.314923        0.039100
BFGS:   61 03:00:51    -1824.315310        0.041686
BFGS:   62 03:00:51    -1824.315645        0.036313
BFGS:   63 03:00:51    -1824.315861        0.038915
BFGS:   64 03:00:51    -1824.316010        0.029483
BFGS:   65 03:00:51    -1824.316135        0.024896
BFGS:   66 03:00:51    -1824.316308        0.021463
BFGS:   67 03:00:51    -1824.316419        0.024060
BFGS:   68 03:00:51    -1824.316615        0.025105
BFGS:   69 03:00:51    -1824.316835        0.028650
BFGS:   70 03:00:51    -1824.317094        0.029170
BFGS:   71 03:00:51    -1824.317316        0.033184
BFGS:   72 03:00:51    -1824.317488        0.031618
BFGS:   73 03:00:51    -1824.317646        0.024495
BFGS:   74 03:00:51    -1824.317805        0.026903
BFGS:   75 03:00:51    -1824.317954        0.021917
BFGS:   76 03:00:51    -1824.318075        0.023552
BFGS:   77 03:00:52    -1824.318181        0.022160
BFGS:   78 03:00:52    -1824.318296        0.024408
BFGS:   79 03:00:52    -1824.318414        0.023079
BFGS:   80 03:00:52    -1824.318534        0.025166
BFGS:   81 03:00:52    -1824.318657        0.027943
BFGS:   82 03:00:52    -1824.318812        0.031982
BFGS:   83 03:00:52    -1824.319009        0.030296
BFGS:   84 03:00:52    -1824.319199        0.021453
BFGS:   85 03:00:52    -1824.319338        0.021127
BFGS:   86 03:00:52    -1824.319440        0.024119
BFGS:   87 03:00:52    -1824.319565        0.027377
BFGS:   88 03:00:52    -1824.319748        0.031336
BFGS:   89 03:00:52    -1824.319989        0.039342
BFGS:   90 03:00:52    -1824.320220        0.030470
BFGS:   91 03:00:52    -1824.320404        0.030340
BFGS:   92 03:00:52    -1824.320562        0.027816
BFGS:   93 03:00:52    -1824.320767        0.026387
BFGS:   94 03:00:52    -1824.321034        0.034868
BFGS:   95 03:00:52    -1824.321366        0.042011
BFGS:   96 03:00:52    -1824.321713        0.036828
BFGS:   97 03:00:52    -1824.322098        0.029579
BFGS:   98 03:00:52    -1824.322512        0.037221
BFGS:   99 03:00:52    -1824.322920        0.038847
BFGS:  100 03:00:52    -1824.323277        0.040115
BFGS:  101 03:00:52    -1824.323586        0.039888
BFGS:  102 03:00:52    -1824.323864        0.040565
BFGS:  103 03:00:52    -1824.324167        0.039877
BFGS:  104 03:00:52    -1824.324526        0.041567
BFGS:  105 03:00:52    -1824.324888        0.039616
BFGS:  106 03:00:52    -1824.325201        0.042862
BFGS:  107 03:00:52    -1824.325442        0.038182
BFGS:  108 03:00:52    -1824.325624        0.023527
BFGS:  109 03:00:52    -1824.325787        0.028541
BFGS:  110 03:00:52    -1824.325967        0.026440
BFGS:  111 03:00:52    -1824.326135        0.032592
BFGS:  112 03:00:52    -1824.326307        0.028869
BFGS:  113 03:00:52    -1824.326492        0.026378
BFGS:  114 03:00:52    -1824.326656        0.028613
BFGS:  115 03:00:52    -1824.326827        0.028961
BFGS:  116 03:00:52    -1824.327023        0.030586
BFGS:  117 03:00:52    -1824.327270        0.029620
BFGS:  118 03:00:52    -1824.327574        0.037698
BFGS:  119 03:00:52    -1824.327928        0.042448
BFGS:  120 03:00:52    -1824.328279        0.039378
BFGS:  121 03:00:52    -1824.328572        0.051539
BFGS:  122 03:00:52    -1824.328790        0.024150
BFGS:  123 03:00:52    -1824.328937        0.018952
BFGS:  124 03:00:52    -1824.329036        0.021567
BFGS:  125 03:00:52    -1824.329140        0.017478
BFGS:  126 03:00:52    -1824.329206        0.016845
BFGS:  127 03:00:52    -1824.329253        0.013384
BFGS:  128 03:00:52    -1824.329301        0.014883
BFGS:  129 03:00:52    -1824.329361        0.016403
BFGS:  130 03:00:52    -1824.329443        0.015930
BFGS:  131 03:00:52    -1824.329536        0.021747
BFGS:  132 03:00:52    -1824.329658        0.025015
BFGS:  133 03:00:52    -1824.329808        0.028538
BFGS:  134 03:00:52    -1824.329980        0.024245
BFGS:  135 03:00:52    -1824.330125        0.024130
BFGS:  136 03:00:52    -1824.330239        0.020870
BFGS:  137 03:00:52    -1824.330343        0.019917
BFGS:  138 03:00:52    -1824.330461        0.023022
BFGS:  139 03:00:52    -1824.330584        0.022813
BFGS:  140 03:00:52    -1824.330690        0.020318
BFGS:  141 03:00:52    -1824.330781        0.019728
BFGS:  142 03:00:52    -1824.330871        0.022636
BFGS:  143 03:00:53    -1824.330965        0.017240
BFGS:  144 03:00:53    -1824.331053        0.015629
BFGS:  145 03:00:53    -1824.331131        0.017793
BFGS:  146 03:00:53    -1824.331218        0.015954
BFGS:  147 03:00:53    -1824.331320        0.018900
BFGS:  148 03:00:53    -1824.331426        0.020636
BFGS:  149 03:00:53    -1824.331519        0.020140
BFGS:  150 03:00:53    -1824.331607        0.017951
BFGS:  151 03:00:53    -1824.331704        0.017359
BFGS:  152 03:00:53    -1824.331810        0.019512
BFGS:  153 03:00:53    -1824.331907        0.017846
BFGS:  154 03:00:53    -1824.331980        0.019569
BFGS:  155 03:00:53    -1824.332039        0.019857
BFGS:  156 03:00:53    -1824.332082        0.015289
BFGS:  157 03:00:53    -1824.332116        0.011455
BFGS:  158 03:00:53    -1824.332146        0.010249
BFGS:  159 03:00:53    -1824.332182        0.017651
BFGS:  160 03:00:53    -1824.332235        0.024996
BFGS:  161 03:00:53    -1824.332301        0.026541
BFGS:  162 03:00:53    -1824.332388        0.019932
BFGS:  163 03:00:53    -1824.332482        0.019348
BFGS:  164 03:00:53    -1824.332591        0.020605
BFGS:  165 03:00:53    -1824.332710        0.029494
BFGS:  166 03:00:53    -1824.332814        0.025758
BFGS:  167 03:00:53    -1824.332897        0.019610
BFGS:  168 03:00:53    -1824.332968        0.017950
BFGS:  169 03:00:53    -1824.333037        0.019816
BFGS:  170 03:00:53    -1824.333106        0.022600
BFGS:  171 03:00:53    -1824.333164        0.016467
BFGS:  172 03:00:53    -1824.333207        0.011538
BFGS:  173 03:00:53    -1824.333247        0.012641
BFGS:  174 03:00:53    -1824.333293        0.015236
BFGS:  175 03:00:53    -1824.333353        0.012932
BFGS:  176 03:00:53    -1824.333409        0.016188
BFGS:  177 03:00:53    -1824.333466        0.012262
BFGS:  178 03:00:53    -1824.333513        0.011044
BFGS:  179 03:00:53    -1824.333546        0.009177
BFGS:  180 03:00:53    -1824.333567        0.007984
