      Step     Time          Energy          fmax
BFGS:    0 03:00:36    -1548.491945        0.017471
BFGS:    1 03:00:36    -1548.491977        0.014644
BFGS:    2 03:00:36    -1548.492064        0.013583
BFGS:    3 03:00:36    -1548.492090        0.014890
BFGS:    4 03:00:36    -1548.492158        0.018430
BFGS:    5 03:00:36    -1548.492204        0.021083
BFGS:    6 03:00:36    -1548.492254        0.017449
BFGS:    7 03:00:36    -1548.492313        0.017830
BFGS:    8 03:00:36    -1548.492400        0.027576
BFGS:    9 03:00:36    -1548.492504        0.035424
BFGS:   10 03:00:36    -1548.492605        0.023086
BFGS:   11 03:00:36    -1548.492702        0.019429
BFGS:   12 03:00:36    -1548.492802        0.020658
BFGS:   13 03:00:36    -1548.492910        0.030988
BFGS:   14 03:00:36    -1548.493009        0.025146
BFGS:   15 03:00:36    -1548.493106        0.028135
BFGS:   16 03:00:36    -1548.493217        0.027492
BFGS:   17 03:00:36    -1548.493371        0.034631
BFGS:   18 03:00:36    -1548.493576        0.042394
BFGS:   19 03:00:36    -1548.493819        0.035156
BFGS:   20 03:00:36    -1548.494085        0.038105
BFGS:   21 03:00:36    -1548.494376        0.048890
BFGS:   22 03:00:36    -1548.494711        0.057005
BFGS:   23 03:00:36    -1548.495130        0.061973
BFGS:   24 03:00:36    -1548.495662        0.061927
BFGS:   25 03:00:36    -1548.496275        0.058082
BFGS:   26 03:00:36    -1548.496975        0.063833
BFGS:   27 03:00:36    -1548.497681        0.063363
BFGS:   28 03:00:36    -1548.498109        0.078150
BFGS:   29 03:00:36    -1548.498545        0.071042
BFGS:   30 03:00:36    -1548.498920        0.040054
BFGS:   31 03:00:36    -1548.499434        0.039937
BFGS:   32 03:00:36    -1548.499958        0.062363
BFGS:   33 03:00:36    -1548.500702        0.079274
BFGS:   34 03:00:36    -1548.501511        0.066650
BFGS:   35 03:00:36    -1548.502273        0.052867
BFGS:   36 03:00:36    -1548.502893        0.064856
BFGS:   37 03:00:36    -1548.503176        0.088560
BFGS:   38 03:00:36    -1548.504159        0.087587
BFGS:   39 03:00:36    -1548.504875        0.076903
BFGS:   40 03:00:36    -1548.507167        0.102261
BFGS:   41 03:00:36    -1548.507985        0.083168
BFGS:   42 03:00:36    -1548.510342        0.093586
BFGS:   43 03:00:36    -1548.511703        0.070985
BFGS:   44 03:00:36    -1548.512466        0.101890
BFGS:   45 03:00:36    -1548.513288        0.050579
BFGS:   46 03:00:36    -1548.514043        0.050453
BFGS:   47 03:00:36    -1548.515201        0.068682
BFGS:   48 03:00:36    -1548.516528        0.083474
BFGS:   49 03:00:36    -1548.518117        0.103187
BFGS:   50 03:00:36    -1548.520509        0.111956
BFGS:   51 03:00:36    -1548.523558        0.121411
BFGS:   52 03:00:36    -1548.525209        0.246634
BFGS:   53 03:00:36    -1548.528593        0.124893
BFGS:   54 03:00:36    -1548.530648        0.095197
BFGS:   55 03:00:36    -1548.533041        0.073064
BFGS:   56 03:00:36    -1548.533715        0.069883
BFGS:   57 03:00:36    -1548.534763        0.093150
BFGS:   58 03:00:36    -1548.535893        0.088647
BFGS:   59 03:00:36    -1548.536726        0.072741
BFGS:   60 03:00:37    -1548.537790        0.067895
BFGS:   61 03:00:37    -1548.538775        0.064681
BFGS:   62 03:00:37    -1548.539708        0.058044
BFGS:   63 03:00:37    -1548.540600        0.058464
BFGS:   64 03:00:37    -1548.541501        0.055268
BFGS:   65 03:00:37    -1548.542229        0.056400
BFGS:   66 03:00:37    -1548.542798        0.067300
BFGS:   67 03:00:37    -1548.543281        0.043538
BFGS:   68 03:00:37    -1548.543848        0.041512
BFGS:   69 03:00:37    -1548.544390        0.060492
BFGS:   70 03:00:37    -1548.545030        0.065578
BFGS:   71 03:00:37    -1548.545672        0.059696
BFGS:   72 03:00:37    -1548.546413        0.052987
BFGS:   73 03:00:37    -1548.547211        0.049369
BFGS:   74 03:00:37    -1548.547822        0.037839
BFGS:   75 03:00:37    -1548.548186        0.033067
BFGS:   76 03:00:37    -1548.548453        0.030120
BFGS:   77 03:00:37    -1548.548700        0.034668
BFGS:   78 03:00:37    -1548.548906        0.034718
BFGS:   79 03:00:37    -1548.549055        0.029468
BFGS:   80 03:00:37    -1548.549186        0.025894
BFGS:   81 03:00:37    -1548.549337        0.029936
BFGS:   82 03:00:37    -1548.549503        0.025040
BFGS:   83 03:00:37    -1548.549647        0.021630
BFGS:   84 03:00:37    -1548.549752        0.021296
BFGS:   85 03:00:37    -1548.549837        0.016385
BFGS:   86 03:00:37    -1548.549915        0.016472
BFGS:   87 03:00:37    -1548.549972        0.013822
BFGS:   88 03:00:37    -1548.550006        0.010533
BFGS:   89 03:00:37    -1548.550030        0.011975
BFGS:   90 03:00:37    -1548.550051        0.013884
BFGS:   91 03:00:37    -1548.550077        0.012506
BFGS:   92 03:00:37    -1548.550106        0.015749
BFGS:   93 03:00:37    -1548.550139        0.014203
BFGS:   94 03:00:37    -1548.550175        0.013129
BFGS:   95 03:00:37    -1548.550212        0.015911
BFGS:   96 03:00:37    -1548.550242        0.013722
BFGS:   97 03:00:37    -1548.550261        0.009884
BFGS:   98 03:00:37    -1548.550279        0.008102
BFGS:   99 03:00:37    -1548.550300        0.010847
BFGS:  100 03:00:37    -1548.550333        0.011938
BFGS:  101 03:00:37    -1548.550372        0.014143
BFGS:  102 03:00:37    -1548.550409        0.013798
BFGS:  103 03:00:37    -1548.550437        0.009448
BFGS:  104 03:00:37    -1548.550459        0.009157
BFGS:  105 03:00:37    -1548.550478        0.008695
BFGS:  106 03:00:37    -1548.550497        0.008509
BFGS:  107 03:00:37    -1548.550519        0.010231
BFGS:  108 03:00:37    -1548.550547        0.016293
BFGS:  109 03:00:37    -1548.550584        0.017769
BFGS:  110 03:00:37    -1548.550629        0.017711
BFGS:  111 03:00:37    -1548.550667        0.016269
BFGS:  112 03:00:37    -1548.550703        0.012266
BFGS:  113 03:00:37    -1548.550731        0.011775
BFGS:  114 03:00:37    -1548.550761        0.011423
BFGS:  115 03:00:37    -1548.550788        0.009756
BFGS:  116 03:00:37    -1548.550807        0.007924
