      Step     Time          Energy          fmax
BFGS:    0 03:00:39    -1548.544984        0.020097
BFGS:    1 03:00:39    -1548.545024        0.017918
BFGS:    2 03:00:39    -1548.545152        0.023050
BFGS:    3 03:00:39    -1548.545193        0.029277
BFGS:    4 03:00:39    -1548.545276        0.032471
BFGS:    5 03:00:39    -1548.545451        0.028429
BFGS:    6 03:00:39    -1548.545557        0.023696
BFGS:    7 03:00:39    -1548.545700        0.026116
BFGS:    8 03:00:39    -1548.545812        0.029389
BFGS:    9 03:00:39    -1548.545928        0.027622
BFGS:   10 03:00:39    -1548.546033        0.025623
BFGS:   11 03:00:39    -1548.546127        0.019309
BFGS:   12 03:00:39    -1548.546202        0.017979
BFGS:   13 03:00:39    -1548.546272        0.017387
BFGS:   14 03:00:39    -1548.546349        0.020420
BFGS:   15 03:00:39    -1548.546442        0.025599
BFGS:   16 03:00:39    -1548.546542        0.024684
BFGS:   17 03:00:39    -1548.546644        0.021444
BFGS:   18 03:00:39    -1548.546752        0.022429
BFGS:   19 03:00:39    -1548.546867        0.023040
BFGS:   20 03:00:39    -1548.546995        0.030171
BFGS:   21 03:00:39    -1548.547136        0.030501
BFGS:   22 03:00:39    -1548.547282        0.027596
BFGS:   23 03:00:39    -1548.547417        0.026626
BFGS:   24 03:00:39    -1548.547529        0.024299
BFGS:   25 03:00:39    -1548.547626        0.028857
BFGS:   26 03:00:39    -1548.547717        0.026587
BFGS:   27 03:00:39    -1548.547806        0.017645
BFGS:   28 03:00:39    -1548.547885        0.020928
BFGS:   29 03:00:40    -1548.547950        0.025262
BFGS:   30 03:00:40    -1548.548008        0.023577
BFGS:   31 03:00:40    -1548.548068        0.014874
BFGS:   32 03:00:40    -1548.548135        0.019482
BFGS:   33 03:00:40    -1548.548200        0.019476
BFGS:   34 03:00:40    -1548.548266        0.019088
BFGS:   35 03:00:40    -1548.548321        0.017013
BFGS:   36 03:00:40    -1548.548368        0.014350
BFGS:   37 03:00:40    -1548.548402        0.013989
BFGS:   38 03:00:40    -1548.548429        0.013266
BFGS:   39 03:00:40    -1548.548452        0.012358
BFGS:   40 03:00:40    -1548.548476        0.013688
BFGS:   41 03:00:40    -1548.548504        0.014915
BFGS:   42 03:00:40    -1548.548541        0.015416
BFGS:   43 03:00:40    -1548.548587        0.016295
BFGS:   44 03:00:40    -1548.548648        0.017591
BFGS:   45 03:00:40    -1548.548713        0.019114
BFGS:   46 03:00:40    -1548.548791        0.021018
BFGS:   47 03:00:40    -1548.548868        0.020456
BFGS:   48 03:00:40    -1548.548952        0.020097
BFGS:   49 03:00:40    -1548.549027        0.019176
BFGS:   50 03:00:40    -1548.549091        0.016416
BFGS:   51 03:00:40    -1548.549152        0.018034
BFGS:   52 03:00:40    -1548.549223        0.022030
BFGS:   53 03:00:40    -1548.549325        0.021385
BFGS:   54 03:00:40    -1548.549438        0.024793
BFGS:   55 03:00:40    -1548.549557        0.026959
BFGS:   56 03:00:40    -1548.549688        0.031906
BFGS:   57 03:00:40    -1548.549863        0.040058
BFGS:   58 03:00:40    -1548.550072        0.035750
BFGS:   59 03:00:40    -1548.550269        0.028227
BFGS:   60 03:00:40    -1548.550326        0.052800
BFGS:   61 03:00:40    -1548.550488        0.025073
BFGS:   62 03:00:40    -1548.550569        0.019176
BFGS:   63 03:00:40    -1548.550671        0.014506
BFGS:   64 03:00:40    -1548.550727        0.014337
BFGS:   65 03:00:40    -1548.550784        0.015607
BFGS:   66 03:00:40    -1548.550886        0.017271
BFGS:   67 03:00:40    -1548.550995        0.020348
BFGS:   68 03:00:40    -1548.551127        0.021958
BFGS:   69 03:00:40    -1548.551222        0.023536
BFGS:   70 03:00:40    -1548.551307        0.021314
BFGS:   71 03:00:40    -1548.551395        0.022324
BFGS:   72 03:00:40    -1548.551508        0.025673
BFGS:   73 03:00:40    -1548.551633        0.019435
BFGS:   74 03:00:40    -1548.551738        0.021023
BFGS:   75 03:00:40    -1548.551811        0.017465
BFGS:   76 03:00:40    -1548.551888        0.015792
BFGS:   77 03:00:40    -1548.551973        0.016984
BFGS:   78 03:00:40    -1548.552065        0.020812
BFGS:   79 03:00:40    -1548.552195        0.028126
BFGS:   80 03:00:40    -1548.552419        0.035843
BFGS:   81 03:00:40    -1548.552768        0.040560
BFGS:   82 03:00:40    -1548.553241        0.039441
BFGS:   83 03:00:40    -1548.553559        0.089273
BFGS:   84 03:00:40    -1548.553635        0.123988
BFGS:   85 03:00:40    -1548.554326        0.044520
BFGS:   86 03:00:40    -1548.554583        0.032359
BFGS:   87 03:00:40    -1548.555005        0.036070
BFGS:   88 03:00:40    -1548.555226        0.056816
BFGS:   89 03:00:40    -1548.555469        0.030509
BFGS:   90 03:00:40    -1548.555686        0.025392
BFGS:   91 03:00:40    -1548.555897        0.027818
BFGS:   92 03:00:40    -1548.556145        0.023744
BFGS:   93 03:00:40    -1548.556315        0.022439
BFGS:   94 03:00:40    -1548.556408        0.025958
BFGS:   95 03:00:40    -1548.556467        0.019360
BFGS:   96 03:00:40    -1548.556550        0.015866
BFGS:   97 03:00:40    -1548.556630        0.017191
BFGS:   98 03:00:40    -1548.556704        0.019081
BFGS:   99 03:00:40    -1548.556749        0.018045
BFGS:  100 03:00:40    -1548.556789        0.015178
BFGS:  101 03:00:40    -1548.556827        0.011036
BFGS:  102 03:00:40    -1548.556857        0.007364
