      Step     Time          Energy          fmax
BFGS:    0 03:00:37    -1548.507283        0.023638
BFGS:    1 03:00:37    -1548.507335        0.019596
BFGS:    2 03:00:37    -1548.507465        0.016877
BFGS:    3 03:00:37    -1548.507503        0.018521
BFGS:    4 03:00:37    -1548.507606        0.021900
BFGS:    5 03:00:37    -1548.507669        0.031423
BFGS:    6 03:00:37    -1548.507740        0.020349
BFGS:    7 03:00:37    -1548.507836        0.021554
BFGS:    8 03:00:37    -1548.507967        0.032516
BFGS:    9 03:00:37    -1548.508115        0.035198
BFGS:   10 03:00:37    -1548.508262        0.026895
BFGS:   11 03:00:37    -1548.508406        0.024912
BFGS:   12 03:00:37    -1548.508559        0.029619
BFGS:   13 03:00:37    -1548.508718        0.038570
BFGS:   14 03:00:37    -1548.508861        0.030699
BFGS:   15 03:00:37    -1548.509001        0.034819
BFGS:   16 03:00:37    -1548.509161        0.034827
BFGS:   17 03:00:37    -1548.509373        0.040588
BFGS:   18 03:00:37    -1548.509635        0.047353
BFGS:   19 03:00:37    -1548.509929        0.041439
BFGS:   20 03:00:37    -1548.510246        0.039273
BFGS:   21 03:00:37    -1548.510607        0.048677
BFGS:   22 03:00:37    -1548.511038        0.055654
BFGS:   23 03:00:37    -1548.511554        0.058522
BFGS:   24 03:00:37    -1548.512126        0.056258
BFGS:   25 03:00:37    -1548.512686        0.051938
BFGS:   26 03:00:37    -1548.513294        0.057444
BFGS:   27 03:00:37    -1548.513924        0.063829
BFGS:   28 03:00:37    -1548.514430        0.059597
BFGS:   29 03:00:37    -1548.514782        0.043515
BFGS:   30 03:00:37    -1548.515119        0.036365
BFGS:   31 03:00:37    -1548.515609        0.041934
BFGS:   32 03:00:37    -1548.516020        0.053804
BFGS:   33 03:00:37    -1548.516545        0.051289
BFGS:   34 03:00:37    -1548.516968        0.040665
BFGS:   35 03:00:37    -1548.517340        0.048316
BFGS:   36 03:00:37    -1548.517726        0.050399
BFGS:   37 03:00:37    -1548.518171        0.057756
BFGS:   38 03:00:38    -1548.518598        0.051639
BFGS:   39 03:00:38    -1548.518935        0.076222
BFGS:   40 03:00:38    -1548.519436        0.048019
BFGS:   41 03:00:38    -1548.520154        0.049226
BFGS:   42 03:00:38    -1548.520593        0.066671
BFGS:   43 03:00:38    -1548.521102        0.060854
BFGS:   44 03:00:38    -1548.521494        0.038726
BFGS:   45 03:00:38    -1548.521900        0.029014
BFGS:   46 03:00:38    -1548.522280        0.038972
BFGS:   47 03:00:38    -1548.522699        0.053096
BFGS:   48 03:00:38    -1548.523221        0.056980
BFGS:   49 03:00:38    -1548.523874        0.059689
BFGS:   50 03:00:38    -1548.524740        0.077077
BFGS:   51 03:00:38    -1548.525883        0.084662
BFGS:   52 03:00:38    -1548.527424        0.085524
BFGS:   53 03:00:38    -1548.530029        0.106574
BFGS:   54 03:00:38    -1548.532064        0.081926
BFGS:   55 03:00:38    -1548.533103        0.151409
BFGS:   56 03:00:38    -1548.534486        0.090549
BFGS:   57 03:00:38    -1548.535611        0.085915
BFGS:   58 03:00:38    -1548.537698        0.100542
BFGS:   59 03:00:38    -1548.539302        0.103085
BFGS:   60 03:00:38    -1548.541089        0.089793
BFGS:   61 03:00:38    -1548.542771        0.085619
BFGS:   62 03:00:38    -1548.543745        0.113733
BFGS:   63 03:00:38    -1548.545645        0.102314
BFGS:   64 03:00:38    -1548.546981        0.069567
BFGS:   65 03:00:38    -1548.548370        0.059458
BFGS:   66 03:00:38    -1548.549306        0.066219
BFGS:   67 03:00:38    -1548.550364        0.081651
BFGS:   68 03:00:38    -1548.551246        0.069147
BFGS:   69 03:00:38    -1548.552039        0.047207
BFGS:   70 03:00:38    -1548.552670        0.045262
BFGS:   71 03:00:38    -1548.553236        0.059872
BFGS:   72 03:00:38    -1548.553704        0.051066
BFGS:   73 03:00:38    -1548.554005        0.026534
BFGS:   74 03:00:38    -1548.554203        0.029644
BFGS:   75 03:00:38    -1548.554352        0.028657
BFGS:   76 03:00:38    -1548.554484        0.026793
BFGS:   77 03:00:38    -1548.554616        0.027095
BFGS:   78 03:00:38    -1548.554767        0.028329
BFGS:   79 03:00:38    -1548.554973        0.032309
BFGS:   80 03:00:38    -1548.555223        0.041436
BFGS:   81 03:00:38    -1548.555447        0.036840
BFGS:   82 03:00:38    -1548.555632        0.027593
BFGS:   83 03:00:38    -1548.555787        0.023401
BFGS:   84 03:00:38    -1548.555928        0.029390
BFGS:   85 03:00:38    -1548.556061        0.024849
BFGS:   86 03:00:38    -1548.556184        0.021046
BFGS:   87 03:00:38    -1548.556303        0.023015
BFGS:   88 03:00:38    -1548.556432        0.029225
BFGS:   89 03:00:38    -1548.556584        0.036944
BFGS:   90 03:00:38    -1548.556760        0.034935
BFGS:   91 03:00:38    -1548.556960        0.034817
BFGS:   92 03:00:38    -1548.557197        0.046268
BFGS:   93 03:00:38    -1548.557478        0.048181
BFGS:   94 03:00:38    -1548.557777        0.035214
BFGS:   95 03:00:38    -1548.558025        0.030223
BFGS:   96 03:00:38    -1548.558194        0.023569
BFGS:   97 03:00:38    -1548.558321        0.030002
BFGS:   98 03:00:38    -1548.558439        0.030619
BFGS:   99 03:00:38    -1548.558557        0.030219
BFGS:  100 03:00:38    -1548.558676        0.021185
BFGS:  101 03:00:38    -1548.558785        0.020997
BFGS:  102 03:00:38    -1548.558891        0.017610
BFGS:  103 03:00:38    -1548.558983        0.015332
BFGS:  104 03:00:38    -1548.559040        0.013355
BFGS:  105 03:00:38    -1548.559075        0.012617
BFGS:  106 03:00:38    -1548.559112        0.012522
BFGS:  107 03:00:38    -1548.559167        0.014785
BFGS:  108 03:00:38    -1548.559244        0.020269
BFGS:  109 03:00:38    -1548.559347        0.023129
BFGS:  110 03:00:38    -1548.559461        0.025089
BFGS:  111 03:00:38    -1548.559602        0.029547
BFGS:  112 03:00:38    -1548.559763        0.032724
BFGS:  113 03:00:38    -1548.559914        0.024725
BFGS:  114 03:00:38    -1548.560035        0.022252
BFGS:  115 03:00:38    -1548.560130        0.020037
BFGS:  116 03:00:38    -1548.560232        0.021074
BFGS:  117 03:00:38    -1548.560349        0.028582
BFGS:  118 03:00:38    -1548.560469        0.023488
BFGS:  119 03:00:38    -1548.560582        0.023581
BFGS:  120 03:00:38    -1548.560704        0.023703
BFGS:  121 03:00:38    -1548.560862        0.025677
BFGS:  122 03:00:38    -1548.561039        0.026238
BFGS:  123 03:00:38    -1548.561207        0.023252
BFGS:  124 03:00:38    -1548.561352        0.025833
BFGS:  125 03:00:38    -1548.561501        0.025628
BFGS:  126 03:00:38    -1548.561645        0.024325
BFGS:  127 03:00:38    -1548.561747        0.020109
BFGS:  128 03:00:39    -1548.561809        0.020548
BFGS:  129 03:00:39    -1548.561865        0.021173
BFGS:  130 03:00:39    -1548.561949        0.018666
BFGS:  131 03:00:39    -1548.562067        0.024724
BFGS:  132 03:00:39    -1548.562210        0.028225
BFGS:  133 03:00:39    -1548.562351        0.028638
BFGS:  134 03:00:39    -1548.562525        0.029073
BFGS:  135 03:00:39    -1548.562760        0.033246
BFGS:  136 03:00:39    -1548.563080        0.044949
BFGS:  137 03:00:39    -1548.563515        0.046138
BFGS:  138 03:00:39    -1548.564131        0.067668
BFGS:  139 03:00:39    -1548.565064        0.069345
BFGS:  140 03:00:39    -1548.566178        0.114835
BFGS:  141 03:00:39    -1548.567789        0.093225
BFGS:  142 03:00:39    -1548.569178        0.125043
BFGS:  143 03:00:39    -1548.570645        0.121190
BFGS:  144 03:00:39    -1548.569756        0.176705
BFGS:  145 03:00:39    -1548.572501        0.073024
BFGS:  146 03:00:39    -1548.573456        0.073731
BFGS:  147 03:00:39    -1548.574848        0.092281
BFGS:  148 03:00:39    -1548.576053        0.040884
BFGS:  149 03:00:39    -1548.576301        0.080656
BFGS:  150 03:00:39    -1548.576636        0.063407
BFGS:  151 03:00:39    -1548.577116        0.036766
BFGS:  152 03:00:39    -1548.577590        0.040907
BFGS:  153 03:00:39    -1548.578384        0.047246
BFGS:  154 03:00:39    -1548.578694        0.039484
BFGS:  155 03:00:39    -1548.578866        0.023663
BFGS:  156 03:00:39    -1548.579016        0.030667
BFGS:  157 03:00:39    -1548.579178        0.025203
BFGS:  158 03:00:39    -1548.579321        0.021384
BFGS:  159 03:00:39    -1548.579441        0.021531
BFGS:  160 03:00:39    -1548.579546        0.018089
BFGS:  161 03:00:39    -1548.579623        0.015488
BFGS:  162 03:00:39    -1548.579686        0.016075
BFGS:  163 03:00:39    -1548.579732        0.016447
BFGS:  164 03:00:39    -1548.579782        0.014157
BFGS:  165 03:00:39    -1548.579860        0.017501
BFGS:  166 03:00:39    -1548.579958        0.017984
BFGS:  167 03:00:39    -1548.580057        0.017895
BFGS:  168 03:00:39    -1548.580132        0.019097
BFGS:  169 03:00:39    -1548.580199        0.018924
BFGS:  170 03:00:39    -1548.580281        0.025429
BFGS:  171 03:00:39    -1548.580408        0.028881
BFGS:  172 03:00:39    -1548.580588        0.028767
BFGS:  173 03:00:39    -1548.580809        0.032065
BFGS:  174 03:00:39    -1548.581057        0.035065
BFGS:  175 03:00:39    -1548.581321        0.030321
BFGS:  176 03:00:39    -1548.581561        0.028461
BFGS:  177 03:00:39    -1548.581742        0.023209
BFGS:  178 03:00:39    -1548.581876        0.022514
BFGS:  179 03:00:39    -1548.581984        0.034262
BFGS:  180 03:00:39    -1548.582074        0.018773
BFGS:  181 03:00:39    -1548.582179        0.015590
BFGS:  182 03:00:39    -1548.582255        0.015090
BFGS:  183 03:00:39    -1548.582280        0.011501
BFGS:  184 03:00:39    -1548.582306        0.012158
BFGS:  185 03:00:39    -1548.582324        0.009739
BFGS:  186 03:00:39    -1548.582337        0.008013
BFGS:  187 03:00:39    -1548.582350        0.008162
BFGS:  188 03:00:39    -1548.582365        0.008434
BFGS:  189 03:00:39    -1548.582384        0.008974
BFGS:  190 03:00:39    -1548.582404        0.008425
BFGS:  191 03:00:39    -1548.582421        0.006722
