      Step     Time          Energy          fmax
BFGS:    0 03:00:35    -1454.581242        0.022358
BFGS:    1 03:00:35    -1454.581305        0.019596
BFGS:    2 03:00:35    -1454.581548        0.038421
BFGS:    3 03:00:35    -1454.581668        0.054576
BFGS:    4 03:00:35    -1454.581880        0.047765
BFGS:    5 03:00:35    -1454.582270        0.049172
BFGS:    6 03:00:35    -1454.582852        0.071305
BFGS:    7 03:00:35    -1454.583307        0.058235
BFGS:    8 03:00:35    -1454.583714        0.055128
BFGS:    9 03:00:35    -1454.584170        0.069086
BFGS:   10 03:00:35    -1454.584818        0.074470
BFGS:   11 03:00:35    -1454.585602        0.074501
BFGS:   12 03:00:35    -1454.586343        0.072664
BFGS:   13 03:00:35    -1454.586887        0.053946
BFGS:   14 03:00:35    -1454.587295        0.052461
BFGS:   15 03:00:35    -1454.587704        0.058955
BFGS:   16 03:00:35    -1454.588173        0.053444
BFGS:   17 03:00:35    -1454.588699        0.055272
BFGS:   18 03:00:35    -1454.589277        0.060361
BFGS:   19 03:00:35    -1454.589894        0.065279
BFGS:   20 03:00:35    -1454.590489        0.054602
BFGS:   21 03:00:35    -1454.590964        0.039579
BFGS:   22 03:00:35    -1454.591249        0.027844
BFGS:   23 03:00:35    -1454.591404        0.023960
BFGS:   24 03:00:35    -1454.591499        0.018447
BFGS:   25 03:00:35    -1454.591574        0.017072
BFGS:   26 03:00:35    -1454.591639        0.014543
BFGS:   27 03:00:35    -1454.591696        0.014992
BFGS:   28 03:00:35    -1454.591749        0.018265
BFGS:   29 03:00:35    -1454.591815        0.020281
BFGS:   30 03:00:35    -1454.591917        0.029517
BFGS:   31 03:00:35    -1454.592078        0.042679
BFGS:   32 03:00:35    -1454.592296        0.044442
BFGS:   33 03:00:35    -1454.592550        0.037720
BFGS:   34 03:00:35    -1454.592843        0.039648
BFGS:   35 03:00:35    -1454.593225        0.044095
BFGS:   36 03:00:35    -1454.593729        0.067167
BFGS:   37 03:00:35    -1454.594260        0.069985
BFGS:   38 03:00:35    -1454.594640        0.043302
BFGS:   39 03:00:35    -1454.594891        0.032152
BFGS:   40 03:00:35    -1454.595111        0.032871
BFGS:   41 03:00:35    -1454.595331        0.032060
BFGS:   42 03:00:35    -1454.595555        0.027642
BFGS:   43 03:00:35    -1454.595813        0.033439
BFGS:   44 03:00:35    -1454.596172        0.039437
BFGS:   45 03:00:35    -1454.596725        0.065753
BFGS:   46 03:00:35    -1454.597429        0.082882
BFGS:   47 03:00:35    -1454.598078        0.070086
BFGS:   48 03:00:35    -1454.598537        0.049078
BFGS:   49 03:00:35    -1454.598846        0.055957
BFGS:   50 03:00:35    -1454.599114        0.047094
BFGS:   51 03:00:35    -1454.599413        0.036586
BFGS:   52 03:00:35    -1454.599774        0.035427
BFGS:   53 03:00:35    -1454.599964        0.030036
BFGS:   54 03:00:35    -1454.600142        0.026315
BFGS:   55 03:00:35    -1454.600256        0.023526
BFGS:   56 03:00:35    -1454.600352        0.025418
BFGS:   57 03:00:35    -1454.600480        0.028048
BFGS:   58 03:00:35    -1454.600607        0.029035
BFGS:   59 03:00:35    -1454.600723        0.024319
BFGS:   60 03:00:35    -1454.600801        0.017293
BFGS:   61 03:00:35    -1454.600870        0.022106
BFGS:   62 03:00:35    -1454.600954        0.025567
BFGS:   63 03:00:35    -1454.601057        0.020426
BFGS:   64 03:00:35    -1454.601144        0.019259
BFGS:   65 03:00:36    -1454.601197        0.014166
BFGS:   66 03:00:36    -1454.601230        0.013468
BFGS:   67 03:00:36    -1454.601263        0.015676
BFGS:   68 03:00:36    -1454.601305        0.015460
BFGS:   69 03:00:36    -1454.601352        0.013681
BFGS:   70 03:00:36    -1454.601393        0.013745
BFGS:   71 03:00:36    -1454.601425        0.015579
BFGS:   72 03:00:36    -1454.601460        0.016568
BFGS:   73 03:00:36    -1454.601515        0.018095
BFGS:   74 03:00:36    -1454.601607        0.022067
BFGS:   75 03:00:36    -1454.601721        0.022879
BFGS:   76 03:00:36    -1454.601830        0.018806
BFGS:   77 03:00:36    -1454.601904        0.021785
BFGS:   78 03:00:36    -1454.601971        0.021088
BFGS:   79 03:00:36    -1454.602053        0.019032
BFGS:   80 03:00:36    -1454.602134        0.018222
BFGS:   81 03:00:36    -1454.602194        0.016626
BFGS:   82 03:00:36    -1454.602236        0.014312
BFGS:   83 03:00:36    -1454.602280        0.015893
BFGS:   84 03:00:36    -1454.602333        0.018897
BFGS:   85 03:00:36    -1454.602384        0.017069
BFGS:   86 03:00:36    -1454.602428        0.016692
BFGS:   87 03:00:36    -1454.602472        0.016247
BFGS:   88 03:00:36    -1454.602522        0.015714
BFGS:   89 03:00:36    -1454.602574        0.017031
BFGS:   90 03:00:36    -1454.602611        0.012282
BFGS:   91 03:00:36    -1454.602638        0.010260
BFGS:   92 03:00:36    -1454.602665        0.011044
BFGS:   93 03:00:36    -1454.602695        0.017756
BFGS:   94 03:00:36    -1454.602723        0.018905
BFGS:   95 03:00:36    -1454.602740        0.012554
BFGS:   96 03:00:36    -1454.602750        0.005774
