      Step     Time          Energy          fmax
BFGS:    0 03:00:27    -2171.958096        0.024003
BFGS:    1 03:00:27    -2171.958159        0.021113
BFGS:    2 03:00:27    -2171.958400        0.024310
BFGS:    3 03:00:27    -2171.958510        0.030593
BFGS:    4 03:00:27    -2171.958912        0.043378
BFGS:    5 03:00:27    -2171.959292        0.041370
BFGS:    6 03:00:27    -2171.959803        0.045667
BFGS:    7 03:00:27    -2171.960351        0.051481
BFGS:    8 03:00:27    -2171.961054        0.056796
BFGS:    9 03:00:27    -2171.961810        0.067358
BFGS:   10 03:00:27    -2171.962524        0.058558
BFGS:   11 03:00:27    -2171.963125        0.047585
BFGS:   12 03:00:27    -2171.963631        0.051404
BFGS:   13 03:00:27    -2171.964024        0.044144
BFGS:   14 03:00:27    -2171.964302        0.035550
BFGS:   15 03:00:27    -2171.964513        0.035887
BFGS:   16 03:00:27    -2171.964740        0.035406
BFGS:   17 03:00:27    -2171.965037        0.040819
BFGS:   18 03:00:27    -2171.965400        0.039382
BFGS:   19 03:00:27    -2171.965782        0.039326
BFGS:   20 03:00:27    -2171.966149        0.038867
BFGS:   21 03:00:27    -2171.966491        0.041741
BFGS:   22 03:00:27    -2171.966803        0.043985
BFGS:   23 03:00:27    -2171.967109        0.034398
BFGS:   24 03:00:27    -2171.967455        0.034464
BFGS:   25 03:00:27    -2171.967863        0.040254
BFGS:   26 03:00:27    -2171.968264        0.037294
BFGS:   27 03:00:27    -2171.968563        0.029795
BFGS:   28 03:00:28    -2171.968777        0.026285
BFGS:   29 03:00:28    -2171.968976        0.030703
BFGS:   30 03:00:28    -2171.969189        0.038150
BFGS:   31 03:00:28    -2171.969412        0.034419
BFGS:   32 03:00:28    -2171.969609        0.028437
BFGS:   33 03:00:28    -2171.969776        0.027271
BFGS:   34 03:00:28    -2171.969948        0.027711
BFGS:   35 03:00:28    -2171.970163        0.029788
BFGS:   36 03:00:28    -2171.970456        0.038506
BFGS:   37 03:00:28    -2171.970841        0.046323
BFGS:   38 03:00:28    -2171.971285        0.041618
BFGS:   39 03:00:28    -2171.971675        0.037322
BFGS:   40 03:00:28    -2171.971935        0.035207
BFGS:   41 03:00:28    -2171.972110        0.026080
BFGS:   42 03:00:28    -2171.972252        0.029525
BFGS:   43 03:00:28    -2171.972400        0.026510
BFGS:   44 03:00:28    -2171.972590        0.027289
BFGS:   45 03:00:28    -2171.972755        0.024592
BFGS:   46 03:00:28    -2171.972897        0.026128
BFGS:   47 03:00:28    -2171.973034        0.024878
BFGS:   48 03:00:28    -2171.973170        0.028420
BFGS:   49 03:00:28    -2171.973332        0.030387
BFGS:   50 03:00:28    -2171.973550        0.039230
BFGS:   51 03:00:28    -2171.973858        0.045874
BFGS:   52 03:00:28    -2171.974265        0.048579
BFGS:   53 03:00:28    -2171.974723        0.047918
BFGS:   54 03:00:28    -2171.975134        0.041409
BFGS:   55 03:00:28    -2171.975454        0.037077
BFGS:   56 03:00:28    -2171.975726        0.036881
BFGS:   57 03:00:28    -2171.976008        0.031849
BFGS:   58 03:00:28    -2171.976331        0.040209
BFGS:   59 03:00:28    -2171.976683        0.043180
BFGS:   60 03:00:28    -2171.977025        0.039780
BFGS:   61 03:00:28    -2171.977337        0.034497
BFGS:   62 03:00:28    -2171.977632        0.038992
BFGS:   63 03:00:28    -2171.977950        0.043492
BFGS:   64 03:00:28    -2171.978300        0.036465
BFGS:   65 03:00:28    -2171.978701        0.048992
BFGS:   66 03:00:28    -2171.978972        0.028531
BFGS:   67 03:00:28    -2171.979233        0.036991
BFGS:   68 03:00:28    -2171.979421        0.035913
BFGS:   69 03:00:28    -2171.979560        0.027821
BFGS:   70 03:00:28    -2171.979662        0.022750
BFGS:   71 03:00:28    -2171.979842        0.030287
BFGS:   72 03:00:28    -2171.980034        0.040568
BFGS:   73 03:00:28    -2171.980270        0.041737
BFGS:   74 03:00:28    -2171.980486        0.033512
BFGS:   75 03:00:28    -2171.980666        0.034592
BFGS:   76 03:00:28    -2171.980832        0.033323
BFGS:   77 03:00:28    -2171.981061        0.040831
BFGS:   78 03:00:28    -2171.981443        0.052518
BFGS:   79 03:00:28    -2171.982069        0.062395
BFGS:   80 03:00:28    -2171.982848        0.072016
BFGS:   81 03:00:28    -2171.983484        0.043438
BFGS:   82 03:00:28    -2171.983754        0.076532
BFGS:   83 03:00:28    -2171.983977        0.030799
BFGS:   84 03:00:28    -2171.984122        0.023226
BFGS:   85 03:00:28    -2171.984418        0.026835
BFGS:   86 03:00:28    -2171.984535        0.021236
BFGS:   87 03:00:28    -2171.984634        0.019309
BFGS:   88 03:00:28    -2171.984710        0.020899
BFGS:   89 03:00:28    -2171.984791        0.020423
BFGS:   90 03:00:28    -2171.984887        0.024248
BFGS:   91 03:00:28    -2171.984997        0.023901
BFGS:   92 03:00:28    -2171.985103        0.025732
BFGS:   93 03:00:28    -2171.985213        0.025345
BFGS:   94 03:00:28    -2171.985348        0.027799
BFGS:   95 03:00:28    -2171.985502        0.022863
BFGS:   96 03:00:28    -2171.985649        0.022964
BFGS:   97 03:00:28    -2171.985769        0.023671
BFGS:   98 03:00:28    -2171.985885        0.025620
BFGS:   99 03:00:28    -2171.986020        0.028735
BFGS:  100 03:00:28    -2171.986167        0.023400
BFGS:  101 03:00:28    -2171.986301        0.023678
BFGS:  102 03:00:29    -2171.986413        0.023306
BFGS:  103 03:00:29    -2171.986528        0.023679
BFGS:  104 03:00:29    -2171.986668        0.023315
BFGS:  105 03:00:29    -2171.986827        0.030269
BFGS:  106 03:00:29    -2171.987007        0.038930
BFGS:  107 03:00:29    -2171.987218        0.039205
BFGS:  108 03:00:29    -2171.987470        0.033231
BFGS:  109 03:00:29    -2171.987724        0.033924
BFGS:  110 03:00:29    -2171.987951        0.028460
BFGS:  111 03:00:29    -2171.988166        0.032757
BFGS:  112 03:00:29    -2171.988420        0.035404
BFGS:  113 03:00:29    -2171.988709        0.031791
BFGS:  114 03:00:29    -2171.988954        0.021172
BFGS:  115 03:00:29    -2171.989106        0.028156
BFGS:  116 03:00:29    -2171.989197        0.024240
BFGS:  117 03:00:29    -2171.989293        0.023602
BFGS:  118 03:00:29    -2171.989428        0.020167
BFGS:  119 03:00:29    -2171.989636        0.029801
BFGS:  120 03:00:29    -2171.989802        0.034881
BFGS:  121 03:00:29    -2171.990038        0.033037
BFGS:  122 03:00:29    -2171.990322        0.044323
BFGS:  123 03:00:29    -2171.990637        0.038985
BFGS:  124 03:00:29    -2171.990901        0.037733
BFGS:  125 03:00:29    -2171.991073        0.026875
BFGS:  126 03:00:29    -2171.991203        0.022751
BFGS:  127 03:00:29    -2171.991365        0.027533
BFGS:  128 03:00:29    -2171.991591        0.033308
BFGS:  129 03:00:29    -2171.991869        0.035448
BFGS:  130 03:00:29    -2171.992143        0.034942
BFGS:  131 03:00:29    -2171.992362        0.031007
BFGS:  132 03:00:29    -2171.992576        0.030524
BFGS:  133 03:00:29    -2171.992813        0.035139
BFGS:  134 03:00:29    -2171.993266        0.046997
BFGS:  135 03:00:29    -2171.993727        0.055093
BFGS:  136 03:00:29    -2171.994334        0.060060
BFGS:  137 03:00:29    -2171.994931        0.047008
BFGS:  138 03:00:29    -2171.995552        0.041143
BFGS:  139 03:00:29    -2171.995981        0.034914
BFGS:  140 03:00:29    -2171.996140        0.044125
BFGS:  141 03:00:29    -2171.996209        0.051643
BFGS:  142 03:00:29    -2171.996423        0.024003
BFGS:  143 03:00:29    -2171.996535        0.018682
BFGS:  144 03:00:29    -2171.996713        0.019614
BFGS:  145 03:00:29    -2171.996787        0.018124
BFGS:  146 03:00:29    -2171.996849        0.013846
BFGS:  147 03:00:29    -2171.996902        0.013266
BFGS:  148 03:00:29    -2171.996973        0.013072
BFGS:  149 03:00:29    -2171.997060        0.017469
BFGS:  150 03:00:29    -2171.997172        0.020371
BFGS:  151 03:00:29    -2171.997315        0.026063
BFGS:  152 03:00:29    -2171.997491        0.031535
BFGS:  153 03:00:29    -2171.997697        0.027724
BFGS:  154 03:00:29    -2171.997876        0.029114
BFGS:  155 03:00:29    -2171.998008        0.024613
BFGS:  156 03:00:29    -2171.998091        0.018598
BFGS:  157 03:00:29    -2171.998166        0.022042
BFGS:  158 03:00:29    -2171.998235        0.020188
BFGS:  159 03:00:29    -2171.998303        0.021678
BFGS:  160 03:00:29    -2171.998350        0.012801
BFGS:  161 03:00:29    -2171.998380        0.011055
BFGS:  162 03:00:29    -2171.998401        0.009832
BFGS:  163 03:00:29    -2171.998415        0.008820
BFGS:  164 03:00:29    -2171.998425        0.007616
