      Step     Time          Energy          fmax
BFGS:    0 02:54:54    -1676.791298        1.069639
BFGS:    1 02:54:54    -1676.799170        0.989022
BFGS:    2 02:54:54    -1676.806279        0.173830
BFGS:    3 02:54:54    -1676.807524        0.125222
BFGS:    4 02:54:54    -1676.809164        0.125871
BFGS:    5 02:54:54    -1676.810615        0.119146
BFGS:    6 02:54:54    -1676.811833        0.139075
BFGS:    7 02:54:54    -1676.813872        0.145712
BFGS:    8 02:54:54    -1676.816336        0.141098
BFGS:    9 02:54:54    -1676.819084        0.131812
BFGS:   10 02:54:54    -1676.821376        0.101623
BFGS:   11 02:54:54    -1676.822817        0.069467
BFGS:   12 02:54:54    -1676.823550        0.061996
BFGS:   13 02:54:54    -1676.824095        0.064667
BFGS:   14 02:54:54    -1676.824732        0.061974
BFGS:   15 02:54:54    -1676.825594        0.075413
BFGS:   16 02:54:54    -1676.826700        0.077209
BFGS:   17 02:54:54    -1676.827896        0.070949
BFGS:   18 02:54:54    -1676.829025        0.061515
BFGS:   19 02:54:54    -1676.830064        0.067636
BFGS:   20 02:54:54    -1676.831050        0.066236
BFGS:   21 02:54:54    -1676.832035        0.061876
BFGS:   22 02:54:54    -1676.832974        0.069299
BFGS:   23 02:54:54    -1676.833718        0.055246
BFGS:   24 02:54:54    -1676.834201        0.045687
BFGS:   25 02:54:54    -1676.834541        0.046238
BFGS:   26 02:54:54    -1676.834847        0.045031
BFGS:   27 02:54:54    -1676.835129        0.041956
BFGS:   28 02:54:55    -1676.835398        0.037060
BFGS:   29 02:54:55    -1676.835662        0.032639
BFGS:   30 02:54:55    -1676.835918        0.028164
BFGS:   31 02:54:55    -1676.836169        0.035044
BFGS:   32 02:54:55    -1676.836425        0.037755
BFGS:   33 02:54:55    -1676.836702        0.037919
BFGS:   34 02:54:55    -1676.837040        0.045534
BFGS:   35 02:54:55    -1676.837502        0.055011
BFGS:   36 02:54:55    -1676.838123        0.062397
BFGS:   37 02:54:55    -1676.838854        0.054271
BFGS:   38 02:54:55    -1676.839552        0.055261
BFGS:   39 02:54:55    -1676.840119        0.041784
BFGS:   40 02:54:55    -1676.840550        0.040426
BFGS:   41 02:54:55    -1676.840880        0.037047
BFGS:   42 02:54:55    -1676.841138        0.040782
BFGS:   43 02:54:55    -1676.841351        0.028588
BFGS:   44 02:54:55    -1676.841559        0.033870
BFGS:   45 02:54:55    -1676.841796        0.035577
BFGS:   46 02:54:55    -1676.842047        0.068419
BFGS:   47 02:54:55    -1676.842359        0.075352
BFGS:   48 02:54:55    -1676.842754        0.049747
BFGS:   49 02:54:55    -1676.843247        0.053647
BFGS:   50 02:54:55    -1676.843608        0.049669
BFGS:   51 02:54:55    -1676.844117        0.072655
BFGS:   52 02:54:55    -1676.844516        0.061396
BFGS:   53 02:54:55    -1676.844878        0.037882
BFGS:   54 02:54:55    -1676.845166        0.035042
BFGS:   55 02:54:55    -1676.845452        0.040814
BFGS:   56 02:54:55    -1676.845756        0.049004
BFGS:   57 02:54:55    -1676.846089        0.037944
BFGS:   58 02:54:55    -1676.846436        0.039073
BFGS:   59 02:54:55    -1676.846794        0.040571
BFGS:   60 02:54:55    -1676.847184        0.047539
BFGS:   61 02:54:55    -1676.847673        0.056934
BFGS:   62 02:54:55    -1676.848335        0.059306
BFGS:   63 02:54:55    -1676.849223        0.064363
BFGS:   64 02:54:55    -1676.850310        0.076751
BFGS:   65 02:54:55    -1676.851522        0.104660
BFGS:   66 02:54:55    -1676.852915        0.106747
BFGS:   67 02:54:55    -1676.854267        0.087825
BFGS:   68 02:54:55    -1676.855194        0.069880
BFGS:   69 02:54:55    -1676.855949        0.066082
BFGS:   70 02:54:55    -1676.856671        0.082706
BFGS:   71 02:54:55    -1676.857323        0.056186
BFGS:   72 02:54:55    -1676.858010        0.048368
BFGS:   73 02:54:55    -1676.858208        0.042648
BFGS:   74 02:54:55    -1676.858537        0.035704
BFGS:   75 02:54:55    -1676.858761        0.033721
BFGS:   76 02:54:55    -1676.859019        0.056419
BFGS:   77 02:54:55    -1676.859285        0.046985
BFGS:   78 02:54:55    -1676.859611        0.037005
BFGS:   79 02:54:55    -1676.859949        0.034433
BFGS:   80 02:54:55    -1676.860242        0.034693
BFGS:   81 02:54:55    -1676.860475        0.037647
BFGS:   82 02:54:55    -1676.860688        0.027859
BFGS:   83 02:54:55    -1676.860900        0.029094
BFGS:   84 02:54:55    -1676.861089        0.038119
BFGS:   85 02:54:55    -1676.861227        0.031510
BFGS:   86 02:54:55    -1676.861326        0.020151
