      Step     Time          Energy          fmax
BFGS:    0 02:54:47    -1824.213631        0.911615
BFGS:    1 02:54:47    -1824.224302        0.743950
BFGS:    2 02:54:47    -1824.229241        0.212409
BFGS:    3 02:54:47    -1824.230866        0.131220
BFGS:    4 02:54:47    -1824.232893        0.119370
BFGS:    5 02:54:47    -1824.234499        0.129890
BFGS:    6 02:54:47    -1824.235977        0.150673
BFGS:    7 02:54:47    -1824.238236        0.151730
BFGS:    8 02:54:47    -1824.241044        0.149733
BFGS:    9 02:54:47    -1824.244205        0.148082
BFGS:   10 02:54:47    -1824.246873        0.111179
BFGS:   11 02:54:47    -1824.248540        0.076910
BFGS:   12 02:54:47    -1824.249398        0.074553
BFGS:   13 02:54:47    -1824.250098        0.078414
BFGS:   14 02:54:47    -1824.250952        0.072625
BFGS:   15 02:54:47    -1824.252101        0.089495
BFGS:   16 02:54:47    -1824.253491        0.097560
BFGS:   17 02:54:47    -1824.254868        0.089174
BFGS:   18 02:54:47    -1824.256086        0.076915
BFGS:   19 02:54:47    -1824.257172        0.079351
BFGS:   20 02:54:47    -1824.258207        0.075741
BFGS:   21 02:54:47    -1824.259317        0.065480
BFGS:   22 02:54:47    -1824.260485        0.077968
BFGS:   23 02:54:47    -1824.261540        0.064234
BFGS:   24 02:54:47    -1824.262320        0.053741
BFGS:   25 02:54:47    -1824.262908        0.052268
BFGS:   26 02:54:47    -1824.263443        0.053662
BFGS:   27 02:54:47    -1824.263906        0.048572
BFGS:   28 02:54:47    -1824.264263        0.040292
BFGS:   29 02:54:47    -1824.264544        0.034272
BFGS:   30 02:54:47    -1824.264799        0.025819
BFGS:   31 02:54:47    -1824.265042        0.036972
BFGS:   32 02:54:47    -1824.265264        0.034452
BFGS:   33 02:54:47    -1824.265462        0.030163
BFGS:   34 02:54:47    -1824.265674        0.031560
BFGS:   35 02:54:47    -1824.265964        0.044075
BFGS:   36 02:54:47    -1824.266367        0.050452
BFGS:   37 02:54:47    -1824.266866        0.047499
BFGS:   38 02:54:47    -1824.267394        0.051979
BFGS:   39 02:54:47    -1824.267910        0.048962
BFGS:   40 02:54:47    -1824.268410        0.046576
BFGS:   41 02:54:47    -1824.268871        0.041205
BFGS:   42 02:54:47    -1824.269249        0.041347
BFGS:   43 02:54:47    -1824.269552        0.037513
BFGS:   44 02:54:47    -1824.269817        0.036701
BFGS:   45 02:54:47    -1824.270139        0.032425
BFGS:   46 02:54:47    -1824.270444        0.041561
BFGS:   47 02:54:47    -1824.270774        0.040180
BFGS:   48 02:54:47    -1824.271121        0.037386
BFGS:   49 02:54:47    -1824.271545        0.039394
BFGS:   50 02:54:47    -1824.272051        0.058985
BFGS:   51 02:54:47    -1824.272617        0.075095
BFGS:   52 02:54:47    -1824.273171        0.064936
BFGS:   53 02:54:47    -1824.273657        0.040524
BFGS:   54 02:54:47    -1824.274055        0.035751
BFGS:   55 02:54:48    -1824.274387        0.042623
BFGS:   56 02:54:48    -1824.274691        0.047539
BFGS:   57 02:54:48    -1824.274998        0.035496
BFGS:   58 02:54:48    -1824.275314        0.028056
BFGS:   59 02:54:48    -1824.275627        0.031741
BFGS:   60 02:54:48    -1824.275953        0.041175
BFGS:   61 02:54:48    -1824.276361        0.045820
BFGS:   62 02:54:48    -1824.276928        0.056733
BFGS:   63 02:54:48    -1824.277696        0.065773
BFGS:   64 02:54:48    -1824.278670        0.107627
BFGS:   65 02:54:48    -1824.279948        0.120506
BFGS:   66 02:54:48    -1824.281341        0.119082
BFGS:   67 02:54:48    -1824.282643        0.097409
BFGS:   68 02:54:48    -1824.284341        0.084943
BFGS:   69 02:54:48    -1824.286192        0.091955
BFGS:   70 02:54:48    -1824.287941        0.074018
BFGS:   71 02:54:48    -1824.289149        0.117345
BFGS:   72 02:54:48    -1824.289924        0.062972
BFGS:   73 02:54:48    -1824.290579        0.042622
BFGS:   74 02:54:48    -1824.291125        0.043300
BFGS:   75 02:54:48    -1824.291460        0.039407
BFGS:   76 02:54:48    -1824.291875        0.042105
BFGS:   77 02:54:48    -1824.292202        0.034690
BFGS:   78 02:54:48    -1824.292489        0.030085
BFGS:   79 02:54:48    -1824.292785        0.032037
BFGS:   80 02:54:48    -1824.293130        0.042421
BFGS:   81 02:54:48    -1824.293502        0.050749
BFGS:   82 02:54:48    -1824.293911        0.049622
BFGS:   83 02:54:48    -1824.294375        0.045036
BFGS:   84 02:54:48    -1824.294872        0.037864
BFGS:   85 02:54:48    -1824.295329        0.035071
BFGS:   86 02:54:48    -1824.295643        0.024331
