      Step     Time          Energy          fmax
BFGS:    0 02:54:53    -1676.734039        1.122719
BFGS:    1 02:54:53    -1676.744682        1.028225
BFGS:    2 02:54:53    -1676.753531        0.209117
BFGS:    3 02:54:53    -1676.756450        0.151954
BFGS:    4 02:54:53    -1676.761912        0.188055
BFGS:    5 02:54:53    -1676.766284        0.204031
BFGS:    6 02:54:53    -1676.771744        0.231760
BFGS:    7 02:54:53    -1676.778820        0.224907
BFGS:    8 02:54:53    -1676.786811        0.211328
BFGS:    9 02:54:53    -1676.794245        0.182969
BFGS:   10 02:54:53    -1676.799898        0.162222
BFGS:   11 02:54:53    -1676.803100        0.116277
BFGS:   12 02:54:53    -1676.804772        0.096846
BFGS:   13 02:54:53    -1676.806197        0.104667
BFGS:   14 02:54:53    -1676.807810        0.102185
BFGS:   15 02:54:53    -1676.809545        0.104173
BFGS:   16 02:54:53    -1676.811136        0.088772
BFGS:   17 02:54:53    -1676.812470        0.072902
BFGS:   18 02:54:53    -1676.813757        0.079520
BFGS:   19 02:54:53    -1676.815272        0.096968
BFGS:   20 02:54:53    -1676.817147        0.103255
BFGS:   21 02:54:53    -1676.819149        0.092376
BFGS:   22 02:54:53    -1676.820740        0.072522
BFGS:   23 02:54:53    -1676.821617        0.055797
BFGS:   24 02:54:53    -1676.822057        0.051064
BFGS:   25 02:54:53    -1676.822369        0.041111
BFGS:   26 02:54:53    -1676.822686        0.040032
BFGS:   27 02:54:53    -1676.823072        0.056181
BFGS:   28 02:54:53    -1676.823537        0.056448
BFGS:   29 02:54:53    -1676.824043        0.042588
BFGS:   30 02:54:54    -1676.824555        0.054388
BFGS:   31 02:54:54    -1676.825063        0.053810
BFGS:   32 02:54:54    -1676.825580        0.050402
BFGS:   33 02:54:54    -1676.826120        0.050978
BFGS:   34 02:54:54    -1676.826742        0.063803
BFGS:   35 02:54:54    -1676.827559        0.083722
BFGS:   36 02:54:54    -1676.828647        0.085544
BFGS:   37 02:54:54    -1676.829902        0.081043
BFGS:   38 02:54:54    -1676.831044        0.072474
BFGS:   39 02:54:54    -1676.831919        0.058325
BFGS:   40 02:54:54    -1676.832588        0.058165
BFGS:   41 02:54:54    -1676.833150        0.053395
BFGS:   42 02:54:54    -1676.833593        0.044874
BFGS:   43 02:54:54    -1676.833961        0.036880
BFGS:   44 02:54:54    -1676.834314        0.043997
BFGS:   45 02:54:54    -1676.834707        0.048022
BFGS:   46 02:54:54    -1676.835135        0.038194
BFGS:   47 02:54:54    -1676.835598        0.048844
BFGS:   48 02:54:54    -1676.836069        0.054993
BFGS:   49 02:54:54    -1676.836496        0.053818
BFGS:   50 02:54:54    -1676.836862        0.047149
BFGS:   51 02:54:54    -1676.837186        0.040160
BFGS:   52 02:54:54    -1676.837513        0.039998
BFGS:   53 02:54:54    -1676.837747        0.034390
BFGS:   54 02:54:54    -1676.837943        0.028066
BFGS:   55 02:54:54    -1676.838131        0.027262
BFGS:   56 02:54:54    -1676.838393        0.030995
BFGS:   57 02:54:54    -1676.838710        0.045489
BFGS:   58 02:54:54    -1676.839031        0.041905
BFGS:   59 02:54:54    -1676.839287        0.034312
BFGS:   60 02:54:54    -1676.839516        0.030592
BFGS:   61 02:54:54    -1676.839770        0.038331
BFGS:   62 02:54:54    -1676.840051        0.045375
BFGS:   63 02:54:54    -1676.840304        0.037100
BFGS:   64 02:54:54    -1676.840508        0.029398
BFGS:   65 02:54:54    -1676.840702        0.031971
BFGS:   66 02:54:54    -1676.840953        0.055144
BFGS:   67 02:54:54    -1676.841295        0.066701
BFGS:   68 02:54:54    -1676.841671        0.051721
BFGS:   69 02:54:54    -1676.841966        0.033861
BFGS:   70 02:54:54    -1676.842231        0.042710
BFGS:   71 02:54:54    -1676.842461        0.042580
BFGS:   72 02:54:54    -1676.842730        0.032279
BFGS:   73 02:54:54    -1676.842864        0.017565
