      Step     Time          Energy          fmax
BFGS:    0 03:00:42    -1540.921907        0.022803
BFGS:    1 03:00:42    -1540.921945        0.020570
BFGS:    2 03:00:42    -1540.922021        0.012172
BFGS:    3 03:00:42    -1540.922044        0.010541
BFGS:    4 03:00:42    -1540.922094        0.016454
BFGS:    5 03:00:42    -1540.922119        0.016537
BFGS:    6 03:00:42    -1540.922149        0.015770
BFGS:    7 03:00:42    -1540.922182        0.016231
BFGS:    8 03:00:42    -1540.922235        0.019272
BFGS:    9 03:00:42    -1540.922293        0.020497
BFGS:   10 03:00:42    -1540.922356        0.018493
BFGS:   11 03:00:42    -1540.922415        0.019504
BFGS:   12 03:00:42    -1540.922477        0.020480
BFGS:   13 03:00:42    -1540.922543        0.021700
BFGS:   14 03:00:42    -1540.922605        0.018857
BFGS:   15 03:00:42    -1540.922664        0.016089
BFGS:   16 03:00:42    -1540.922723        0.018099
BFGS:   17 03:00:43    -1540.922788        0.019607
BFGS:   18 03:00:43    -1540.922850        0.018616
BFGS:   19 03:00:43    -1540.922901        0.015697
BFGS:   20 03:00:43    -1540.922938        0.015760
BFGS:   21 03:00:43    -1540.922971        0.013957
BFGS:   22 03:00:43    -1540.923005        0.015446
BFGS:   23 03:00:43    -1540.923040        0.016272
BFGS:   24 03:00:43    -1540.923070        0.013106
BFGS:   25 03:00:43    -1540.923093        0.010400
BFGS:   26 03:00:43    -1540.923110        0.012005
BFGS:   27 03:00:43    -1540.923126        0.011925
BFGS:   28 03:00:43    -1540.923148        0.010809
BFGS:   29 03:00:43    -1540.923180        0.012829
BFGS:   30 03:00:43    -1540.923224        0.015483
BFGS:   31 03:00:43    -1540.923284        0.022622
BFGS:   32 03:00:43    -1540.923365        0.027816
BFGS:   33 03:00:43    -1540.923467        0.028473
BFGS:   34 03:00:43    -1540.923586        0.026178
BFGS:   35 03:00:43    -1540.923697        0.027884
BFGS:   36 03:00:43    -1540.923799        0.028599
BFGS:   37 03:00:43    -1540.923912        0.027211
BFGS:   38 03:00:43    -1540.924058        0.025764
BFGS:   39 03:00:43    -1540.924232        0.025441
BFGS:   40 03:00:43    -1540.924378        0.020897
BFGS:   41 03:00:43    -1540.924474        0.021042
BFGS:   42 03:00:43    -1540.924539        0.020206
BFGS:   43 03:00:43    -1540.924608        0.020155
BFGS:   44 03:00:43    -1540.924687        0.019564
BFGS:   45 03:00:43    -1540.924798        0.022048
BFGS:   46 03:00:43    -1540.924858        0.019786
BFGS:   47 03:00:43    -1540.924946        0.020572
BFGS:   48 03:00:43    -1540.925004        0.015139
BFGS:   49 03:00:43    -1540.925048        0.015963
BFGS:   50 03:00:43    -1540.925089        0.015686
BFGS:   51 03:00:43    -1540.925139        0.018639
BFGS:   52 03:00:43    -1540.925189        0.018099
BFGS:   53 03:00:43    -1540.925227        0.014431
BFGS:   54 03:00:43    -1540.925255        0.010959
BFGS:   55 03:00:43    -1540.925280        0.011747
BFGS:   56 03:00:43    -1540.925307        0.014363
BFGS:   57 03:00:43    -1540.925334        0.015779
BFGS:   58 03:00:43    -1540.925368        0.014118
BFGS:   59 03:00:43    -1540.925416        0.018147
BFGS:   60 03:00:43    -1540.925494        0.018995
BFGS:   61 03:00:43    -1540.925583        0.023263
BFGS:   62 03:00:43    -1540.925664        0.030194
BFGS:   63 03:00:43    -1540.925750        0.030978
BFGS:   64 03:00:43    -1540.925864        0.025998
BFGS:   65 03:00:43    -1540.926068        0.033324
BFGS:   66 03:00:43    -1540.926332        0.041156
BFGS:   67 03:00:43    -1540.926608        0.032546
BFGS:   68 03:00:43    -1540.926798        0.029521
BFGS:   69 03:00:43    -1540.926898        0.018207
BFGS:   70 03:00:43    -1540.926980        0.021641
BFGS:   71 03:00:43    -1540.927053        0.016403
BFGS:   72 03:00:43    -1540.927164        0.015939
BFGS:   73 03:00:43    -1540.927210        0.017248
BFGS:   74 03:00:43    -1540.927275        0.014623
BFGS:   75 03:00:43    -1540.927331        0.015192
BFGS:   76 03:00:43    -1540.927376        0.014655
BFGS:   77 03:00:43    -1540.927424        0.015572
BFGS:   78 03:00:43    -1540.927475        0.018225
BFGS:   79 03:00:43    -1540.927530        0.015237
BFGS:   80 03:00:43    -1540.927590        0.014262
BFGS:   81 03:00:43    -1540.927639        0.014518
BFGS:   82 03:00:43    -1540.927673        0.013297
BFGS:   83 03:00:43    -1540.927710        0.013445
BFGS:   84 03:00:43    -1540.927752        0.017083
BFGS:   85 03:00:43    -1540.927818        0.020476
BFGS:   86 03:00:43    -1540.927907        0.021813
BFGS:   87 03:00:43    -1540.928023        0.025325
BFGS:   88 03:00:43    -1540.928142        0.030372
BFGS:   89 03:00:43    -1540.928290        0.031573
BFGS:   90 03:00:43    -1540.928514        0.034980
BFGS:   91 03:00:43    -1540.928913        0.039338
BFGS:   92 03:00:43    -1540.929507        0.052657
BFGS:   93 03:00:43    -1540.929689        0.103371
BFGS:   94 03:00:43    -1540.930621        0.084182
BFGS:   95 03:00:43    -1540.931118        0.050890
BFGS:   96 03:00:43    -1540.931829        0.062014
BFGS:   97 03:00:43    -1540.932078        0.032164
BFGS:   98 03:00:43    -1540.932315        0.035387
BFGS:   99 03:00:43    -1540.932471        0.026309
BFGS:  100 03:00:43    -1540.932577        0.022002
BFGS:  101 03:00:43    -1540.932707        0.021944
BFGS:  102 03:00:43    -1540.932787        0.018667
BFGS:  103 03:00:43    -1540.932862        0.018918
BFGS:  104 03:00:43    -1540.932937        0.022882
BFGS:  105 03:00:43    -1540.933020        0.031273
BFGS:  106 03:00:43    -1540.933136        0.028153
BFGS:  107 03:00:43    -1540.933289        0.023317
BFGS:  108 03:00:43    -1540.933420        0.020842
BFGS:  109 03:00:43    -1540.933527        0.019711
BFGS:  110 03:00:43    -1540.933606        0.017505
BFGS:  111 03:00:43    -1540.933679        0.014679
BFGS:  112 03:00:43    -1540.933757        0.019242
BFGS:  113 03:00:43    -1540.933829        0.018452
BFGS:  114 03:00:44    -1540.933879        0.011909
BFGS:  115 03:00:44    -1540.933906        0.010936
BFGS:  116 03:00:44    -1540.933923        0.010193
BFGS:  117 03:00:44    -1540.933939        0.008957
BFGS:  118 03:00:44    -1540.933961        0.010692
BFGS:  119 03:00:44    -1540.933992        0.012234
BFGS:  120 03:00:44    -1540.934030        0.012744
BFGS:  121 03:00:44    -1540.934078        0.014518
BFGS:  122 03:00:44    -1540.934146        0.015999
BFGS:  123 03:00:44    -1540.934228        0.016897
BFGS:  124 03:00:44    -1540.934318        0.020225
BFGS:  125 03:00:44    -1540.934410        0.023159
BFGS:  126 03:00:44    -1540.934514        0.022274
BFGS:  127 03:00:44    -1540.934634        0.022166
BFGS:  128 03:00:44    -1540.934745        0.016220
BFGS:  129 03:00:44    -1540.934821        0.017467
BFGS:  130 03:00:44    -1540.934865        0.018875
BFGS:  131 03:00:44    -1540.934901        0.014522
BFGS:  132 03:00:44    -1540.934942        0.014447
BFGS:  133 03:00:44    -1540.934988        0.014319
BFGS:  134 03:00:44    -1540.935029        0.014727
BFGS:  135 03:00:44    -1540.935068        0.017296
BFGS:  136 03:00:44    -1540.935114        0.014607
BFGS:  137 03:00:44    -1540.935169        0.014506
BFGS:  138 03:00:44    -1540.935228        0.014940
BFGS:  139 03:00:44    -1540.935275        0.017175
BFGS:  140 03:00:44    -1540.935311        0.016351
BFGS:  141 03:00:44    -1540.935344        0.013199
BFGS:  142 03:00:44    -1540.935370        0.009590
BFGS:  143 03:00:44    -1540.935388        0.008082
BFGS:  144 03:00:44    -1540.935400        0.007485
