      Step     Time          Energy          fmax
BFGS:    0 02:54:34    -2171.734929        0.559833
BFGS:    1 02:54:34    -2171.745875        0.497852
BFGS:    2 02:54:34    -2171.777588        0.444420
BFGS:    3 02:54:34    -2171.790477        0.385577
BFGS:    4 02:54:34    -2171.801807        0.274255
BFGS:    5 02:54:34    -2171.809935        0.308176
BFGS:    6 02:54:34    -2171.820931        0.294873
BFGS:    7 02:54:34    -2171.830939        0.305003
BFGS:    8 02:54:34    -2171.838584        0.188242
BFGS:    9 02:54:34    -2171.844800        0.184053
BFGS:   10 02:54:34    -2171.850212        0.168855
BFGS:   11 02:54:34    -2171.854749        0.215345
BFGS:   12 02:54:34    -2171.858817        0.171055
BFGS:   13 02:54:34    -2171.862758        0.148994
BFGS:   14 02:54:34    -2171.867005        0.186151
BFGS:   15 02:54:34    -2171.871531        0.142628
BFGS:   16 02:54:34    -2171.876164        0.153398
BFGS:   17 02:54:34    -2171.881083        0.160650
BFGS:   18 02:54:34    -2171.886443        0.200713
BFGS:   19 02:54:34    -2171.891925        0.196935
BFGS:   20 02:54:34    -2171.897155        0.198005
BFGS:   21 02:54:34    -2171.902152        0.148721
BFGS:   22 02:54:34    -2171.907010        0.136989
BFGS:   23 02:54:34    -2171.911118        0.162695
BFGS:   24 02:54:34    -2171.913642        0.115793
BFGS:   25 02:54:34    -2171.914772        0.056962
BFGS:   26 02:54:34    -2171.915233        0.037148
BFGS:   27 02:54:34    -2171.915575        0.042906
BFGS:   28 02:54:34    -2171.916135        0.079624
BFGS:   29 02:54:34    -2171.917056        0.108658
BFGS:   30 02:54:34    -2171.918317        0.100775
BFGS:   31 02:54:35    -2171.919581        0.076841
BFGS:   32 02:54:35    -2171.920740        0.082050
BFGS:   33 02:54:35    -2171.922003        0.081455
BFGS:   34 02:54:35    -2171.923612        0.115389
BFGS:   35 02:54:35    -2171.925536        0.101604
BFGS:   36 02:54:35    -2171.927264        0.083171
BFGS:   37 02:54:35    -2171.928401        0.078157
BFGS:   38 02:54:35    -2171.929169        0.066008
BFGS:   39 02:54:35    -2171.929886        0.070644
BFGS:   40 02:54:35    -2171.930631        0.055929
BFGS:   41 02:54:35    -2171.931369        0.069229
BFGS:   42 02:54:35    -2171.932236        0.072713
BFGS:   43 02:54:35    -2171.933404        0.107857
BFGS:   44 02:54:35    -2171.934903        0.108969
BFGS:   45 02:54:35    -2171.936577        0.096932
BFGS:   46 02:54:35    -2171.938183        0.097197
BFGS:   47 02:54:35    -2171.939794        0.093159
BFGS:   48 02:54:35    -2171.941073        0.091596
BFGS:   49 02:54:35    -2171.942545        0.093580
BFGS:   50 02:54:35    -2171.943725        0.068593
BFGS:   51 02:54:35    -2171.945020        0.113378
BFGS:   52 02:54:35    -2171.946228        0.099189
BFGS:   53 02:54:35    -2171.947774        0.117609
BFGS:   54 02:54:35    -2171.949006        0.067319
BFGS:   55 02:54:35    -2171.949837        0.052242
BFGS:   56 02:54:35    -2171.950189        0.042586
BFGS:   57 02:54:35    -2171.950658        0.037613
BFGS:   58 02:54:35    -2171.951055        0.030894
BFGS:   59 02:54:35    -2171.951365        0.037093
BFGS:   60 02:54:35    -2171.951707        0.037634
BFGS:   61 02:54:35    -2171.952289        0.056102
BFGS:   62 02:54:35    -2171.953283        0.069411
BFGS:   63 02:54:35    -2171.954687        0.077700
BFGS:   64 02:54:35    -2171.956008        0.094520
BFGS:   65 02:54:35    -2171.956220        0.144092
BFGS:   66 02:54:35    -2171.957725        0.057135
BFGS:   67 02:54:35    -2171.958302        0.054249
BFGS:   68 02:54:35    -2171.959860        0.057556
BFGS:   69 02:54:35    -2171.960689        0.074347
BFGS:   70 02:54:35    -2171.962012        0.069982
BFGS:   71 02:54:35    -2171.962972        0.061460
BFGS:   72 02:54:35    -2171.963813        0.053019
BFGS:   73 02:54:35    -2171.964404        0.054756
BFGS:   74 02:54:35    -2171.965164        0.061242
BFGS:   75 02:54:35    -2171.966189        0.061087
BFGS:   76 02:54:35    -2171.967550        0.076910
BFGS:   77 02:54:35    -2171.969338        0.083092
BFGS:   78 02:54:35    -2171.971695        0.111823
BFGS:   79 02:54:35    -2171.974795        0.121996
BFGS:   80 02:54:35    -2171.978326        0.115828
BFGS:   81 02:54:35    -2171.981474        0.139257
BFGS:   82 02:54:35    -2171.982151        0.153711
BFGS:   83 02:54:35    -2171.985223        0.087497
BFGS:   84 02:54:35    -2171.986974        0.087801
BFGS:   85 02:54:35    -2171.990949        0.100125
BFGS:   86 02:54:35    -2171.992319        0.071705
BFGS:   87 02:54:35    -2171.993389        0.068521
BFGS:   88 02:54:35    -2171.994004        0.058267
BFGS:   89 02:54:35    -2171.994790        0.052301
BFGS:   90 02:54:36    -2171.995662        0.067436
BFGS:   91 02:54:36    -2171.996641        0.060273
BFGS:   92 02:54:36    -2171.997535        0.061519
BFGS:   93 02:54:36    -2171.998497        0.064209
BFGS:   94 02:54:36    -2171.999601        0.078220
BFGS:   95 02:54:36    -2172.000648        0.076467
BFGS:   96 02:54:36    -2172.001430        0.058587
BFGS:   97 02:54:36    -2172.002008        0.047953
BFGS:   98 02:54:36    -2172.002577        0.047815
BFGS:   99 02:54:36    -2172.003125        0.046003
BFGS:  100 02:54:36    -2172.003487        0.035664
