      Step     Time          Energy          fmax
BFGS:    0 03:00:31    -1454.578911        0.022598
BFGS:    1 03:00:31    -1454.578969        0.017980
BFGS:    2 03:00:31    -1454.579169        0.032982
BFGS:    3 03:00:31    -1454.579260        0.049347
BFGS:    4 03:00:31    -1454.579419        0.040598
BFGS:    5 03:00:31    -1454.579742        0.048506
BFGS:    6 03:00:31    -1454.580187        0.066143
BFGS:    7 03:00:31    -1454.580563        0.053106
BFGS:    8 03:00:31    -1454.580938        0.053162
BFGS:    9 03:00:31    -1454.581413        0.070575
BFGS:   10 03:00:31    -1454.582107        0.080012
BFGS:   11 03:00:31    -1454.582966        0.073244
BFGS:   12 03:00:31    -1454.583794        0.064170
BFGS:   13 03:00:31    -1454.584419        0.054565
BFGS:   14 03:00:31    -1454.584897        0.053528
BFGS:   15 03:00:31    -1454.585358        0.064095
BFGS:   16 03:00:31    -1454.585864        0.059016
BFGS:   17 03:00:31    -1454.586413        0.054927
BFGS:   18 03:00:31    -1454.587004        0.068483
BFGS:   19 03:00:31    -1454.587636        0.075357
BFGS:   20 03:00:31    -1454.588293        0.066068
BFGS:   21 03:00:31    -1454.588877        0.043336
BFGS:   22 03:00:31    -1454.589305        0.037665
BFGS:   23 03:00:31    -1454.589573        0.031495
BFGS:   24 03:00:31    -1454.589754        0.030440
BFGS:   25 03:00:31    -1454.589899        0.024198
BFGS:   26 03:00:31    -1454.590023        0.022050
BFGS:   27 03:00:31    -1454.590123        0.023026
BFGS:   28 03:00:31    -1454.590213        0.022046
BFGS:   29 03:00:31    -1454.590322        0.021853
BFGS:   30 03:00:31    -1454.590479        0.036046
BFGS:   31 03:00:31    -1454.590702        0.046209
BFGS:   32 03:00:31    -1454.590983        0.041538
BFGS:   33 03:00:31    -1454.591326        0.045828
BFGS:   34 03:00:31    -1454.591773        0.047751
BFGS:   35 03:00:31    -1454.592401        0.058732
BFGS:   36 03:00:31    -1454.593205        0.080336
BFGS:   37 03:00:31    -1454.593989        0.070242
BFGS:   38 03:00:31    -1454.594614        0.048979
BFGS:   39 03:00:31    -1454.595086        0.039359
BFGS:   40 03:00:31    -1454.595415        0.046264
BFGS:   41 03:00:31    -1454.595707        0.039670
BFGS:   42 03:00:31    -1454.595971        0.036725
BFGS:   43 03:00:31    -1454.596232        0.040012
BFGS:   44 03:00:31    -1454.596498        0.032447
BFGS:   45 03:00:31    -1454.596778        0.033380
BFGS:   46 03:00:31    -1454.597022        0.029896
BFGS:   47 03:00:31    -1454.597224        0.031768
BFGS:   48 03:00:31    -1454.597401        0.029391
BFGS:   49 03:00:31    -1454.597602        0.037737
BFGS:   50 03:00:31    -1454.597850        0.044450
BFGS:   51 03:00:31    -1454.598176        0.046313
BFGS:   52 03:00:31    -1454.598572        0.045640
BFGS:   53 03:00:31    -1454.598946        0.040306
BFGS:   54 03:00:31    -1454.599224        0.038443
BFGS:   55 03:00:32    -1454.599427        0.029583
BFGS:   56 03:00:32    -1454.599579        0.028878
BFGS:   57 03:00:32    -1454.599711        0.025372
BFGS:   58 03:00:32    -1454.599834        0.028134
BFGS:   59 03:00:32    -1454.599946        0.024897
BFGS:   60 03:00:32    -1454.600045        0.024026
BFGS:   61 03:00:32    -1454.600161        0.029438
BFGS:   62 03:00:32    -1454.600346        0.028377
BFGS:   63 03:00:32    -1454.600611        0.039923
BFGS:   64 03:00:32    -1454.600937        0.042980
BFGS:   65 03:00:32    -1454.601219        0.038197
BFGS:   66 03:00:32    -1454.601417        0.034864
BFGS:   67 03:00:32    -1454.601560        0.039108
BFGS:   68 03:00:32    -1454.601677        0.036609
BFGS:   69 03:00:32    -1454.601847        0.021025
BFGS:   70 03:00:32    -1454.601953        0.024148
BFGS:   71 03:00:32    -1454.602041        0.022775
BFGS:   72 03:00:32    -1454.602114        0.019240
BFGS:   73 03:00:32    -1454.602201        0.021989
BFGS:   74 03:00:32    -1454.602306        0.021707
BFGS:   75 03:00:32    -1454.602419        0.030760
BFGS:   76 03:00:32    -1454.602535        0.033641
BFGS:   77 03:00:32    -1454.602685        0.039530
BFGS:   78 03:00:32    -1454.602887        0.042113
BFGS:   79 03:00:32    -1454.603104        0.036955
BFGS:   80 03:00:32    -1454.603257        0.024428
BFGS:   81 03:00:32    -1454.603364        0.022481
BFGS:   82 03:00:32    -1454.603486        0.031386
BFGS:   83 03:00:32    -1454.603675        0.042725
BFGS:   84 03:00:32    -1454.603917        0.038224
BFGS:   85 03:00:32    -1454.604146        0.036879
BFGS:   86 03:00:32    -1454.604323        0.029955
BFGS:   87 03:00:32    -1454.604520        0.047326
BFGS:   88 03:00:32    -1454.604789        0.058333
BFGS:   89 03:00:32    -1454.605343        0.053500
BFGS:   90 03:00:32    -1454.605756        0.048768
BFGS:   91 03:00:32    -1454.606244        0.053069
BFGS:   92 03:00:32    -1454.606735        0.045221
BFGS:   93 03:00:32    -1454.607243        0.045502
BFGS:   94 03:00:32    -1454.607512        0.056232
BFGS:   95 03:00:32    -1454.607645        0.099764
BFGS:   96 03:00:32    -1454.608028        0.031626
BFGS:   97 03:00:32    -1454.608203        0.026298
BFGS:   98 03:00:32    -1454.608606        0.027729
BFGS:   99 03:00:32    -1454.608787        0.030442
BFGS:  100 03:00:32    -1454.608980        0.041314
BFGS:  101 03:00:32    -1454.609160        0.036419
BFGS:  102 03:00:32    -1454.609319        0.031579
BFGS:  103 03:00:32    -1454.609448        0.030158
BFGS:  104 03:00:32    -1454.609574        0.030151
BFGS:  105 03:00:32    -1454.609715        0.026369
BFGS:  106 03:00:32    -1454.609809        0.045943
BFGS:  107 03:00:32    -1454.609894        0.034511
BFGS:  108 03:00:32    -1454.610001        0.018568
BFGS:  109 03:00:32    -1454.610069        0.015878
BFGS:  110 03:00:32    -1454.610160        0.018041
BFGS:  111 03:00:32    -1454.610240        0.023632
BFGS:  112 03:00:32    -1454.610350        0.023192
BFGS:  113 03:00:32    -1454.610455        0.030880
BFGS:  114 03:00:32    -1454.610545        0.019630
BFGS:  115 03:00:32    -1454.610623        0.025454
BFGS:  116 03:00:32    -1454.610727        0.027619
BFGS:  117 03:00:32    -1454.610894        0.029758
BFGS:  118 03:00:32    -1454.611094        0.029591
BFGS:  119 03:00:32    -1454.611250        0.027597
BFGS:  120 03:00:32    -1454.611355        0.021863
BFGS:  121 03:00:32    -1454.611465        0.025021
BFGS:  122 03:00:32    -1454.611601        0.028936
BFGS:  123 03:00:32    -1454.611737        0.031459
BFGS:  124 03:00:32    -1454.611905        0.033296
BFGS:  125 03:00:32    -1454.612067        0.028711
BFGS:  126 03:00:32    -1454.612269        0.045647
BFGS:  127 03:00:32    -1454.612526        0.041344
BFGS:  128 03:00:32    -1454.613117        0.043732
BFGS:  129 03:00:32    -1454.613366        0.040764
BFGS:  130 03:00:32    -1454.613738        0.046589
BFGS:  131 03:00:32    -1454.614133        0.059782
BFGS:  132 03:00:32    -1454.614667        0.070901
BFGS:  133 03:00:32    -1454.615291        0.070798
BFGS:  134 03:00:32    -1454.615844        0.061617
BFGS:  135 03:00:32    -1454.616451        0.056781
BFGS:  136 03:00:32    -1454.616891        0.044315
BFGS:  137 03:00:32    -1454.617097        0.070301
BFGS:  138 03:00:32    -1454.617278        0.044857
BFGS:  139 03:00:32    -1454.617436        0.025800
BFGS:  140 03:00:32    -1454.617553        0.035862
BFGS:  141 03:00:32    -1454.617738        0.039884
BFGS:  142 03:00:32    -1454.617905        0.048107
BFGS:  143 03:00:32    -1454.618103        0.025828
BFGS:  144 03:00:32    -1454.618291        0.040051
BFGS:  145 03:00:32    -1454.618555        0.029914
BFGS:  146 03:00:32    -1454.618799        0.032823
BFGS:  147 03:00:32    -1454.618925        0.023832
BFGS:  148 03:00:32    -1454.619019        0.025469
BFGS:  149 03:00:32    -1454.619112        0.025200
BFGS:  150 03:00:32    -1454.619173        0.023939
BFGS:  151 03:00:32    -1454.619252        0.024184
BFGS:  152 03:00:32    -1454.619352        0.034860
BFGS:  153 03:00:32    -1454.619470        0.026526
BFGS:  154 03:00:33    -1454.619583        0.026090
BFGS:  155 03:00:33    -1454.619728        0.031187
BFGS:  156 03:00:33    -1454.619827        0.025214
BFGS:  157 03:00:33    -1454.620024        0.034433
BFGS:  158 03:00:33    -1454.620150        0.033066
BFGS:  159 03:00:33    -1454.620289        0.030413
BFGS:  160 03:00:33    -1454.620370        0.025659
BFGS:  161 03:00:33    -1454.620534        0.019944
BFGS:  162 03:00:33    -1454.620727        0.027870
BFGS:  163 03:00:33    -1454.620895        0.026472
BFGS:  164 03:00:33    -1454.621039        0.034954
BFGS:  165 03:00:33    -1454.621150        0.034109
BFGS:  166 03:00:33    -1454.621285        0.029058
BFGS:  167 03:00:33    -1454.621434        0.021623
BFGS:  168 03:00:33    -1454.621587        0.026881
BFGS:  169 03:00:33    -1454.621716        0.033567
BFGS:  170 03:00:33    -1454.621899        0.035921
BFGS:  171 03:00:33    -1454.622164        0.035447
BFGS:  172 03:00:33    -1454.622518        0.033326
BFGS:  173 03:00:33    -1454.622883        0.033417
BFGS:  174 03:00:33    -1454.623082        0.037075
BFGS:  175 03:00:33    -1454.623272        0.047424
BFGS:  176 03:00:33    -1454.623466        0.044190
BFGS:  177 03:00:33    -1454.624082        0.031645
BFGS:  178 03:00:33    -1454.624346        0.041429
BFGS:  179 03:00:33    -1454.624635        0.043095
BFGS:  180 03:00:33    -1454.624824        0.042542
BFGS:  181 03:00:33    -1454.625076        0.039928
BFGS:  182 03:00:33    -1454.625377        0.048467
BFGS:  183 03:00:33    -1454.625619        0.055361
BFGS:  184 03:00:33    -1454.625781        0.032797
BFGS:  185 03:00:33    -1454.625878        0.020314
BFGS:  186 03:00:33    -1454.625930        0.016947
BFGS:  187 03:00:33    -1454.625976        0.012157
BFGS:  188 03:00:33    -1454.626010        0.010739
BFGS:  189 03:00:33    -1454.626042        0.011227
BFGS:  190 03:00:33    -1454.626065        0.011453
BFGS:  191 03:00:33    -1454.626084        0.010036
BFGS:  192 03:00:33    -1454.626101        0.008159
BFGS:  193 03:00:33    -1454.626121        0.007005
