      Step     Time          Energy          fmax
BFGS:    0 03:00:44    -1565.826554        0.066933
BFGS:    1 03:00:44    -1565.826969        0.054968
BFGS:    2 03:00:44    -1565.828156        0.084276
BFGS:    3 03:00:44    -1565.828439        0.101782
BFGS:    4 03:00:44    -1565.828923        0.072054
BFGS:    5 03:00:44    -1565.829535        0.054757
BFGS:    6 03:00:44    -1565.830036        0.058130
BFGS:    7 03:00:44    -1565.830668        0.074387
BFGS:    8 03:00:44    -1565.831273        0.074581
BFGS:    9 03:00:44    -1565.831811        0.046844
BFGS:   10 03:00:44    -1565.832188        0.042142
BFGS:   11 03:00:44    -1565.832459        0.040861
BFGS:   12 03:00:44    -1565.832690        0.047160
BFGS:   13 03:00:44    -1565.832917        0.034060
BFGS:   14 03:00:44    -1565.833121        0.034646
BFGS:   15 03:00:44    -1565.833287        0.030389
BFGS:   16 03:00:44    -1565.833436        0.031049
BFGS:   17 03:00:44    -1565.833594        0.029090
BFGS:   18 03:00:44    -1565.833757        0.030696
BFGS:   19 03:00:44    -1565.833901        0.021548
BFGS:   20 03:00:44    -1565.834025        0.029763
BFGS:   21 03:00:44    -1565.834148        0.033725
BFGS:   22 03:00:44    -1565.834274        0.026428
BFGS:   23 03:00:44    -1565.834386        0.023489
BFGS:   24 03:00:44    -1565.834473        0.020782
BFGS:   25 03:00:44    -1565.834547        0.023843
BFGS:   26 03:00:44    -1565.834624        0.021339
BFGS:   27 03:00:44    -1565.834708        0.020181
BFGS:   28 03:00:44    -1565.834790        0.018472
BFGS:   29 03:00:44    -1565.834873        0.021268
BFGS:   30 03:00:44    -1565.834958        0.023155
BFGS:   31 03:00:44    -1565.835053        0.024099
BFGS:   32 03:00:44    -1565.835148        0.022825
BFGS:   33 03:00:44    -1565.835243        0.021895
BFGS:   34 03:00:44    -1565.835345        0.026747
BFGS:   35 03:00:44    -1565.835453        0.026390
BFGS:   36 03:00:44    -1565.835565        0.028750
BFGS:   37 03:00:44    -1565.835668        0.028260
BFGS:   38 03:00:44    -1565.835767        0.024499
BFGS:   39 03:00:44    -1565.835871        0.027502
BFGS:   40 03:00:44    -1565.835969        0.025376
BFGS:   41 03:00:44    -1565.836042        0.020797
BFGS:   42 03:00:44    -1565.836096        0.020053
BFGS:   43 03:00:44    -1565.836138        0.014477
BFGS:   44 03:00:44    -1565.836180        0.013456
BFGS:   45 03:00:44    -1565.836217        0.012808
BFGS:   46 03:00:44    -1565.836250        0.012147
BFGS:   47 03:00:44    -1565.836280        0.012510
BFGS:   48 03:00:44    -1565.836312        0.013510
BFGS:   49 03:00:44    -1565.836345        0.013729
BFGS:   50 03:00:44    -1565.836378        0.011584
BFGS:   51 03:00:44    -1565.836410        0.010628
BFGS:   52 03:00:44    -1565.836442        0.011253
BFGS:   53 03:00:44    -1565.836476        0.012588
BFGS:   54 03:00:44    -1565.836514        0.015014
BFGS:   55 03:00:44    -1565.836558        0.016923
BFGS:   56 03:00:44    -1565.836613        0.020383
BFGS:   57 03:00:44    -1565.836683        0.019248
BFGS:   58 03:00:44    -1565.836770        0.020367
BFGS:   59 03:00:44    -1565.836868        0.025826
BFGS:   60 03:00:44    -1565.836977        0.027209
BFGS:   61 03:00:44    -1565.837098        0.022867
BFGS:   62 03:00:44    -1565.837221        0.023095
BFGS:   63 03:00:44    -1565.837337        0.023012
BFGS:   64 03:00:44    -1565.837439        0.025049
BFGS:   65 03:00:44    -1565.837529        0.027838
BFGS:   66 03:00:44    -1565.837621        0.029347
BFGS:   67 03:00:44    -1565.837722        0.027782
BFGS:   68 03:00:45    -1565.837831        0.023088
BFGS:   69 03:00:45    -1565.837933        0.025902
BFGS:   70 03:00:45    -1565.838026        0.024998
BFGS:   71 03:00:45    -1565.838116        0.019236
BFGS:   72 03:00:45    -1565.838210        0.020031
BFGS:   73 03:00:45    -1565.838282        0.016735
BFGS:   74 03:00:45    -1565.838336        0.016424
BFGS:   75 03:00:45    -1565.838390        0.016183
BFGS:   76 03:00:45    -1565.838459        0.019927
BFGS:   77 03:00:45    -1565.838548        0.021607
BFGS:   78 03:00:45    -1565.838640        0.019200
BFGS:   79 03:00:45    -1565.838720        0.020821
BFGS:   80 03:00:45    -1565.838797        0.021938
BFGS:   81 03:00:45    -1565.838884        0.022717
BFGS:   82 03:00:45    -1565.838974        0.019328
BFGS:   83 03:00:45    -1565.839043        0.016484
BFGS:   84 03:00:45    -1565.839087        0.015191
BFGS:   85 03:00:45    -1565.839125        0.017389
BFGS:   86 03:00:45    -1565.839172        0.015011
BFGS:   87 03:00:45    -1565.839218        0.016376
BFGS:   88 03:00:45    -1565.839255        0.014511
BFGS:   89 03:00:45    -1565.839290        0.014105
BFGS:   90 03:00:45    -1565.839342        0.015687
BFGS:   91 03:00:45    -1565.839423        0.021186
BFGS:   92 03:00:45    -1565.839532        0.024635
BFGS:   93 03:00:45    -1565.839632        0.022017
BFGS:   94 03:00:45    -1565.839717        0.019924
BFGS:   95 03:00:45    -1565.839799        0.022384
BFGS:   96 03:00:45    -1565.839905        0.022118
BFGS:   97 03:00:45    -1565.840027        0.024897
BFGS:   98 03:00:45    -1565.840148        0.024650
BFGS:   99 03:00:45    -1565.840261        0.021606
BFGS:  100 03:00:45    -1565.840357        0.019119
BFGS:  101 03:00:45    -1565.840449        0.018438
BFGS:  102 03:00:45    -1565.840524        0.020289
BFGS:  103 03:00:45    -1565.840577        0.020514
BFGS:  104 03:00:45    -1565.840631        0.019395
BFGS:  105 03:00:45    -1565.840701        0.021184
BFGS:  106 03:00:45    -1565.840790        0.021440
BFGS:  107 03:00:45    -1565.840877        0.016816
BFGS:  108 03:00:45    -1565.840937        0.020259
BFGS:  109 03:00:45    -1565.840979        0.020075
BFGS:  110 03:00:45    -1565.841026        0.019001
BFGS:  111 03:00:45    -1565.841098        0.015984
BFGS:  112 03:00:45    -1565.841157        0.018812
BFGS:  113 03:00:45    -1565.841212        0.015160
BFGS:  114 03:00:45    -1565.841247        0.012631
BFGS:  115 03:00:45    -1565.841273        0.008253
BFGS:  116 03:00:45    -1565.841293        0.010988
BFGS:  117 03:00:45    -1565.841309        0.009574
BFGS:  118 03:00:45    -1565.841322        0.009388
BFGS:  119 03:00:45    -1565.841337        0.008777
BFGS:  120 03:00:45    -1565.841355        0.010653
BFGS:  121 03:00:45    -1565.841377        0.011233
BFGS:  122 03:00:45    -1565.841401        0.010195
BFGS:  123 03:00:45    -1565.841423        0.011027
BFGS:  124 03:00:45    -1565.841442        0.012029
BFGS:  125 03:00:45    -1565.841460        0.010254
BFGS:  126 03:00:45    -1565.841483        0.010420
BFGS:  127 03:00:45    -1565.841507        0.010205
BFGS:  128 03:00:45    -1565.841534        0.011236
BFGS:  129 03:00:45    -1565.841558        0.009731
BFGS:  130 03:00:45    -1565.841581        0.009409
BFGS:  131 03:00:45    -1565.841605        0.012262
BFGS:  132 03:00:45    -1565.841639        0.013678
BFGS:  133 03:00:45    -1565.841685        0.018426
BFGS:  134 03:00:45    -1565.841740        0.018286
BFGS:  135 03:00:45    -1565.841790        0.017707
BFGS:  136 03:00:45    -1565.841836        0.016175
BFGS:  137 03:00:45    -1565.841886        0.017046
BFGS:  138 03:00:45    -1565.841967        0.026400
BFGS:  139 03:00:45    -1565.842080        0.031161
BFGS:  140 03:00:45    -1565.842196        0.022484
BFGS:  141 03:00:45    -1565.842273        0.017531
BFGS:  142 03:00:45    -1565.842321        0.016548
BFGS:  143 03:00:45    -1565.842370        0.015607
BFGS:  144 03:00:45    -1565.842427        0.015370
BFGS:  145 03:00:45    -1565.842487        0.016262
BFGS:  146 03:00:45    -1565.842531        0.013307
BFGS:  147 03:00:45    -1565.842571        0.010604
BFGS:  148 03:00:45    -1565.842622        0.013066
BFGS:  149 03:00:45    -1565.842719        0.018865
BFGS:  150 03:00:45    -1565.842889        0.027012
BFGS:  151 03:00:45    -1565.843014        0.050160
BFGS:  152 03:00:45    -1565.843408        0.047941
BFGS:  153 03:00:45    -1565.843667        0.041542
BFGS:  154 03:00:45    -1565.844020        0.027603
BFGS:  155 03:00:45    -1565.844221        0.019486
BFGS:  156 03:00:45    -1565.844262        0.040892
BFGS:  157 03:00:45    -1565.844322        0.013429
BFGS:  158 03:00:45    -1565.844349        0.012223
BFGS:  159 03:00:45    -1565.844388        0.009560
BFGS:  160 03:00:45    -1565.844413        0.016088
BFGS:  161 03:00:45    -1565.844444        0.012480
BFGS:  162 03:00:45    -1565.844477        0.010620
BFGS:  163 03:00:45    -1565.844510        0.013077
BFGS:  164 03:00:45    -1565.844540        0.013109
BFGS:  165 03:00:46    -1565.844575        0.011493
BFGS:  166 03:00:46    -1565.844616        0.014987
BFGS:  167 03:00:46    -1565.844674        0.017436
BFGS:  168 03:00:46    -1565.844783        0.020043
BFGS:  169 03:00:46    -1565.844962        0.024645
BFGS:  170 03:00:46    -1565.845042        0.083678
BFGS:  171 03:00:46    -1565.843371        0.223411
BFGS:  172 03:00:46    -1565.845638        0.038428
BFGS:  173 03:00:46    -1565.845878        0.033169
BFGS:  174 03:00:46    -1565.846589        0.034098
BFGS:  175 03:00:46    -1565.846764        0.100192
BFGS:  176 03:00:46    -1565.847158        0.028579
BFGS:  177 03:00:46    -1565.847475        0.028489
BFGS:  178 03:00:46    -1565.848353        0.049391
BFGS:  179 03:00:46    -1565.848602        0.051652
BFGS:  180 03:00:46    -1565.848947        0.054745
BFGS:  181 03:00:46    -1565.849507        0.072378
BFGS:  182 03:00:46    -1565.848830        0.168765
BFGS:  183 03:00:46    -1565.850555        0.079093
BFGS:  184 03:00:46    -1565.850799        0.077196
BFGS:  185 03:00:46    -1565.851667        0.041709
BFGS:  186 03:00:46    -1565.851862        0.090553
BFGS:  187 03:00:46    -1565.852204        0.043573
BFGS:  188 03:00:46    -1565.852404        0.051387
BFGS:  189 03:00:46    -1565.852391        0.067883
BFGS:  190 03:00:46    -1565.852676        0.045144
BFGS:  191 03:00:46    -1565.852810        0.022000
BFGS:  192 03:00:46    -1565.852964        0.020960
BFGS:  193 03:00:46    -1565.853142        0.024279
BFGS:  194 03:00:46    -1565.853193        0.011086
BFGS:  195 03:00:46    -1565.853218        0.013330
BFGS:  196 03:00:46    -1565.853234        0.009450
BFGS:  197 03:00:46    -1565.853243        0.004696
