      Step     Time          Energy          fmax
BFGS:    0 03:00:41    -1540.934067        0.022878
BFGS:    1 03:00:41    -1540.934120        0.018536
BFGS:    2 03:00:41    -1540.934256        0.019541
BFGS:    3 03:00:41    -1540.934306        0.018921
BFGS:    4 03:00:41    -1540.934428        0.022951
BFGS:    5 03:00:41    -1540.934545        0.027500
BFGS:    6 03:00:41    -1540.934698        0.027600
BFGS:    7 03:00:41    -1540.934836        0.025826
BFGS:    8 03:00:41    -1540.934975        0.026800
BFGS:    9 03:00:41    -1540.935121        0.025628
BFGS:   10 03:00:41    -1540.935278        0.026889
BFGS:   11 03:00:41    -1540.935428        0.028888
BFGS:   12 03:00:41    -1540.935576        0.028767
BFGS:   13 03:00:41    -1540.935730        0.024497
BFGS:   14 03:00:41    -1540.935886        0.024580
BFGS:   15 03:00:41    -1540.936027        0.025568
BFGS:   16 03:00:41    -1540.936153        0.026123
BFGS:   17 03:00:41    -1540.936287        0.021838
BFGS:   18 03:00:41    -1540.936441        0.024946
BFGS:   19 03:00:41    -1540.936592        0.023343
BFGS:   20 03:00:41    -1540.936714        0.023060
BFGS:   21 03:00:41    -1540.936819        0.023738
BFGS:   22 03:00:41    -1540.936942        0.025027
BFGS:   23 03:00:41    -1540.937106        0.026688
BFGS:   24 03:00:41    -1540.937301        0.026717
BFGS:   25 03:00:41    -1540.937485        0.029673
BFGS:   26 03:00:41    -1540.937623        0.023531
BFGS:   27 03:00:41    -1540.937723        0.019826
BFGS:   28 03:00:41    -1540.937800        0.017834
BFGS:   29 03:00:41    -1540.937871        0.019309
BFGS:   30 03:00:41    -1540.937947        0.019453
BFGS:   31 03:00:41    -1540.938030        0.020423
BFGS:   32 03:00:41    -1540.938104        0.020356
BFGS:   33 03:00:41    -1540.938159        0.014609
BFGS:   34 03:00:41    -1540.938200        0.012092
BFGS:   35 03:00:41    -1540.938236        0.012321
BFGS:   36 03:00:42    -1540.938272        0.013098
BFGS:   37 03:00:42    -1540.938307        0.013916
BFGS:   38 03:00:42    -1540.938344        0.012281
BFGS:   39 03:00:42    -1540.938383        0.012987
BFGS:   40 03:00:42    -1540.938420        0.011703
BFGS:   41 03:00:42    -1540.938454        0.011753
BFGS:   42 03:00:42    -1540.938490        0.012855
BFGS:   43 03:00:42    -1540.938539        0.016203
BFGS:   44 03:00:42    -1540.938618        0.021498
BFGS:   45 03:00:42    -1540.938720        0.024766
BFGS:   46 03:00:42    -1540.938830        0.019569
BFGS:   47 03:00:42    -1540.938914        0.017055
BFGS:   48 03:00:42    -1540.938980        0.015254
BFGS:   49 03:00:42    -1540.939038        0.014894
BFGS:   50 03:00:42    -1540.939100        0.014552
BFGS:   51 03:00:42    -1540.939156        0.014145
BFGS:   52 03:00:42    -1540.939199        0.012786
BFGS:   53 03:00:42    -1540.939232        0.010215
BFGS:   54 03:00:42    -1540.939258        0.011358
BFGS:   55 03:00:42    -1540.939280        0.010577
BFGS:   56 03:00:42    -1540.939300        0.010506
BFGS:   57 03:00:42    -1540.939326        0.011756
BFGS:   58 03:00:42    -1540.939360        0.011965
BFGS:   59 03:00:42    -1540.939403        0.016200
BFGS:   60 03:00:42    -1540.939454        0.014896
BFGS:   61 03:00:42    -1540.939497        0.016462
BFGS:   62 03:00:42    -1540.939533        0.015978
BFGS:   63 03:00:42    -1540.939567        0.013403
BFGS:   64 03:00:42    -1540.939602        0.013661
BFGS:   65 03:00:42    -1540.939643        0.013383
BFGS:   66 03:00:42    -1540.939686        0.015589
BFGS:   67 03:00:42    -1540.939728        0.013809
BFGS:   68 03:00:42    -1540.939763        0.009943
BFGS:   69 03:00:42    -1540.939790        0.009864
BFGS:   70 03:00:42    -1540.939814        0.010332
BFGS:   71 03:00:42    -1540.939837        0.012557
BFGS:   72 03:00:42    -1540.939867        0.012932
BFGS:   73 03:00:42    -1540.939908        0.014758
BFGS:   74 03:00:42    -1540.939964        0.015121
BFGS:   75 03:00:42    -1540.940020        0.015903
BFGS:   76 03:00:42    -1540.940067        0.014903
BFGS:   77 03:00:42    -1540.940109        0.013903
BFGS:   78 03:00:42    -1540.940155        0.015364
BFGS:   79 03:00:42    -1540.940211        0.013244
BFGS:   80 03:00:42    -1540.940252        0.014556
BFGS:   81 03:00:42    -1540.940284        0.012548
BFGS:   82 03:00:42    -1540.940310        0.010182
BFGS:   83 03:00:42    -1540.940335        0.010922
BFGS:   84 03:00:42    -1540.940359        0.009615
BFGS:   85 03:00:42    -1540.940376        0.011130
BFGS:   86 03:00:42    -1540.940394        0.010526
BFGS:   87 03:00:42    -1540.940415        0.010109
BFGS:   88 03:00:42    -1540.940446        0.010766
BFGS:   89 03:00:42    -1540.940473        0.009429
BFGS:   90 03:00:42    -1540.940493        0.008977
BFGS:   91 03:00:42    -1540.940510        0.009750
BFGS:   92 03:00:42    -1540.940528        0.009421
BFGS:   93 03:00:42    -1540.940554        0.012118
BFGS:   94 03:00:42    -1540.940583        0.010834
BFGS:   95 03:00:42    -1540.940607        0.009408
BFGS:   96 03:00:42    -1540.940627        0.010440
BFGS:   97 03:00:42    -1540.940646        0.011003
BFGS:   98 03:00:42    -1540.940675        0.011567
BFGS:   99 03:00:42    -1540.940722        0.014929
BFGS:  100 03:00:42    -1540.940793        0.020548
BFGS:  101 03:00:42    -1540.940891        0.021597
BFGS:  102 03:00:42    -1540.941020        0.028291
BFGS:  103 03:00:42    -1540.941160        0.027276
BFGS:  104 03:00:42    -1540.941333        0.029359
BFGS:  105 03:00:42    -1540.941534        0.027490
BFGS:  106 03:00:42    -1540.941780        0.039621
BFGS:  107 03:00:42    -1540.942052        0.037089
BFGS:  108 03:00:42    -1540.942147        0.048068
BFGS:  109 03:00:42    -1540.942315        0.018128
BFGS:  110 03:00:42    -1540.942365        0.015396
BFGS:  111 03:00:42    -1540.942414        0.012184
BFGS:  112 03:00:42    -1540.942434        0.009852
BFGS:  113 03:00:42    -1540.942456        0.009343
BFGS:  114 03:00:42    -1540.942477        0.011070
BFGS:  115 03:00:42    -1540.942499        0.008995
BFGS:  116 03:00:42    -1540.942521        0.008616
BFGS:  117 03:00:42    -1540.942542        0.008862
BFGS:  118 03:00:42    -1540.942559        0.007827
