      Step     Time          Energy          fmax
BFGS:    0 03:00:46    -1565.787539        0.023059
BFGS:    1 03:00:46    -1565.787595        0.020285
BFGS:    2 03:00:46    -1565.787730        0.022149
BFGS:    3 03:00:46    -1565.787778        0.037006
BFGS:    4 03:00:46    -1565.787877        0.025195
BFGS:    5 03:00:46    -1565.787983        0.029456
BFGS:    6 03:00:46    -1565.788094        0.030582
BFGS:    7 03:00:46    -1565.788189        0.028719
BFGS:    8 03:00:46    -1565.788297        0.023774
BFGS:    9 03:00:46    -1565.788404        0.018797
BFGS:   10 03:00:46    -1565.788506        0.021044
BFGS:   11 03:00:46    -1565.788600        0.022537
BFGS:   12 03:00:46    -1565.788704        0.022862
BFGS:   13 03:00:46    -1565.788829        0.026001
BFGS:   14 03:00:46    -1565.788982        0.029851
BFGS:   15 03:00:46    -1565.789145        0.025515
BFGS:   16 03:00:46    -1565.789308        0.023736
BFGS:   17 03:00:46    -1565.789481        0.030890
BFGS:   18 03:00:46    -1565.789696        0.034616
BFGS:   19 03:00:46    -1565.789977        0.039449
BFGS:   20 03:00:46    -1565.790312        0.040233
BFGS:   21 03:00:46    -1565.790652        0.037793
BFGS:   22 03:00:46    -1565.790965        0.040126
BFGS:   23 03:00:46    -1565.791284        0.040049
BFGS:   24 03:00:46    -1565.791646        0.042519
BFGS:   25 03:00:46    -1565.792065        0.050677
BFGS:   26 03:00:46    -1565.792539        0.048179
BFGS:   27 03:00:46    -1565.793062        0.054240
BFGS:   28 03:00:46    -1565.793607        0.045846
BFGS:   29 03:00:46    -1565.794105        0.044233
BFGS:   30 03:00:46    -1565.794501        0.044396
BFGS:   31 03:00:46    -1565.794884        0.049966
BFGS:   32 03:00:46    -1565.795357        0.051008
BFGS:   33 03:00:46    -1565.796000        0.058872
BFGS:   34 03:00:46    -1565.796862        0.071253
BFGS:   35 03:00:46    -1565.797884        0.087067
BFGS:   36 03:00:46    -1565.799040        0.080453
BFGS:   37 03:00:46    -1565.800261        0.073315
BFGS:   38 03:00:46    -1565.800903        0.157136
BFGS:   39 03:00:46    -1565.802354        0.097966
BFGS:   40 03:00:46    -1565.803272        0.082776
BFGS:   41 03:00:46    -1565.805201        0.087632
BFGS:   42 03:00:46    -1565.806261        0.094977
BFGS:   43 03:00:46    -1565.809260        0.141602
BFGS:   44 03:00:46    -1565.810716        0.225611
BFGS:   45 03:00:46    -1565.812713        0.158342
BFGS:   46 03:00:46    -1565.814607        0.070723
BFGS:   47 03:00:46    -1565.816281        0.084056
BFGS:   48 03:00:46    -1565.817195        0.078721
BFGS:   49 03:00:46    -1565.817879        0.064151
BFGS:   50 03:00:46    -1565.818328        0.047268
BFGS:   51 03:00:46    -1565.818798        0.058341
BFGS:   52 03:00:46    -1565.819355        0.067787
BFGS:   53 03:00:46    -1565.819941        0.067639
BFGS:   54 03:00:46    -1565.820608        0.068238
BFGS:   55 03:00:46    -1565.821385        0.070388
BFGS:   56 03:00:47    -1565.822304        0.075122
BFGS:   57 03:00:47    -1565.823261        0.059225
BFGS:   58 03:00:47    -1565.824046        0.079462
BFGS:   59 03:00:47    -1565.824542        0.057879
BFGS:   60 03:00:47    -1565.824976        0.047995
BFGS:   61 03:00:47    -1565.825333        0.040531
BFGS:   62 03:00:47    -1565.825756        0.052375
BFGS:   63 03:00:47    -1565.826005        0.041173
BFGS:   64 03:00:47    -1565.826361        0.042316
BFGS:   65 03:00:47    -1565.826647        0.054083
BFGS:   66 03:00:47    -1565.826949        0.051039
BFGS:   67 03:00:47    -1565.827194        0.043689
BFGS:   68 03:00:47    -1565.827406        0.026568
BFGS:   69 03:00:47    -1565.827599        0.030221
BFGS:   70 03:00:47    -1565.827797        0.039477
BFGS:   71 03:00:47    -1565.827976        0.039875
BFGS:   72 03:00:47    -1565.828126        0.028026
BFGS:   73 03:00:47    -1565.828260        0.027787
BFGS:   74 03:00:47    -1565.828396        0.030308
BFGS:   75 03:00:47    -1565.828533        0.027073
BFGS:   76 03:00:47    -1565.828648        0.022162
BFGS:   77 03:00:47    -1565.828736        0.019750
BFGS:   78 03:00:47    -1565.828818        0.021647
BFGS:   79 03:00:47    -1565.828912        0.030405
BFGS:   80 03:00:47    -1565.829029        0.035575
BFGS:   81 03:00:47    -1565.829152        0.027690
BFGS:   82 03:00:47    -1565.829282        0.021969
BFGS:   83 03:00:47    -1565.829419        0.039713
BFGS:   84 03:00:47    -1565.829563        0.043499
BFGS:   85 03:00:47    -1565.829709        0.032959
BFGS:   86 03:00:47    -1565.829844        0.024626
BFGS:   87 03:00:47    -1565.829953        0.023736
BFGS:   88 03:00:47    -1565.830041        0.024008
BFGS:   89 03:00:47    -1565.830123        0.021501
BFGS:   90 03:00:47    -1565.830218        0.020946
BFGS:   91 03:00:47    -1565.830331        0.024105
BFGS:   92 03:00:47    -1565.830436        0.021261
BFGS:   93 03:00:47    -1565.830522        0.022181
BFGS:   94 03:00:47    -1565.830598        0.025249
BFGS:   95 03:00:47    -1565.830690        0.021364
BFGS:   96 03:00:47    -1565.830810        0.022572
BFGS:   97 03:00:47    -1565.830935        0.025807
BFGS:   98 03:00:47    -1565.831031        0.019881
BFGS:   99 03:00:47    -1565.831097        0.017059
BFGS:  100 03:00:47    -1565.831157        0.019382
BFGS:  101 03:00:47    -1565.831214        0.018819
BFGS:  102 03:00:47    -1565.831264        0.015615
BFGS:  103 03:00:47    -1565.831300        0.013188
BFGS:  104 03:00:47    -1565.831329        0.013773
BFGS:  105 03:00:47    -1565.831358        0.015429
BFGS:  106 03:00:47    -1565.831389        0.014332
BFGS:  107 03:00:47    -1565.831424        0.013883
BFGS:  108 03:00:47    -1565.831468        0.013749
BFGS:  109 03:00:47    -1565.831530        0.018432
BFGS:  110 03:00:47    -1565.831619        0.024204
BFGS:  111 03:00:47    -1565.831749        0.029667
BFGS:  112 03:00:47    -1565.831932        0.031801
BFGS:  113 03:00:47    -1565.832145        0.031010
BFGS:  114 03:00:47    -1565.832354        0.027241
BFGS:  115 03:00:47    -1565.832520        0.020613
BFGS:  116 03:00:47    -1565.832639        0.017947
BFGS:  117 03:00:47    -1565.832720        0.015286
BFGS:  118 03:00:47    -1565.832773        0.009852
BFGS:  119 03:00:47    -1565.832803        0.011870
BFGS:  120 03:00:47    -1565.832826        0.011743
BFGS:  121 03:00:47    -1565.832853        0.011517
BFGS:  122 03:00:47    -1565.832891        0.014005
BFGS:  123 03:00:47    -1565.832941        0.016267
BFGS:  124 03:00:47    -1565.833012        0.019863
BFGS:  125 03:00:47    -1565.833106        0.025082
BFGS:  126 03:00:47    -1565.833252        0.026205
BFGS:  127 03:00:47    -1565.833466        0.028684
BFGS:  128 03:00:47    -1565.833699        0.035034
BFGS:  129 03:00:47    -1565.833880        0.036435
BFGS:  130 03:00:47    -1565.834003        0.031076
BFGS:  131 03:00:47    -1565.834141        0.023934
BFGS:  132 03:00:47    -1565.834276        0.017764
BFGS:  133 03:00:47    -1565.834407        0.021836
BFGS:  134 03:00:47    -1565.834510        0.029532
BFGS:  135 03:00:47    -1565.834610        0.023525
BFGS:  136 03:00:47    -1565.834722        0.025534
BFGS:  137 03:00:47    -1565.834857        0.026887
BFGS:  138 03:00:47    -1565.835032        0.032755
BFGS:  139 03:00:47    -1565.835214        0.057290
BFGS:  140 03:00:47    -1565.835604        0.097049
BFGS:  141 03:00:47    -1565.836290        0.049791
BFGS:  142 03:00:47    -1565.837165        0.090716
BFGS:  143 03:00:47    -1565.837723        0.115410
BFGS:  144 03:00:47    -1565.838960        0.127317
BFGS:  145 03:00:47    -1565.840864        0.127552
BFGS:  146 03:00:47    -1565.843383        0.080388
BFGS:  147 03:00:47    -1565.842541        0.260870
BFGS:  148 03:00:47    -1565.845314        0.076181
BFGS:  149 03:00:47    -1565.846013        0.049579
BFGS:  150 03:00:47    -1565.846917        0.079916
BFGS:  151 03:00:47    -1565.847280        0.053163
BFGS:  152 03:00:48    -1565.847670        0.030048
BFGS:  153 03:00:48    -1565.847908        0.042535
BFGS:  154 03:00:48    -1565.848141        0.039030
BFGS:  155 03:00:48    -1565.848412        0.038206
BFGS:  156 03:00:48    -1565.848731        0.047519
BFGS:  157 03:00:48    -1565.849003        0.050831
BFGS:  158 03:00:48    -1565.849322        0.049943
BFGS:  159 03:00:48    -1565.849631        0.044447
BFGS:  160 03:00:48    -1565.849902        0.030869
BFGS:  161 03:00:48    -1565.850075        0.076498
BFGS:  162 03:00:48    -1565.850259        0.041485
BFGS:  163 03:00:48    -1565.850430        0.024611
BFGS:  164 03:00:48    -1565.850589        0.024715
BFGS:  165 03:00:48    -1565.850677        0.019157
BFGS:  166 03:00:48    -1565.850750        0.019089
BFGS:  167 03:00:48    -1565.850831        0.017749
BFGS:  168 03:00:48    -1565.850923        0.018232
BFGS:  169 03:00:48    -1565.851023        0.020745
BFGS:  170 03:00:48    -1565.851124        0.024091
BFGS:  171 03:00:48    -1565.851250        0.022006
BFGS:  172 03:00:48    -1565.851395        0.026943
BFGS:  173 03:00:48    -1565.851535        0.017087
BFGS:  174 03:00:48    -1565.851615        0.022882
BFGS:  175 03:00:48    -1565.851656        0.012147
BFGS:  176 03:00:48    -1565.851677        0.010604
BFGS:  177 03:00:48    -1565.851698        0.008024
BFGS:  178 03:00:48    -1565.851717        0.010966
BFGS:  179 03:00:48    -1565.851745        0.009704
BFGS:  180 03:00:48    -1565.851774        0.010477
BFGS:  181 03:00:48    -1565.851800        0.008407
BFGS:  182 03:00:48    -1565.851817        0.008860
BFGS:  183 03:00:48    -1565.851831        0.008326
BFGS:  184 03:00:48    -1565.851843        0.006803
