      Step     Time          Energy          fmax
BFGS:    0 02:54:38    -1309.867741        0.516545
BFGS:    1 02:54:38    -1309.879803        0.472594
BFGS:    2 02:54:38    -1309.896974        0.474995
BFGS:    3 02:54:38    -1309.918717        0.452087
BFGS:    4 02:54:38    -1309.936351        0.451041
BFGS:    5 02:54:38    -1309.949157        0.260023
BFGS:    6 02:54:38    -1309.956371        0.264922
BFGS:    7 02:54:38    -1309.964072        0.274791
BFGS:    8 02:54:38    -1309.973676        0.227195
BFGS:    9 02:54:38    -1309.981532        0.210617
BFGS:   10 02:54:38    -1309.988074        0.172958
BFGS:   11 02:54:38    -1309.993666        0.201606
BFGS:   12 02:54:38    -1309.998030        0.197979
BFGS:   13 02:54:38    -1310.001828        0.144422
BFGS:   14 02:54:38    -1310.005143        0.133136
BFGS:   15 02:54:38    -1310.007968        0.134196
BFGS:   16 02:54:38    -1310.010670        0.170566
BFGS:   17 02:54:38    -1310.013530        0.174219
BFGS:   18 02:54:38    -1310.016693        0.144777
BFGS:   19 02:54:38    -1310.020205        0.183073
BFGS:   20 02:54:38    -1310.024322        0.256805
BFGS:   21 02:54:38    -1310.029641        0.255403
BFGS:   22 02:54:38    -1310.036213        0.193845
BFGS:   23 02:54:38    -1310.043235        0.210010
BFGS:   24 02:54:38    -1310.050027        0.167809
BFGS:   25 02:54:38    -1310.055794        0.192546
BFGS:   26 02:54:38    -1310.059993        0.186173
BFGS:   27 02:54:38    -1310.063483        0.132865
BFGS:   28 02:54:38    -1310.066049        0.184352
BFGS:   29 02:54:38    -1310.069107        0.172455
BFGS:   30 02:54:38    -1310.071841        0.126750
BFGS:   31 02:54:38    -1310.074884        0.129173
BFGS:   32 02:54:38    -1310.075551        0.062095
BFGS:   33 02:54:38    -1310.076092        0.051785
BFGS:   34 02:54:38    -1310.076607        0.051027
BFGS:   35 02:54:38    -1310.076927        0.063119
BFGS:   36 02:54:38    -1310.077647        0.067631
BFGS:   37 02:54:38    -1310.078414        0.066508
BFGS:   38 02:54:38    -1310.079437        0.072713
BFGS:   39 02:54:38    -1310.080463        0.081303
BFGS:   40 02:54:38    -1310.081374        0.076788
BFGS:   41 02:54:38    -1310.082193        0.072521
BFGS:   42 02:54:38    -1310.083025        0.075728
BFGS:   43 02:54:38    -1310.083957        0.083205
BFGS:   44 02:54:38    -1310.084798        0.071948
BFGS:   45 02:54:38    -1310.085445        0.064909
BFGS:   46 02:54:38    -1310.085949        0.063710
BFGS:   47 02:54:38    -1310.086488        0.057877
BFGS:   48 02:54:38    -1310.087118        0.062186
BFGS:   49 02:54:38    -1310.087871        0.081204
BFGS:   50 02:54:38    -1310.088860        0.073985
BFGS:   51 02:54:38    -1310.090209        0.080468
BFGS:   52 02:54:38    -1310.091886        0.088522
BFGS:   53 02:54:38    -1310.093416        0.085765
BFGS:   54 02:54:38    -1310.094683        0.121549
BFGS:   55 02:54:38    -1310.095825        0.085895
BFGS:   56 02:54:38    -1310.097534        0.100955
BFGS:   57 02:54:38    -1310.100668        0.106493
BFGS:   58 02:54:38    -1310.102548        0.096385
BFGS:   59 02:54:38    -1310.103871        0.071151
BFGS:   60 02:54:38    -1310.104757        0.071117
BFGS:   61 02:54:39    -1310.105386        0.060600
BFGS:   62 02:54:39    -1310.105839        0.062611
BFGS:   63 02:54:39    -1310.106151        0.036959
BFGS:   64 02:54:39    -1310.106411        0.046193
BFGS:   65 02:54:39    -1310.106664        0.040742
BFGS:   66 02:54:39    -1310.106922        0.037511
BFGS:   67 02:54:39    -1310.107096        0.037686
BFGS:   68 02:54:39    -1310.107341        0.045037
BFGS:   69 02:54:39    -1310.107672        0.055788
BFGS:   70 02:54:39    -1310.108100        0.047215
BFGS:   71 02:54:39    -1310.108452        0.040071
BFGS:   72 02:54:39    -1310.108666        0.028343
BFGS:   73 02:54:39    -1310.108802        0.024184
