      Step     Time          Energy          fmax
BFGS:    0 02:54:50    -1824.106492        0.958170
BFGS:    1 02:54:50    -1824.122865        0.768838
BFGS:    2 02:54:50    -1824.131280        0.287324
BFGS:    3 02:54:50    -1824.137324        0.225054
BFGS:    4 02:54:50    -1824.146557        0.252867
BFGS:    5 02:54:50    -1824.152584        0.311142
BFGS:    6 02:54:50    -1824.162981        0.336007
BFGS:    7 02:54:50    -1824.174527        0.300080
BFGS:    8 02:54:50    -1824.187510        0.258369
BFGS:    9 02:54:50    -1824.198928        0.211186
BFGS:   10 02:54:50    -1824.207511        0.204723
BFGS:   11 02:54:50    -1824.212416        0.151573
BFGS:   12 02:54:50    -1824.215453        0.120710
BFGS:   13 02:54:50    -1824.218183        0.130176
BFGS:   14 02:54:50    -1824.220782        0.115621
BFGS:   15 02:54:50    -1824.223046        0.101580
BFGS:   16 02:54:50    -1824.224856        0.098446
BFGS:   17 02:54:50    -1824.226415        0.111242
BFGS:   18 02:54:50    -1824.227967        0.104195
BFGS:   19 02:54:50    -1824.229672        0.096348
BFGS:   20 02:54:50    -1824.231527        0.095525
BFGS:   21 02:54:50    -1824.233213        0.076166
BFGS:   22 02:54:50    -1824.234512        0.072506
BFGS:   23 02:54:50    -1824.235411        0.071746
BFGS:   24 02:54:50    -1824.236120        0.072914
BFGS:   25 02:54:50    -1824.236822        0.063771
BFGS:   26 02:54:50    -1824.237571        0.061784
BFGS:   27 02:54:50    -1824.238364        0.065767
BFGS:   28 02:54:50    -1824.239183        0.066323
BFGS:   29 02:54:50    -1824.240007        0.070925
BFGS:   30 02:54:50    -1824.240766        0.066507
BFGS:   31 02:54:50    -1824.241390        0.057666
BFGS:   32 02:54:50    -1824.241923        0.057641
BFGS:   33 02:54:50    -1824.242523        0.066700
BFGS:   34 02:54:50    -1824.243352        0.074797
BFGS:   35 02:54:50    -1824.244456        0.080799
BFGS:   36 02:54:50    -1824.245671        0.086137
BFGS:   37 02:54:50    -1824.246787        0.070382
BFGS:   38 02:54:50    -1824.247800        0.076972
BFGS:   39 02:54:50    -1824.248844        0.082517
BFGS:   40 02:54:50    -1824.249805        0.064728
BFGS:   41 02:54:50    -1824.250462        0.039328
BFGS:   42 02:54:50    -1824.250895        0.038558
BFGS:   43 02:54:50    -1824.251274        0.048403
BFGS:   44 02:54:50    -1824.251673        0.046430
BFGS:   45 02:54:51    -1824.252077        0.034699
BFGS:   46 02:54:51    -1824.252464        0.046695
BFGS:   47 02:54:51    -1824.252860        0.052942
BFGS:   48 02:54:51    -1824.253322        0.046496
BFGS:   49 02:54:51    -1824.253864        0.049075
BFGS:   50 02:54:51    -1824.254390        0.042541
BFGS:   51 02:54:51    -1824.254816        0.050051
BFGS:   52 02:54:51    -1824.255194        0.047683
BFGS:   53 02:54:51    -1824.255552        0.038888
BFGS:   54 02:54:51    -1824.255927        0.034756
BFGS:   55 02:54:51    -1824.256354        0.045384
BFGS:   56 02:54:51    -1824.256849        0.050568
BFGS:   57 02:54:51    -1824.257409        0.054660
BFGS:   58 02:54:51    -1824.258022        0.054659
BFGS:   59 02:54:51    -1824.258702        0.052001
BFGS:   60 02:54:51    -1824.259503        0.061688
BFGS:   61 02:54:51    -1824.260465        0.073322
BFGS:   62 02:54:51    -1824.261530        0.068517
BFGS:   63 02:54:51    -1824.262530        0.057927
BFGS:   64 02:54:51    -1824.263280        0.078790
BFGS:   65 02:54:51    -1824.263924        0.043881
BFGS:   66 02:54:51    -1824.264472        0.046577
BFGS:   67 02:54:51    -1824.265058        0.049660
BFGS:   68 02:54:51    -1824.265663        0.058319
BFGS:   69 02:54:51    -1824.266483        0.066696
BFGS:   70 02:54:51    -1824.267448        0.066397
BFGS:   71 02:54:51    -1824.268671        0.060779
BFGS:   72 02:54:51    -1824.270204        0.083437
BFGS:   73 02:54:51    -1824.271850        0.102965
BFGS:   74 02:54:51    -1824.272357        0.183971
BFGS:   75 02:54:51    -1824.274420        0.076907
BFGS:   76 02:54:51    -1824.275392        0.064426
BFGS:   77 02:54:51    -1824.276946        0.083380
BFGS:   78 02:54:51    -1824.278005        0.098381
BFGS:   79 02:54:51    -1824.279329        0.086003
BFGS:   80 02:54:51    -1824.280435        0.060360
BFGS:   81 02:54:51    -1824.281705        0.097368
BFGS:   82 02:54:51    -1824.283319        0.140060
BFGS:   83 02:54:51    -1824.286117        0.171664
BFGS:   84 02:54:51    -1824.289637        0.173531
BFGS:   85 02:54:51    -1824.292650        0.133149
BFGS:   86 02:54:51    -1824.293215        0.255743
BFGS:   87 02:54:51    -1824.297077        0.159450
BFGS:   88 02:54:51    -1824.298436        0.070221
BFGS:   89 02:54:51    -1824.300571        0.082196
BFGS:   90 02:54:51    -1824.303037        0.101076
BFGS:   91 02:54:51    -1824.304597        0.081634
BFGS:   92 02:54:51    -1824.306929        0.084369
BFGS:   93 02:54:51    -1824.308324        0.073521
BFGS:   94 02:54:51    -1824.309601        0.072314
BFGS:   95 02:54:51    -1824.310557        0.054259
BFGS:   96 02:54:51    -1824.311521        0.066508
BFGS:   97 02:54:51    -1824.312589        0.071265
BFGS:   98 02:54:52    -1824.313727        0.084855
BFGS:   99 02:54:52    -1824.314831        0.066476
BFGS:  100 02:54:52    -1824.315886        0.082069
