      Step     Time          Energy          fmax
BFGS:    0 03:00:33    -1454.574779        0.022059
BFGS:    1 03:00:33    -1454.574835        0.017320
BFGS:    2 03:00:33    -1454.575030        0.032427
BFGS:    3 03:00:33    -1454.575117        0.050103
BFGS:    4 03:00:33    -1454.575272        0.039833
BFGS:    5 03:00:33    -1454.575611        0.050710
BFGS:    6 03:00:33    -1454.576049        0.067697
BFGS:    7 03:00:33    -1454.576429        0.053402
BFGS:    8 03:00:33    -1454.576797        0.054522
BFGS:    9 03:00:33    -1454.577269        0.071806
BFGS:   10 03:00:33    -1454.577952        0.081122
BFGS:   11 03:00:33    -1454.578796        0.073519
BFGS:   12 03:00:33    -1454.579603        0.059524
BFGS:   13 03:00:33    -1454.580218        0.054392
BFGS:   14 03:00:33    -1454.580701        0.054311
BFGS:   15 03:00:33    -1454.581174        0.065892
BFGS:   16 03:00:33    -1454.581695        0.059542
BFGS:   17 03:00:33    -1454.582269        0.056952
BFGS:   18 03:00:33    -1454.582895        0.071420
BFGS:   19 03:00:33    -1454.583570        0.078526
BFGS:   20 03:00:33    -1454.584278        0.068496
BFGS:   21 03:00:33    -1454.584928        0.045334
BFGS:   22 03:00:33    -1454.585425        0.039851
BFGS:   23 03:00:33    -1454.585745        0.034433
BFGS:   24 03:00:33    -1454.585961        0.033691
BFGS:   25 03:00:33    -1454.586136        0.025663
BFGS:   26 03:00:33    -1454.586288        0.030001
BFGS:   27 03:00:33    -1454.586420        0.027116
BFGS:   28 03:00:33    -1454.586546        0.026123
BFGS:   29 03:00:33    -1454.586709        0.030284
BFGS:   30 03:00:33    -1454.586952        0.042583
BFGS:   31 03:00:33    -1454.587314        0.058357
BFGS:   32 03:00:33    -1454.587796        0.056934
BFGS:   33 03:00:33    -1454.588402        0.061547
BFGS:   34 03:00:33    -1454.589179        0.065683
BFGS:   35 03:00:33    -1454.590196        0.076044
BFGS:   36 03:00:33    -1454.591426        0.086774
BFGS:   37 03:00:33    -1454.592593        0.072314
BFGS:   38 03:00:33    -1454.593506        0.053872
BFGS:   39 03:00:33    -1454.594069        0.054213
BFGS:   40 03:00:33    -1454.594377        0.061275
BFGS:   41 03:00:33    -1454.594616        0.048282
BFGS:   42 03:00:33    -1454.594837        0.033447
BFGS:   43 03:00:33    -1454.595173        0.037904
BFGS:   44 03:00:33    -1454.595442        0.039122
BFGS:   45 03:00:33    -1454.595881        0.043712
BFGS:   46 03:00:33    -1454.596282        0.041746
BFGS:   47 03:00:33    -1454.596688        0.046174
BFGS:   48 03:00:33    -1454.597041        0.046990
BFGS:   49 03:00:33    -1454.597407        0.053203
BFGS:   50 03:00:33    -1454.597792        0.057950
BFGS:   51 03:00:33    -1454.598243        0.048251
BFGS:   52 03:00:33    -1454.598790        0.060518
BFGS:   53 03:00:33    -1454.599388        0.057525
BFGS:   54 03:00:33    -1454.599892        0.050644
BFGS:   55 03:00:33    -1454.600265        0.036971
BFGS:   56 03:00:33    -1454.600556        0.039721
BFGS:   57 03:00:33    -1454.600798        0.038452
BFGS:   58 03:00:33    -1454.601086        0.037886
BFGS:   59 03:00:34    -1454.601259        0.036307
BFGS:   60 03:00:34    -1454.601466        0.035038
BFGS:   61 03:00:34    -1454.601657        0.043299
BFGS:   62 03:00:34    -1454.601894        0.041892
BFGS:   63 03:00:34    -1454.602189        0.036207
BFGS:   64 03:00:34    -1454.602569        0.044028
BFGS:   65 03:00:34    -1454.602940        0.044620
BFGS:   66 03:00:34    -1454.603215        0.031204
BFGS:   67 03:00:34    -1454.603382        0.022905
BFGS:   68 03:00:34    -1454.603479        0.024117
BFGS:   69 03:00:34    -1454.603558        0.019081
BFGS:   70 03:00:34    -1454.603636        0.024750
BFGS:   71 03:00:34    -1454.603715        0.023310
BFGS:   72 03:00:34    -1454.603808        0.031648
BFGS:   73 03:00:34    -1454.603932        0.033909
BFGS:   74 03:00:34    -1454.604081        0.030009
BFGS:   75 03:00:34    -1454.604216        0.028889
BFGS:   76 03:00:34    -1454.604334        0.034523
BFGS:   77 03:00:34    -1454.604486        0.047459
BFGS:   78 03:00:34    -1454.604722        0.055129
BFGS:   79 03:00:34    -1454.605029        0.054624
BFGS:   80 03:00:34    -1454.605305        0.033810
BFGS:   81 03:00:34    -1454.605518        0.031924
BFGS:   82 03:00:34    -1454.605726        0.037429
BFGS:   83 03:00:34    -1454.606030        0.058135
BFGS:   84 03:00:34    -1454.606452        0.063462
BFGS:   85 03:00:34    -1454.606973        0.050403
BFGS:   86 03:00:34    -1454.607417        0.066731
BFGS:   87 03:00:34    -1454.608064        0.059047
BFGS:   88 03:00:34    -1454.608677        0.065387
BFGS:   89 03:00:34    -1454.609602        0.058152
BFGS:   90 03:00:34    -1454.610267        0.056623
BFGS:   91 03:00:34    -1454.611039        0.061592
BFGS:   92 03:00:34    -1454.610129        0.214313
BFGS:   93 03:00:34    -1454.611984        0.056992
BFGS:   94 03:00:34    -1454.612380        0.043924
BFGS:   95 03:00:34    -1454.613460        0.055516
BFGS:   96 03:00:34    -1454.613869        0.047353
BFGS:   97 03:00:34    -1454.614500        0.040111
BFGS:   98 03:00:34    -1454.614746        0.042019
BFGS:   99 03:00:34    -1454.615113        0.040249
BFGS:  100 03:00:34    -1454.615475        0.046697
BFGS:  101 03:00:34    -1454.615822        0.052682
BFGS:  102 03:00:34    -1454.616019        0.068761
BFGS:  103 03:00:34    -1454.616149        0.034908
BFGS:  104 03:00:34    -1454.616358        0.031305
BFGS:  105 03:00:34    -1454.616614        0.047849
BFGS:  106 03:00:34    -1454.616804        0.044503
BFGS:  107 03:00:34    -1454.616999        0.029699
BFGS:  108 03:00:34    -1454.617122        0.020259
BFGS:  109 03:00:34    -1454.617222        0.019822
BFGS:  110 03:00:34    -1454.617337        0.024492
BFGS:  111 03:00:34    -1454.617471        0.032500
BFGS:  112 03:00:34    -1454.617564        0.054460
BFGS:  113 03:00:34    -1454.617768        0.033921
BFGS:  114 03:00:34    -1454.617984        0.026990
BFGS:  115 03:00:34    -1454.618202        0.032832
BFGS:  116 03:00:34    -1454.618335        0.035924
BFGS:  117 03:00:34    -1454.618549        0.023090
BFGS:  118 03:00:34    -1454.618803        0.025581
BFGS:  119 03:00:34    -1454.619013        0.028984
BFGS:  120 03:00:34    -1454.618861        0.124880
BFGS:  121 03:00:34    -1454.619263        0.032468
BFGS:  122 03:00:34    -1454.619381        0.026475
BFGS:  123 03:00:34    -1454.619662        0.028706
BFGS:  124 03:00:34    -1454.619967        0.039425
BFGS:  125 03:00:34    -1454.620272        0.049253
BFGS:  126 03:00:34    -1454.620636        0.057147
BFGS:  127 03:00:34    -1454.621050        0.067091
BFGS:  128 03:00:34    -1454.621674        0.040468
BFGS:  129 03:00:34    -1454.622247        0.046585
BFGS:  130 03:00:34    -1454.622775        0.049298
BFGS:  131 03:00:34    -1454.623242        0.045600
BFGS:  132 03:00:34    -1454.623533        0.039943
BFGS:  133 03:00:34    -1454.623483        0.089055
BFGS:  134 03:00:34    -1454.623802        0.035942
BFGS:  135 03:00:34    -1454.623924        0.024901
BFGS:  136 03:00:34    -1454.624105        0.026253
BFGS:  137 03:00:34    -1454.624233        0.029421
BFGS:  138 03:00:34    -1454.624370        0.034918
BFGS:  139 03:00:34    -1454.624531        0.038486
BFGS:  140 03:00:34    -1454.624734        0.031418
BFGS:  141 03:00:34    -1454.624945        0.035784
BFGS:  142 03:00:34    -1454.625113        0.039063
BFGS:  143 03:00:34    -1454.625249        0.028248
BFGS:  144 03:00:34    -1454.625407        0.029040
BFGS:  145 03:00:34    -1454.625607        0.035294
BFGS:  146 03:00:34    -1454.625843        0.041759
BFGS:  147 03:00:34    -1454.626078        0.040435
BFGS:  148 03:00:34    -1454.626264        0.020918
BFGS:  149 03:00:34    -1454.626350        0.029509
BFGS:  150 03:00:34    -1454.626423        0.024648
BFGS:  151 03:00:34    -1454.626496        0.014376
BFGS:  152 03:00:34    -1454.626591        0.017774
BFGS:  153 03:00:34    -1454.626649        0.017839
BFGS:  154 03:00:34    -1454.626795        0.021858
BFGS:  155 03:00:34    -1454.626967        0.027795
BFGS:  156 03:00:34    -1454.627221        0.032547
BFGS:  157 03:00:34    -1454.627440        0.033168
BFGS:  158 03:00:34    -1454.627598        0.028565
BFGS:  159 03:00:35    -1454.627707        0.029916
BFGS:  160 03:00:35    -1454.627807        0.027540
BFGS:  161 03:00:35    -1454.627916        0.026254
BFGS:  162 03:00:35    -1454.628026        0.022121
BFGS:  163 03:00:35    -1454.628106        0.024276
BFGS:  164 03:00:35    -1454.628161        0.019468
BFGS:  165 03:00:35    -1454.628212        0.028572
BFGS:  166 03:00:35    -1454.628306        0.029281
BFGS:  167 03:00:35    -1454.628456        0.030091
BFGS:  168 03:00:35    -1454.628679        0.029079
BFGS:  169 03:00:35    -1454.628855        0.034541
BFGS:  170 03:00:35    -1454.628987        0.033979
BFGS:  171 03:00:35    -1454.629109        0.030979
BFGS:  172 03:00:35    -1454.629263        0.035378
BFGS:  173 03:00:35    -1454.629445        0.038947
BFGS:  174 03:00:35    -1454.629628        0.034769
BFGS:  175 03:00:35    -1454.629756        0.023644
BFGS:  176 03:00:35    -1454.629848        0.021935
BFGS:  177 03:00:35    -1454.629936        0.018513
BFGS:  178 03:00:35    -1454.630046        0.026651
BFGS:  179 03:00:35    -1454.630170        0.021499
BFGS:  180 03:00:35    -1454.630314        0.027339
BFGS:  181 03:00:35    -1454.630492        0.027481
BFGS:  182 03:00:35    -1454.630758        0.028776
BFGS:  183 03:00:35    -1454.631016        0.034624
BFGS:  184 03:00:35    -1454.631241        0.023473
BFGS:  185 03:00:35    -1454.631408        0.023672
BFGS:  186 03:00:35    -1454.631517        0.017539
BFGS:  187 03:00:35    -1454.631587        0.011238
BFGS:  188 03:00:35    -1454.631618        0.009184
BFGS:  189 03:00:35    -1454.631629        0.009328
BFGS:  190 03:00:35    -1454.631639        0.009597
BFGS:  191 03:00:35    -1454.631650        0.009819
BFGS:  192 03:00:35    -1454.631667        0.009743
BFGS:  193 03:00:35    -1454.631688        0.008694
BFGS:  194 03:00:35    -1454.631706        0.009642
BFGS:  195 03:00:35    -1454.631722        0.008816
BFGS:  196 03:00:35    -1454.631734        0.007232
