      Step     Time          Energy          fmax
BFGS:    0 02:54:48    -1824.082303        0.865889
BFGS:    1 02:54:48    -1824.098486        0.742860
BFGS:    2 02:54:48    -1824.106747        0.295651
BFGS:    3 02:54:48    -1824.113018        0.214568
BFGS:    4 02:54:48    -1824.122422        0.213665
BFGS:    5 02:54:48    -1824.128786        0.245517
BFGS:    6 02:54:48    -1824.138808        0.251949
BFGS:    7 02:54:48    -1824.148192        0.209801
BFGS:    8 02:54:48    -1824.157695        0.206560
BFGS:    9 02:54:48    -1824.166275        0.197058
BFGS:   10 02:54:48    -1824.173758        0.211907
BFGS:   11 02:54:48    -1824.179188        0.153679
BFGS:   12 02:54:48    -1824.183243        0.122593
BFGS:   13 02:54:48    -1824.186812        0.142550
BFGS:   14 02:54:48    -1824.189870        0.119918
BFGS:   15 02:54:48    -1824.192053        0.080308
BFGS:   16 02:54:48    -1824.193589        0.076867
BFGS:   17 02:54:48    -1824.195018        0.087345
BFGS:   18 02:54:48    -1824.196758        0.100674
BFGS:   19 02:54:49    -1824.199105        0.110326
BFGS:   20 02:54:49    -1824.202182        0.110753
BFGS:   21 02:54:49    -1824.205725        0.112052
BFGS:   22 02:54:49    -1824.208909        0.112685
BFGS:   23 02:54:49    -1824.211012        0.078328
BFGS:   24 02:54:49    -1824.212216        0.067324
BFGS:   25 02:54:49    -1824.213113        0.057687
BFGS:   26 02:54:49    -1824.213968        0.061942
BFGS:   27 02:54:49    -1824.214778        0.060264
BFGS:   28 02:54:49    -1824.215533        0.051182
BFGS:   29 02:54:49    -1824.216256        0.067968
BFGS:   30 02:54:49    -1824.216974        0.063858
BFGS:   31 02:54:49    -1824.217650        0.050350
BFGS:   32 02:54:49    -1824.218275        0.048117
BFGS:   33 02:54:49    -1824.218953        0.062992
BFGS:   34 02:54:49    -1824.219847        0.079418
BFGS:   35 02:54:49    -1824.221041        0.074733
BFGS:   36 02:54:49    -1824.222409        0.084919
BFGS:   37 02:54:49    -1824.223694        0.080398
BFGS:   38 02:54:49    -1824.224826        0.071286
BFGS:   39 02:54:49    -1824.225968        0.075382
BFGS:   40 02:54:49    -1824.227200        0.071579
BFGS:   41 02:54:49    -1824.228449        0.064550
BFGS:   42 02:54:49    -1824.229647        0.061290
BFGS:   43 02:54:49    -1824.230766        0.079659
BFGS:   44 02:54:49    -1824.231740        0.079138
BFGS:   45 02:54:49    -1824.232559        0.054405
BFGS:   46 02:54:49    -1824.233272        0.051423
BFGS:   47 02:54:49    -1824.233906        0.055256
BFGS:   48 02:54:49    -1824.234567        0.064121
BFGS:   49 02:54:49    -1824.235386        0.064399
BFGS:   50 02:54:49    -1824.236403        0.052964
BFGS:   51 02:54:49    -1824.237462        0.067037
BFGS:   52 02:54:49    -1824.238305        0.054442
BFGS:   53 02:54:49    -1824.238857        0.052961
BFGS:   54 02:54:49    -1824.239203        0.044644
BFGS:   55 02:54:49    -1824.239532        0.031703
BFGS:   56 02:54:49    -1824.239903        0.031102
BFGS:   57 02:54:49    -1824.240204        0.035055
BFGS:   58 02:54:49    -1824.240507        0.033026
BFGS:   59 02:54:49    -1824.240892        0.044448
BFGS:   60 02:54:49    -1824.241398        0.046133
BFGS:   61 02:54:49    -1824.242043        0.052823
BFGS:   62 02:54:49    -1824.242769        0.056635
BFGS:   63 02:54:49    -1824.243515        0.049337
BFGS:   64 02:54:49    -1824.244243        0.050750
BFGS:   65 02:54:49    -1824.244957        0.046230
BFGS:   66 02:54:49    -1824.245641        0.050163
BFGS:   67 02:54:49    -1824.246269        0.044445
BFGS:   68 02:54:49    -1824.246773        0.039236
BFGS:   69 02:54:49    -1824.247088        0.038086
BFGS:   70 02:54:49    -1824.247491        0.036407
BFGS:   71 02:54:49    -1824.247867        0.036979
BFGS:   72 02:54:50    -1824.248432        0.031340
BFGS:   73 02:54:50    -1824.248709        0.030893
BFGS:   74 02:54:50    -1824.249133        0.035803
BFGS:   75 02:54:50    -1824.249461        0.036593
BFGS:   76 02:54:50    -1824.249824        0.038488
BFGS:   77 02:54:50    -1824.250124        0.031867
BFGS:   78 02:54:50    -1824.250417        0.025911
BFGS:   79 02:54:50    -1824.250682        0.024719
