      Step     Time          Energy          fmax
BFGS:    0 02:54:44    -1565.646512        0.955723
BFGS:    1 02:54:44    -1565.661538        0.779198
BFGS:    2 02:54:44    -1565.669561        0.267834
BFGS:    3 02:54:44    -1565.674912        0.206564
BFGS:    4 02:54:44    -1565.683372        0.236953
BFGS:    5 02:54:44    -1565.689215        0.300357
BFGS:    6 02:54:44    -1565.698969        0.333106
BFGS:    7 02:54:44    -1565.710122        0.304612
BFGS:    8 02:54:44    -1565.722636        0.257449
BFGS:    9 02:54:44    -1565.733721        0.206178
BFGS:   10 02:54:44    -1565.742199        0.198095
BFGS:   11 02:54:44    -1565.747184        0.151243
BFGS:   12 02:54:44    -1565.750281        0.121631
BFGS:   13 02:54:44    -1565.752999        0.132418
BFGS:   14 02:54:44    -1565.755529        0.117550
BFGS:   15 02:54:44    -1565.757664        0.097196
BFGS:   16 02:54:44    -1565.759302        0.083946
BFGS:   17 02:54:44    -1565.760640        0.098135
BFGS:   18 02:54:44    -1565.761927        0.093558
BFGS:   19 02:54:44    -1565.763374        0.086224
BFGS:   20 02:54:44    -1565.765069        0.089277
BFGS:   21 02:54:44    -1565.766784        0.075693
BFGS:   22 02:54:44    -1565.768230        0.074575
BFGS:   23 02:54:44    -1565.769285        0.071947
BFGS:   24 02:54:44    -1565.770128        0.074994
BFGS:   25 02:54:44    -1565.770959        0.071483
BFGS:   26 02:54:44    -1565.771872        0.066670
BFGS:   27 02:54:44    -1565.772839        0.075265
BFGS:   28 02:54:44    -1565.773800        0.066942
BFGS:   29 02:54:44    -1565.774668        0.073833
BFGS:   30 02:54:45    -1565.775381        0.063738
BFGS:   31 02:54:45    -1565.775908        0.049035
BFGS:   32 02:54:45    -1565.776329        0.046056
BFGS:   33 02:54:45    -1565.776779        0.051166
BFGS:   34 02:54:45    -1565.777400        0.065493
BFGS:   35 02:54:45    -1565.778224        0.064680
BFGS:   36 02:54:45    -1565.779094        0.067316
BFGS:   37 02:54:45    -1565.779790        0.051914
BFGS:   38 02:54:45    -1565.780314        0.051196
BFGS:   39 02:54:45    -1565.780804        0.055546
BFGS:   40 02:54:45    -1565.781257        0.044315
BFGS:   41 02:54:45    -1565.781606        0.039650
BFGS:   42 02:54:45    -1565.781856        0.037306
BFGS:   43 02:54:45    -1565.782091        0.038634
BFGS:   44 02:54:45    -1565.782366        0.037222
BFGS:   45 02:54:45    -1565.782678        0.038281
BFGS:   46 02:54:45    -1565.783007        0.042880
BFGS:   47 02:54:45    -1565.783359        0.047587
BFGS:   48 02:54:45    -1565.783758        0.042295
BFGS:   49 02:54:45    -1565.784205        0.048400
BFGS:   50 02:54:45    -1565.784667        0.046477
BFGS:   51 02:54:45    -1565.785118        0.047405
BFGS:   52 02:54:45    -1565.785572        0.052744
BFGS:   53 02:54:45    -1565.786067        0.053611
BFGS:   54 02:54:45    -1565.786636        0.056320
BFGS:   55 02:54:45    -1565.787275        0.059872
BFGS:   56 02:54:45    -1565.787975        0.059204
BFGS:   57 02:54:45    -1565.788681        0.063345
BFGS:   58 02:54:45    -1565.789313        0.065855
BFGS:   59 02:54:45    -1565.789848        0.055904
BFGS:   60 02:54:45    -1565.790406        0.048554
BFGS:   61 02:54:45    -1565.790965        0.052840
BFGS:   62 02:54:45    -1565.791502        0.040075
BFGS:   63 02:54:45    -1565.791958        0.043969
BFGS:   64 02:54:45    -1565.792380        0.046677
BFGS:   65 02:54:45    -1565.792793        0.050631
BFGS:   66 02:54:45    -1565.793175        0.040532
BFGS:   67 02:54:45    -1565.793494        0.040977
BFGS:   68 02:54:45    -1565.793781        0.041632
BFGS:   69 02:54:45    -1565.794073        0.043632
BFGS:   70 02:54:45    -1565.794460        0.042178
BFGS:   71 02:54:45    -1565.794860        0.048969
BFGS:   72 02:54:45    -1565.795320        0.057947
BFGS:   73 02:54:45    -1565.795820        0.050645
BFGS:   74 02:54:45    -1565.796381        0.066800
BFGS:   75 02:54:45    -1565.796938        0.066407
BFGS:   76 02:54:45    -1565.797507        0.063798
BFGS:   77 02:54:45    -1565.798095        0.065691
BFGS:   78 02:54:45    -1565.798729        0.055631
BFGS:   79 02:54:45    -1565.799332        0.051976
BFGS:   80 02:54:45    -1565.799947        0.051208
BFGS:   81 02:54:45    -1565.800587        0.092369
BFGS:   82 02:54:45    -1565.801423        0.094370
BFGS:   83 02:54:45    -1565.802296        0.084215
BFGS:   84 02:54:45    -1565.803237        0.065600
BFGS:   85 02:54:45    -1565.804180        0.073448
BFGS:   86 02:54:45    -1565.805501        0.136558
BFGS:   87 02:54:45    -1565.806836        0.109624
BFGS:   88 02:54:45    -1565.809373        0.114658
BFGS:   89 02:54:45    -1565.812485        0.114934
BFGS:   90 02:54:45    -1565.815205        0.119799
BFGS:   91 02:54:45    -1565.815005        0.199034
BFGS:   92 02:54:45    -1565.818028        0.240698
BFGS:   93 02:54:45    -1565.819304        0.090800
BFGS:   94 02:54:45    -1565.820800        0.095027
BFGS:   95 02:54:45    -1565.822243        0.101550
BFGS:   96 02:54:45    -1565.822952        0.072056
BFGS:   97 02:54:45    -1565.824004        0.061901
BFGS:   98 02:54:45    -1565.824707        0.075501
BFGS:   99 02:54:45    -1565.825501        0.075628
BFGS:  100 02:54:45    -1565.826554        0.066987
