      Step     Time          Energy          fmax
BFGS:    0 02:54:40    -1548.457735        0.824238
BFGS:    1 02:54:40    -1548.467123        0.752401
BFGS:    2 02:54:40    -1548.471796        0.209736
BFGS:    3 02:54:40    -1548.473080        0.104081
BFGS:    4 02:54:40    -1548.474589        0.099735
BFGS:    5 02:54:40    -1548.475794        0.083891
BFGS:    6 02:54:40    -1548.476651        0.090371
BFGS:    7 02:54:40    -1548.478055        0.113091
BFGS:    8 02:54:40    -1548.479537        0.108007
BFGS:    9 02:54:40    -1548.480880        0.087481
BFGS:   10 02:54:40    -1548.481736        0.057519
BFGS:   11 02:54:40    -1548.482240        0.036976
BFGS:   12 02:54:40    -1548.482567        0.044330
BFGS:   13 02:54:40    -1548.482827        0.036848
BFGS:   14 02:54:40    -1548.483065        0.038211
BFGS:   15 02:54:40    -1548.483312        0.037288
BFGS:   16 02:54:40    -1548.483563        0.033751
BFGS:   17 02:54:40    -1548.483806        0.031653
BFGS:   18 02:54:40    -1548.484050        0.035712
BFGS:   19 02:54:40    -1548.484323        0.040212
BFGS:   20 02:54:40    -1548.484667        0.039630
BFGS:   21 02:54:40    -1548.485140        0.058160
BFGS:   22 02:54:40    -1548.485783        0.066956
BFGS:   23 02:54:40    -1548.486523        0.057282
BFGS:   24 02:54:40    -1548.487145        0.043649
BFGS:   25 02:54:40    -1548.487576        0.043583
BFGS:   26 02:54:40    -1548.487920        0.042088
BFGS:   27 02:54:40    -1548.488260        0.044026
BFGS:   28 02:54:40    -1548.488631        0.049783
BFGS:   29 02:54:40    -1548.488979        0.054079
BFGS:   30 02:54:40    -1548.489261        0.045481
BFGS:   31 02:54:40    -1548.489517        0.044024
BFGS:   32 02:54:40    -1548.489824        0.053162
BFGS:   33 02:54:40    -1548.490213        0.056043
BFGS:   34 02:54:40    -1548.490599        0.046940
BFGS:   35 02:54:40    -1548.490893        0.033559
BFGS:   36 02:54:40    -1548.491103        0.032537
BFGS:   37 02:54:40    -1548.491300        0.028517
BFGS:   38 02:54:40    -1548.491520        0.036110
BFGS:   39 02:54:40    -1548.491720        0.036388
BFGS:   40 02:54:40    -1548.491859        0.025869
BFGS:   41 02:54:40    -1548.491945        0.017453
