      Step     Time          Energy          fmax
BFGS:    0 02:54:43    -1540.740708        0.815326
BFGS:    1 02:54:43    -1540.763798        0.450036
BFGS:    2 02:54:43    -1540.773846        0.294302
BFGS:    3 02:54:43    -1540.787763        0.224354
BFGS:    4 02:54:43    -1540.796448        0.297980
BFGS:    5 02:54:43    -1540.807201        0.328251
BFGS:    6 02:54:43    -1540.817250        0.289388
BFGS:    7 02:54:43    -1540.828309        0.233066
BFGS:    8 02:54:43    -1540.838479        0.235257
BFGS:    9 02:54:43    -1540.847503        0.235087
BFGS:   10 02:54:43    -1540.854714        0.197953
BFGS:   11 02:54:43    -1540.860794        0.173745
BFGS:   12 02:54:43    -1540.866807        0.205184
BFGS:   13 02:54:43    -1540.872771        0.196232
BFGS:   14 02:54:43    -1540.877373        0.147092
BFGS:   15 02:54:43    -1540.880201        0.117010
BFGS:   16 02:54:43    -1540.882243        0.099872
BFGS:   17 02:54:44    -1540.884329        0.109840
BFGS:   18 02:54:44    -1540.886988        0.127241
BFGS:   19 02:54:44    -1540.890712        0.121314
BFGS:   20 02:54:44    -1540.895368        0.115845
BFGS:   21 02:54:44    -1540.899976        0.095370
BFGS:   22 02:54:44    -1540.903270        0.091512
BFGS:   23 02:54:44    -1540.905080        0.085387
BFGS:   24 02:54:44    -1540.906258        0.072920
BFGS:   25 02:54:44    -1540.907266        0.057058
BFGS:   26 02:54:44    -1540.908052        0.055308
BFGS:   27 02:54:44    -1540.908645        0.045188
BFGS:   28 02:54:44    -1540.909128        0.051769
BFGS:   29 02:54:44    -1540.909522        0.052389
BFGS:   30 02:54:44    -1540.909818        0.038282
BFGS:   31 02:54:44    -1540.910074        0.035202
BFGS:   32 02:54:44    -1540.910396        0.043987
BFGS:   33 02:54:44    -1540.910883        0.061240
BFGS:   34 02:54:44    -1540.911538        0.067954
BFGS:   35 02:54:44    -1540.912222        0.052682
BFGS:   36 02:54:44    -1540.912803        0.049936
BFGS:   37 02:54:44    -1540.913328        0.054052
BFGS:   38 02:54:44    -1540.913918        0.051976
BFGS:   39 02:54:44    -1540.914619        0.061082
BFGS:   40 02:54:44    -1540.915333        0.056703
BFGS:   41 02:54:44    -1540.915963        0.038418
BFGS:   42 02:54:44    -1540.916550        0.042342
BFGS:   43 02:54:44    -1540.917074        0.054767
BFGS:   44 02:54:44    -1540.917474        0.052976
BFGS:   45 02:54:44    -1540.917827        0.041888
BFGS:   46 02:54:44    -1540.918227        0.038655
BFGS:   47 02:54:44    -1540.918680        0.037183
BFGS:   48 02:54:44    -1540.919165        0.047600
BFGS:   49 02:54:44    -1540.919647        0.045235
BFGS:   50 02:54:44    -1540.920105        0.038612
BFGS:   51 02:54:44    -1540.920518        0.038765
BFGS:   52 02:54:44    -1540.920848        0.037537
BFGS:   53 02:54:44    -1540.921104        0.036355
BFGS:   54 02:54:44    -1540.921340        0.031334
BFGS:   55 02:54:44    -1540.921584        0.033191
BFGS:   56 02:54:44    -1540.921782        0.034185
BFGS:   57 02:54:44    -1540.921907        0.022806
