      Step     Time          Energy          fmax
BFGS:    0 02:54:45    -1565.743089        0.904189
BFGS:    1 02:54:45    -1565.752849        0.750419
BFGS:    2 02:54:45    -1565.757635        0.196340
BFGS:    3 02:54:45    -1565.759038        0.121307
BFGS:    4 02:54:46    -1565.760659        0.118947
BFGS:    5 02:54:46    -1565.762136        0.117399
BFGS:    6 02:54:46    -1565.763371        0.134130
BFGS:    7 02:54:46    -1565.765260        0.135791
BFGS:    8 02:54:46    -1565.767476        0.134933
BFGS:    9 02:54:46    -1565.769886        0.127785
BFGS:   10 02:54:46    -1565.771799        0.090363
BFGS:   11 02:54:46    -1565.772912        0.062635
BFGS:   12 02:54:46    -1565.773481        0.053439
BFGS:   13 02:54:46    -1565.773953        0.056670
BFGS:   14 02:54:46    -1565.774534        0.059589
BFGS:   15 02:54:46    -1565.775338        0.076002
BFGS:   16 02:54:46    -1565.776342        0.077130
BFGS:   17 02:54:46    -1565.777352        0.064532
BFGS:   18 02:54:46    -1565.778213        0.065601
BFGS:   19 02:54:46    -1565.778945        0.065600
BFGS:   20 02:54:46    -1565.779644        0.059042
BFGS:   21 02:54:46    -1565.780445        0.056216
BFGS:   22 02:54:46    -1565.781359        0.070913
BFGS:   23 02:54:46    -1565.782246        0.061063
BFGS:   24 02:54:46    -1565.782919        0.050581
BFGS:   25 02:54:46    -1565.783407        0.046732
BFGS:   26 02:54:46    -1565.783846        0.044206
BFGS:   27 02:54:46    -1565.784242        0.042263
BFGS:   28 02:54:46    -1565.784568        0.035416
BFGS:   29 02:54:46    -1565.784841        0.029372
BFGS:   30 02:54:46    -1565.785082        0.026105
BFGS:   31 02:54:46    -1565.785299        0.030224
BFGS:   32 02:54:46    -1565.785495        0.030089
BFGS:   33 02:54:46    -1565.785675        0.025879
BFGS:   34 02:54:46    -1565.785865        0.026687
BFGS:   35 02:54:46    -1565.786087        0.036162
BFGS:   36 02:54:46    -1565.786326        0.034128
BFGS:   37 02:54:46    -1565.786546        0.035419
BFGS:   38 02:54:46    -1565.786739        0.033523
BFGS:   39 02:54:46    -1565.786927        0.027818
BFGS:   40 02:54:46    -1565.787111        0.027662
BFGS:   41 02:54:46    -1565.787277        0.031555
BFGS:   42 02:54:46    -1565.787419        0.027302
BFGS:   43 02:54:46    -1565.787539        0.023072
