      Step     Time          Energy          fmax
BFGS:    0 02:54:41    -1548.344025        1.010426
BFGS:    1 02:54:41    -1548.364317        0.908001
BFGS:    2 02:54:41    -1548.376358        0.339733
BFGS:    3 02:54:41    -1548.384770        0.260053
BFGS:    4 02:54:41    -1548.393790        0.237623
BFGS:    5 02:54:41    -1548.400695        0.270260
BFGS:    6 02:54:41    -1548.411644        0.284097
BFGS:    7 02:54:41    -1548.423888        0.250730
BFGS:    8 02:54:41    -1548.437440        0.248775
BFGS:    9 02:54:41    -1548.449955        0.227743
BFGS:   10 02:54:41    -1548.460078        0.231127
BFGS:   11 02:54:41    -1548.466097        0.149780
BFGS:   12 02:54:41    -1548.469622        0.116339
BFGS:   13 02:54:41    -1548.472612        0.126333
BFGS:   14 02:54:41    -1548.475597        0.115303
BFGS:   15 02:54:41    -1548.478598        0.118801
BFGS:   16 02:54:41    -1548.481453        0.110321
BFGS:   17 02:54:41    -1548.484209        0.135122
BFGS:   18 02:54:41    -1548.487162        0.126598
BFGS:   19 02:54:41    -1548.490558        0.115991
BFGS:   20 02:54:41    -1548.494553        0.112073
BFGS:   21 02:54:41    -1548.498980        0.123773
BFGS:   22 02:54:41    -1548.503277        0.130111
BFGS:   23 02:54:41    -1548.506823        0.115806
BFGS:   24 02:54:41    -1548.509276        0.097136
BFGS:   25 02:54:41    -1548.510743        0.072354
BFGS:   26 02:54:41    -1548.511585        0.058480
BFGS:   27 02:54:41    -1548.512118        0.049474
BFGS:   28 02:54:41    -1548.512592        0.047692
BFGS:   29 02:54:41    -1548.513156        0.061234
BFGS:   30 02:54:41    -1548.513837        0.062887
BFGS:   31 02:54:41    -1548.514603        0.056047
BFGS:   32 02:54:41    -1548.515480        0.069313
BFGS:   33 02:54:42    -1548.516605        0.095894
BFGS:   34 02:54:42    -1548.518088        0.112077
BFGS:   35 02:54:42    -1548.519826        0.109548
BFGS:   36 02:54:42    -1548.521600        0.077523
BFGS:   37 02:54:42    -1548.523250        0.085103
BFGS:   38 02:54:42    -1548.525060        0.090901
BFGS:   39 02:54:42    -1548.527105        0.101950
BFGS:   40 02:54:42    -1548.528983        0.090838
BFGS:   41 02:54:42    -1548.530499        0.082591
BFGS:   42 02:54:42    -1548.531883        0.083813
BFGS:   43 02:54:42    -1548.533010        0.113000
BFGS:   44 02:54:42    -1548.533990        0.121747
BFGS:   45 02:54:42    -1548.535133        0.080581
BFGS:   46 02:54:42    -1548.536533        0.068101
BFGS:   47 02:54:42    -1548.537188        0.065292
BFGS:   48 02:54:42    -1548.538319        0.060025
BFGS:   49 02:54:42    -1548.539129        0.067692
BFGS:   50 02:54:42    -1548.540005        0.075671
BFGS:   51 02:54:42    -1548.540785        0.067440
BFGS:   52 02:54:42    -1548.541455        0.044867
BFGS:   53 02:54:42    -1548.541931        0.041524
BFGS:   54 02:54:42    -1548.542238        0.050139
BFGS:   55 02:54:42    -1548.542502        0.051924
BFGS:   56 02:54:42    -1548.542751        0.036188
BFGS:   57 02:54:42    -1548.543118        0.030263
BFGS:   58 02:54:42    -1548.543275        0.033622
BFGS:   59 02:54:42    -1548.543491        0.027839
BFGS:   60 02:54:42    -1548.543636        0.027638
BFGS:   61 02:54:42    -1548.543825        0.025071
BFGS:   62 02:54:42    -1548.544001        0.029308
BFGS:   63 02:54:42    -1548.544186        0.030683
BFGS:   64 02:54:42    -1548.544371        0.032110
BFGS:   65 02:54:42    -1548.544571        0.032404
BFGS:   66 02:54:42    -1548.544750        0.032710
BFGS:   67 02:54:42    -1548.544888        0.026557
BFGS:   68 02:54:42    -1548.544984        0.020125
