      Step     Time          Energy          fmax
BFGS:    0 02:54:43    -1540.878621        0.798723
BFGS:    1 02:54:43    -1540.891140        0.229855
BFGS:    2 02:54:43    -1540.893312        0.185444
BFGS:    3 02:54:43    -1540.896637        0.099603
BFGS:    4 02:54:43    -1540.898010        0.135973
BFGS:    5 02:54:43    -1540.900041        0.166747
BFGS:    6 02:54:43    -1540.902157        0.167363
BFGS:    7 02:54:43    -1540.905109        0.174185
BFGS:    8 02:54:43    -1540.908089        0.145057
BFGS:    9 02:54:43    -1540.910678        0.101124
BFGS:   10 02:54:43    -1540.912437        0.088224
BFGS:   11 02:54:43    -1540.913590        0.077978
BFGS:   12 02:54:43    -1540.914621        0.084014
BFGS:   13 02:54:43    -1540.915829        0.080607
BFGS:   14 02:54:43    -1540.917202        0.080475
BFGS:   15 02:54:43    -1540.918591        0.091963
BFGS:   16 02:54:43    -1540.919894        0.072716
BFGS:   17 02:54:43    -1540.921185        0.073337
BFGS:   18 02:54:43    -1540.922596        0.083021
BFGS:   19 02:54:43    -1540.924274        0.089316
BFGS:   20 02:54:43    -1540.926261        0.092833
BFGS:   21 02:54:43    -1540.928346        0.096930
BFGS:   22 02:54:43    -1540.929892        0.070015
BFGS:   23 02:54:43    -1540.930716        0.066386
BFGS:   24 02:54:43    -1540.931312        0.058996
BFGS:   25 02:54:43    -1540.931955        0.054538
BFGS:   26 02:54:43    -1540.932525        0.055648
BFGS:   27 02:54:43    -1540.932983        0.038263
BFGS:   28 02:54:43    -1540.933320        0.034816
BFGS:   29 02:54:43    -1540.933578        0.028961
BFGS:   30 02:54:43    -1540.933780        0.033246
BFGS:   31 02:54:43    -1540.933937        0.030125
BFGS:   32 02:54:43    -1540.934067        0.022888
