      Step     Time          Energy          fmax
BFGS:    0 03:00:30    -1310.105953        0.019955
BFGS:    1 03:00:30    -1310.105990        0.018456
BFGS:    2 03:00:30    -1310.106099        0.019953
BFGS:    3 03:00:30    -1310.106155        0.020292
BFGS:    4 03:00:30    -1310.106259        0.023196
BFGS:    5 03:00:30    -1310.106358        0.021417
BFGS:    6 03:00:30    -1310.106491        0.027581
BFGS:    7 03:00:30    -1310.106650        0.031450
BFGS:    8 03:00:30    -1310.106858        0.033723
BFGS:    9 03:00:30    -1310.107101        0.043442
BFGS:   10 03:00:30    -1310.107370        0.040175
BFGS:   11 03:00:30    -1310.107668        0.041214
BFGS:   12 03:00:30    -1310.108005        0.050404
BFGS:   13 03:00:30    -1310.108348        0.041923
BFGS:   14 03:00:30    -1310.108666        0.041738
BFGS:   15 03:00:30    -1310.108950        0.035701
BFGS:   16 03:00:30    -1310.109224        0.037599
BFGS:   17 03:00:30    -1310.109476        0.032221
BFGS:   18 03:00:30    -1310.109686        0.036481
BFGS:   19 03:00:30    -1310.109862        0.035211
BFGS:   20 03:00:30    -1310.110038        0.040643
BFGS:   21 03:00:30    -1310.110222        0.034504
BFGS:   22 03:00:30    -1310.110406        0.029659
BFGS:   23 03:00:30    -1310.110592        0.029637
BFGS:   24 03:00:30    -1310.110792        0.029010
BFGS:   25 03:00:30    -1310.111009        0.034429
BFGS:   26 03:00:30    -1310.111182        0.038138
BFGS:   27 03:00:30    -1310.111261        0.065504
BFGS:   28 03:00:30    -1310.111394        0.025767
BFGS:   29 03:00:30    -1310.111468        0.018016
BFGS:   30 03:00:30    -1310.111543        0.018459
BFGS:   31 03:00:30    -1310.111618        0.020818
BFGS:   32 03:00:30    -1310.111708        0.019057
BFGS:   33 03:00:30    -1310.111804        0.023137
BFGS:   34 03:00:30    -1310.111913        0.023126
BFGS:   35 03:00:31    -1310.112022        0.027388
BFGS:   36 03:00:31    -1310.112145        0.025869
BFGS:   37 03:00:31    -1310.112290        0.030003
BFGS:   38 03:00:31    -1310.112456        0.034563
BFGS:   39 03:00:31    -1310.112646        0.034227
BFGS:   40 03:00:31    -1310.112839        0.030940
BFGS:   41 03:00:31    -1310.113015        0.037848
BFGS:   42 03:00:31    -1310.113176        0.031528
BFGS:   43 03:00:31    -1310.113309        0.025171
BFGS:   44 03:00:31    -1310.113452        0.034194
BFGS:   45 03:00:31    -1310.113596        0.038507
BFGS:   46 03:00:31    -1310.113871        0.038752
BFGS:   47 03:00:31    -1310.114182        0.045034
BFGS:   48 03:00:31    -1310.114501        0.053310
BFGS:   49 03:00:31    -1310.114784        0.049297
BFGS:   50 03:00:31    -1310.115094        0.051574
BFGS:   51 03:00:31    -1310.115465        0.064929
BFGS:   52 03:00:31    -1310.115970        0.049027
BFGS:   53 03:00:31    -1310.116734        0.052466
BFGS:   54 03:00:31    -1310.117016        0.046870
BFGS:   55 03:00:31    -1310.117283        0.034524
BFGS:   56 03:00:31    -1310.117419        0.030162
BFGS:   57 03:00:31    -1310.117499        0.032231
BFGS:   58 03:00:31    -1310.117594        0.027539
BFGS:   59 03:00:31    -1310.117746        0.037173
BFGS:   60 03:00:31    -1310.117913        0.033568
BFGS:   61 03:00:31    -1310.118094        0.031790
BFGS:   62 03:00:31    -1310.118258        0.038771
BFGS:   63 03:00:31    -1310.118424        0.040046
BFGS:   64 03:00:31    -1310.118583        0.037122
BFGS:   65 03:00:31    -1310.118734        0.034353
BFGS:   66 03:00:31    -1310.118884        0.034876
BFGS:   67 03:00:31    -1310.119038        0.038808
BFGS:   68 03:00:31    -1310.119212        0.036833
BFGS:   69 03:00:31    -1310.119432        0.034803
BFGS:   70 03:00:31    -1310.119651        0.036887
BFGS:   71 03:00:31    -1310.119891        0.046120
BFGS:   72 03:00:31    -1310.120164        0.044875
BFGS:   73 03:00:31    -1310.120435        0.036619
BFGS:   74 03:00:31    -1310.120662        0.046473
BFGS:   75 03:00:31    -1310.120855        0.052327
BFGS:   76 03:00:31    -1310.121063        0.030100
BFGS:   77 03:00:31    -1310.121275        0.022621
BFGS:   78 03:00:31    -1310.121384        0.035653
BFGS:   79 03:00:31    -1310.121532        0.035069
BFGS:   80 03:00:31    -1310.121723        0.035856
BFGS:   81 03:00:31    -1310.121923        0.041925
BFGS:   82 03:00:31    -1310.122103        0.031810
BFGS:   83 03:00:31    -1310.122292        0.027217
BFGS:   84 03:00:31    -1310.122499        0.036898
BFGS:   85 03:00:31    -1310.122682        0.033221
BFGS:   86 03:00:31    -1310.122874        0.029039
BFGS:   87 03:00:31    -1310.123046        0.029321
BFGS:   88 03:00:31    -1310.123141        0.022224
BFGS:   89 03:00:31    -1310.123218        0.018240
BFGS:   90 03:00:31    -1310.123285        0.013432
BFGS:   91 03:00:31    -1310.123340        0.010454
BFGS:   92 03:00:31    -1310.123369        0.009461
BFGS:   93 03:00:31    -1310.123384        0.007335
