      Step     Time          Energy          fmax
BFGS:    0 03:00:40    -1540.931821        0.024040
BFGS:    1 03:00:40    -1540.931888        0.019308
BFGS:    2 03:00:40    -1540.932029        0.019919
BFGS:    3 03:00:40    -1540.932085        0.021739
BFGS:    4 03:00:40    -1540.932185        0.018134
BFGS:    5 03:00:40    -1540.932240        0.015419
BFGS:    6 03:00:40    -1540.932292        0.016770
BFGS:    7 03:00:40    -1540.932337        0.014973
BFGS:    8 03:00:40    -1540.932389        0.014037
BFGS:    9 03:00:40    -1540.932441        0.014455
BFGS:   10 03:00:40    -1540.932487        0.014929
BFGS:   11 03:00:40    -1540.932522        0.012571
BFGS:   12 03:00:40    -1540.932550        0.012019
BFGS:   13 03:00:40    -1540.932577        0.012951
BFGS:   14 03:00:40    -1540.932605        0.014835
BFGS:   15 03:00:40    -1540.932639        0.018200
BFGS:   16 03:00:40    -1540.932681        0.015967
BFGS:   17 03:00:40    -1540.932730        0.013980
BFGS:   18 03:00:40    -1540.932779        0.015941
BFGS:   19 03:00:40    -1540.932823        0.014506
BFGS:   20 03:00:40    -1540.932865        0.015087
BFGS:   21 03:00:41    -1540.932912        0.013764
BFGS:   22 03:00:41    -1540.932967        0.017013
BFGS:   23 03:00:41    -1540.933026        0.018346
BFGS:   24 03:00:41    -1540.933084        0.018519
BFGS:   25 03:00:41    -1540.933141        0.016407
BFGS:   26 03:00:41    -1540.933197        0.015399
BFGS:   27 03:00:41    -1540.933261        0.016991
BFGS:   28 03:00:41    -1540.933342        0.022701
BFGS:   29 03:00:41    -1540.933467        0.035935
BFGS:   30 03:00:41    -1540.933654        0.043192
BFGS:   31 03:00:41    -1540.933910        0.037944
BFGS:   32 03:00:41    -1540.934174        0.040414
BFGS:   33 03:00:41    -1540.934401        0.035133
BFGS:   34 03:00:41    -1540.934574        0.027975
BFGS:   35 03:00:41    -1540.934734        0.027833
BFGS:   36 03:00:41    -1540.934889        0.025039
BFGS:   37 03:00:41    -1540.935023        0.023144
BFGS:   38 03:00:41    -1540.935121        0.018582
BFGS:   39 03:00:41    -1540.935187        0.015768
BFGS:   40 03:00:41    -1540.935233        0.020266
BFGS:   41 03:00:41    -1540.935278        0.016376
BFGS:   42 03:00:41    -1540.935350        0.015578
BFGS:   43 03:00:41    -1540.935431        0.018301
BFGS:   44 03:00:41    -1540.935538        0.020071
BFGS:   45 03:00:41    -1540.935639        0.019989
BFGS:   46 03:00:41    -1540.935724        0.018200
BFGS:   47 03:00:41    -1540.935806        0.021021
BFGS:   48 03:00:41    -1540.935887        0.019604
BFGS:   49 03:00:41    -1540.935967        0.019482
BFGS:   50 03:00:41    -1540.936051        0.021239
BFGS:   51 03:00:41    -1540.936146        0.022700
BFGS:   52 03:00:41    -1540.936249        0.027080
BFGS:   53 03:00:41    -1540.936333        0.019504
BFGS:   54 03:00:41    -1540.936393        0.017842
BFGS:   55 03:00:41    -1540.936446        0.018411
BFGS:   56 03:00:41    -1540.936509        0.024002
BFGS:   57 03:00:41    -1540.936587        0.026800
BFGS:   58 03:00:41    -1540.936680        0.021551
BFGS:   59 03:00:41    -1540.936783        0.020260
BFGS:   60 03:00:41    -1540.936882        0.017125
BFGS:   61 03:00:41    -1540.936952        0.020122
BFGS:   62 03:00:41    -1540.936996        0.014204
BFGS:   63 03:00:41    -1540.937024        0.011950
BFGS:   64 03:00:41    -1540.937053        0.011804
BFGS:   65 03:00:41    -1540.937085        0.013952
BFGS:   66 03:00:41    -1540.937115        0.013057
BFGS:   67 03:00:41    -1540.937140        0.010194
BFGS:   68 03:00:41    -1540.937162        0.009472
BFGS:   69 03:00:41    -1540.937186        0.011069
BFGS:   70 03:00:41    -1540.937209        0.011569
BFGS:   71 03:00:41    -1540.937229        0.009967
BFGS:   72 03:00:41    -1540.937249        0.008938
BFGS:   73 03:00:41    -1540.937273        0.013825
BFGS:   74 03:00:41    -1540.937302        0.012864
BFGS:   75 03:00:41    -1540.937329        0.009869
BFGS:   76 03:00:41    -1540.937347        0.010001
BFGS:   77 03:00:41    -1540.937363        0.009305
BFGS:   78 03:00:41    -1540.937380        0.010458
BFGS:   79 03:00:41    -1540.937398        0.009795
BFGS:   80 03:00:41    -1540.937413        0.008790
BFGS:   81 03:00:41    -1540.937425        0.007700
