      Step     Time          Energy          fmax
BFGS:    0 03:00:24    -1085.862063        0.023288
BFGS:    1 03:00:24    -1085.862091        0.021695
BFGS:    2 03:00:24    -1085.862142        0.015892
BFGS:    3 03:00:24    -1085.862160        0.013348
BFGS:    4 03:00:24    -1085.862211        0.015036
BFGS:    5 03:00:24    -1085.862238        0.012548
BFGS:    6 03:00:24    -1085.862261        0.011725
BFGS:    7 03:00:24    -1085.862284        0.011604
BFGS:    8 03:00:24    -1085.862323        0.015542
BFGS:    9 03:00:24    -1085.862377        0.019738
BFGS:   10 03:00:24    -1085.862451        0.020631
BFGS:   11 03:00:24    -1085.862533        0.027593
BFGS:   12 03:00:24    -1085.862615        0.029198
BFGS:   13 03:00:24    -1085.862678        0.025192
BFGS:   14 03:00:24    -1085.862726        0.020622
BFGS:   15 03:00:24    -1085.862764        0.018091
BFGS:   16 03:00:24    -1085.862802        0.016229
BFGS:   17 03:00:24    -1085.862828        0.013198
BFGS:   18 03:00:24    -1085.862841        0.009613
BFGS:   19 03:00:24    -1085.862848        0.007315
BFGS:   20 03:00:24    -1085.862855        0.006718
BFGS:   21 03:00:24    -1085.862867        0.008130
BFGS:   22 03:00:24    -1085.862884        0.009967
BFGS:   23 03:00:24    -1085.862900        0.008781
BFGS:   24 03:00:24    -1085.862907        0.004759
