      Step     Time          Energy          fmax
BFGS:    0 02:54:42    -1540.764069        0.809305
BFGS:    1 02:54:42    -1540.786599        0.475101
BFGS:    2 02:54:42    -1540.796575        0.306945
BFGS:    3 02:54:42    -1540.810223        0.276269
BFGS:    4 02:54:42    -1540.817882        0.353294
BFGS:    5 02:54:42    -1540.827264        0.377997
BFGS:    6 02:54:42    -1540.836038        0.328150
BFGS:    7 02:54:42    -1540.845821        0.230426
BFGS:    8 02:54:42    -1540.854855        0.251542
BFGS:    9 02:54:42    -1540.863331        0.259106
BFGS:   10 02:54:42    -1540.870941        0.218425
BFGS:   11 02:54:42    -1540.878370        0.193699
BFGS:   12 02:54:42    -1540.886192        0.209269
BFGS:   13 02:54:42    -1540.893684        0.192575
BFGS:   14 02:54:42    -1540.898885        0.155604
BFGS:   15 02:54:42    -1540.901838        0.120624
BFGS:   16 02:54:42    -1540.903978        0.093777
BFGS:   17 02:54:42    -1540.905948        0.115557
BFGS:   18 02:54:42    -1540.908157        0.113070
BFGS:   19 02:54:42    -1540.910922        0.101172
BFGS:   20 02:54:42    -1540.913984        0.104612
BFGS:   21 02:54:42    -1540.916650        0.083109
BFGS:   22 02:54:42    -1540.918500        0.075200
BFGS:   23 02:54:42    -1540.919740        0.065119
BFGS:   24 02:54:42    -1540.920806        0.059448
BFGS:   25 02:54:42    -1540.921805        0.054867
BFGS:   26 02:54:42    -1540.922582        0.052066
BFGS:   27 02:54:42    -1540.923131        0.051599
BFGS:   28 02:54:42    -1540.923537        0.047950
BFGS:   29 02:54:42    -1540.923865        0.036238
BFGS:   30 02:54:42    -1540.924105        0.026855
BFGS:   31 02:54:42    -1540.924294        0.027200
BFGS:   32 02:54:42    -1540.924510        0.036119
BFGS:   33 02:54:42    -1540.924795        0.037898
BFGS:   34 02:54:42    -1540.925098        0.033554
BFGS:   35 02:54:43    -1540.925337        0.030778
BFGS:   36 02:54:43    -1540.925526        0.028058
BFGS:   37 02:54:43    -1540.925757        0.041160
BFGS:   38 02:54:43    -1540.926115        0.050016
BFGS:   39 02:54:43    -1540.926598        0.050169
BFGS:   40 02:54:43    -1540.927104        0.046854
BFGS:   41 02:54:43    -1540.927551        0.041942
BFGS:   42 02:54:43    -1540.927971        0.050810
BFGS:   43 02:54:43    -1540.928392        0.044438
BFGS:   44 02:54:43    -1540.928764        0.037122
BFGS:   45 02:54:43    -1540.929059        0.042093
BFGS:   46 02:54:43    -1540.929339        0.046393
BFGS:   47 02:54:43    -1540.929668        0.041396
BFGS:   48 02:54:43    -1540.930023        0.035420
BFGS:   49 02:54:43    -1540.930318        0.038508
BFGS:   50 02:54:43    -1540.930530        0.033992
BFGS:   51 02:54:43    -1540.930731        0.039254
BFGS:   52 02:54:43    -1540.930990        0.037204
BFGS:   53 02:54:43    -1540.931270        0.033514
BFGS:   54 02:54:43    -1540.931507        0.028676
BFGS:   55 02:54:43    -1540.931676        0.025789
BFGS:   56 02:54:43    -1540.931821        0.024008
