      Step     Time          Energy          fmax
BFGS:    0 03:00:59    -1676.866101        0.071208
BFGS:    1 03:00:59    -1676.866542        0.061236
BFGS:    2 03:00:59    -1676.867101        0.060653
BFGS:    3 03:00:59    -1676.867311        0.043591
BFGS:    4 03:00:59    -1676.867514        0.050328
BFGS:    5 03:00:59    -1676.867776        0.032373
BFGS:    6 03:00:59    -1676.867983        0.044659
BFGS:    7 03:00:59    -1676.868332        0.047834
BFGS:    8 03:00:59    -1676.868707        0.055098
BFGS:    9 03:00:59    -1676.869094        0.046884
BFGS:   10 03:00:59    -1676.869390        0.031954
BFGS:   11 03:00:59    -1676.869614        0.035341
BFGS:   12 03:00:59    -1676.869792        0.028123
BFGS:   13 03:00:59    -1676.869947        0.027530
BFGS:   14 03:00:59    -1676.870080        0.023928
BFGS:   15 03:00:59    -1676.870194        0.022805
BFGS:   16 03:00:59    -1676.870288        0.016808
BFGS:   17 03:00:59    -1676.870363        0.018154
BFGS:   18 03:00:59    -1676.870438        0.020907
BFGS:   19 03:00:59    -1676.870530        0.023226
BFGS:   20 03:00:59    -1676.870645        0.025047
BFGS:   21 03:00:59    -1676.870767        0.020880
BFGS:   22 03:00:59    -1676.870881        0.024045
BFGS:   23 03:00:59    -1676.870986        0.025167
BFGS:   24 03:00:59    -1676.871112        0.029682
BFGS:   25 03:00:59    -1676.871261        0.026988
BFGS:   26 03:00:59    -1676.871430        0.025241
BFGS:   27 03:00:59    -1676.871593        0.027188
BFGS:   28 03:00:59    -1676.871727        0.031416
BFGS:   29 03:00:59    -1676.871832        0.030174
BFGS:   30 03:00:59    -1676.871914        0.025392
BFGS:   31 03:00:59    -1676.871994        0.018545
BFGS:   32 03:00:59    -1676.872088        0.021094
BFGS:   33 03:00:59    -1676.872197        0.026792
BFGS:   34 03:00:59    -1676.872304        0.025801
BFGS:   35 03:00:59    -1676.872393        0.018882
BFGS:   36 03:00:59    -1676.872473        0.022541
BFGS:   37 03:00:59    -1676.872564        0.021959
BFGS:   38 03:00:59    -1676.872666        0.026309
BFGS:   39 03:00:59    -1676.872765        0.022630
BFGS:   40 03:00:59    -1676.872846        0.020719
BFGS:   41 03:00:59    -1676.872910        0.018741
BFGS:   42 03:00:59    -1676.872969        0.017478
BFGS:   43 03:00:59    -1676.873025        0.016273
BFGS:   44 03:00:59    -1676.873074        0.015839
BFGS:   45 03:00:59    -1676.873115        0.014855
BFGS:   46 03:00:59    -1676.873149        0.013442
BFGS:   47 03:00:59    -1676.873180        0.011034
BFGS:   48 03:00:59    -1676.873205        0.009880
BFGS:   49 03:00:59    -1676.873225        0.008344
BFGS:   50 03:00:59    -1676.873240        0.008430
BFGS:   51 03:00:59    -1676.873251        0.006304
