      Step     Time          Energy          fmax
BFGS:    0 02:54:32    -2171.701440        0.679249
BFGS:    1 02:54:32    -2171.718320        0.609554
BFGS:    2 02:54:32    -2171.754917        0.481061
BFGS:    3 02:54:32    -2171.786818        0.710688
BFGS:    4 02:54:32    -2171.817208        0.573944
BFGS:    5 02:54:32    -2171.832533        0.229087
BFGS:    6 02:54:32    -2171.839803        0.262770
BFGS:    7 02:54:32    -2171.847135        0.291287
BFGS:    8 02:54:32    -2171.854579        0.303859
BFGS:    9 02:54:32    -2171.859513        0.166161
BFGS:   10 02:54:32    -2171.863174        0.153930
BFGS:   11 02:54:32    -2171.866405        0.164321
BFGS:   12 02:54:32    -2171.869287        0.157693
BFGS:   13 02:54:32    -2171.871518        0.101799
BFGS:   14 02:54:32    -2171.873279        0.103145
BFGS:   15 02:54:32    -2171.875067        0.109165
BFGS:   16 02:54:32    -2171.877043        0.148529
BFGS:   17 02:54:32    -2171.878933        0.125683
BFGS:   18 02:54:32    -2171.880689        0.098132
BFGS:   19 02:54:32    -2171.882471        0.145436
BFGS:   20 02:54:33    -2171.884343        0.146267
BFGS:   21 02:54:33    -2171.886163        0.128449
BFGS:   22 02:54:33    -2171.887782        0.105329
BFGS:   23 02:54:33    -2171.889212        0.090909
BFGS:   24 02:54:33    -2171.890487        0.098494
BFGS:   25 02:54:33    -2171.891531        0.075070
BFGS:   26 02:54:33    -2171.892430        0.085632
BFGS:   27 02:54:33    -2171.893492        0.102375
BFGS:   28 02:54:33    -2171.895087        0.145129
BFGS:   29 02:54:33    -2171.897329        0.157352
BFGS:   30 02:54:33    -2171.899777        0.121268
BFGS:   31 02:54:33    -2171.901802        0.120511
BFGS:   32 02:54:33    -2171.903434        0.104493
BFGS:   33 02:54:33    -2171.905058        0.105428
BFGS:   34 02:54:33    -2171.906956        0.107806
BFGS:   35 02:54:33    -2171.909199        0.108466
BFGS:   36 02:54:33    -2171.911808        0.117054
BFGS:   37 02:54:33    -2171.914720        0.154287
BFGS:   38 02:54:33    -2171.917589        0.140857
BFGS:   39 02:54:33    -2171.919784        0.079840
BFGS:   40 02:54:33    -2171.921158        0.078264
BFGS:   41 02:54:33    -2171.922292        0.088893
BFGS:   42 02:54:33    -2171.923535        0.108414
BFGS:   43 02:54:33    -2171.924854        0.091594
BFGS:   44 02:54:33    -2171.926011        0.115097
BFGS:   45 02:54:33    -2171.926987        0.077872
BFGS:   46 02:54:33    -2171.927951        0.105936
BFGS:   47 02:54:33    -2171.929297        0.089473
BFGS:   48 02:54:33    -2171.930832        0.075056
BFGS:   49 02:54:33    -2171.932931        0.094228
BFGS:   50 02:54:33    -2171.935393        0.130596
BFGS:   51 02:54:33    -2171.937996        0.127626
BFGS:   52 02:54:33    -2171.939826        0.082385
BFGS:   53 02:54:33    -2171.940802        0.052546
BFGS:   54 02:54:33    -2171.941505        0.057082
BFGS:   55 02:54:33    -2171.942169        0.065521
BFGS:   56 02:54:33    -2171.942905        0.059813
BFGS:   57 02:54:33    -2171.943746        0.053129
BFGS:   58 02:54:33    -2171.944717        0.085505
BFGS:   59 02:54:33    -2171.945616        0.090526
BFGS:   60 02:54:33    -2171.946604        0.073906
BFGS:   61 02:54:33    -2171.947515        0.061943
BFGS:   62 02:54:33    -2171.948607        0.093630
BFGS:   63 02:54:33    -2171.949938        0.108827
BFGS:   64 02:54:33    -2171.951522        0.101635
BFGS:   65 02:54:33    -2171.952961        0.097186
BFGS:   66 02:54:33    -2171.954428        0.071083
BFGS:   67 02:54:33    -2171.955728        0.088678
BFGS:   68 02:54:33    -2171.957002        0.084815
BFGS:   69 02:54:33    -2171.958166        0.076176
BFGS:   70 02:54:33    -2171.959325        0.078472
BFGS:   71 02:54:33    -2171.960437        0.104501
BFGS:   72 02:54:33    -2171.961531        0.089419
BFGS:   73 02:54:33    -2171.962250        0.070133
BFGS:   74 02:54:33    -2171.962905        0.056679
BFGS:   75 02:54:33    -2171.963581        0.052959
BFGS:   76 02:54:34    -2171.964674        0.077338
BFGS:   77 02:54:34    -2171.966174        0.098310
BFGS:   78 02:54:34    -2171.968162        0.110010
BFGS:   79 02:54:34    -2171.970256        0.137247
BFGS:   80 02:54:34    -2171.972354        0.089989
BFGS:   81 02:54:34    -2171.973262        0.191664
BFGS:   82 02:54:34    -2171.974554        0.113961
BFGS:   83 02:54:34    -2171.975328        0.052356
BFGS:   84 02:54:34    -2171.976073        0.049904
BFGS:   85 02:54:34    -2171.976784        0.057102
BFGS:   86 02:54:34    -2171.977205        0.058191
BFGS:   87 02:54:34    -2171.977720        0.043314
BFGS:   88 02:54:34    -2171.978015        0.034741
BFGS:   89 02:54:34    -2171.978228        0.034160
BFGS:   90 02:54:34    -2171.978486        0.035556
BFGS:   91 02:54:34    -2171.978843        0.036022
BFGS:   92 02:54:34    -2171.979313        0.059263
BFGS:   93 02:54:34    -2171.979864        0.058987
BFGS:   94 02:54:34    -2171.980446        0.056106
BFGS:   95 02:54:34    -2171.981029        0.048125
BFGS:   96 02:54:34    -2171.981600        0.052450
BFGS:   97 02:54:34    -2171.982202        0.065303
BFGS:   98 02:54:34    -2171.982750        0.056534
BFGS:   99 02:54:34    -2171.983269        0.046510
BFGS:  100 02:54:34    -2171.983691        0.046145
