      Step     Time          Energy          fmax
BFGS:    0 03:00:53    -1824.250682        0.024714
BFGS:    1 03:00:53    -1824.250784        0.022246
BFGS:    2 03:00:53    -1824.250976        0.032436
BFGS:    3 03:00:53    -1824.251036        0.040550
BFGS:    4 03:00:53    -1824.251155        0.032391
BFGS:    5 03:00:53    -1824.251287        0.026296
BFGS:    6 03:00:53    -1824.251390        0.024491
BFGS:    7 03:00:53    -1824.251539        0.027730
BFGS:    8 03:00:53    -1824.251694        0.029958
BFGS:    9 03:00:53    -1824.251846        0.024556
BFGS:   10 03:00:53    -1824.251986        0.023359
BFGS:   11 03:00:53    -1824.252142        0.025409
BFGS:   12 03:00:53    -1824.252329        0.034094
BFGS:   13 03:00:53    -1824.252537        0.026461
BFGS:   14 03:00:53    -1824.252737        0.023501
BFGS:   15 03:00:53    -1824.252917        0.023224
BFGS:   16 03:00:53    -1824.253091        0.034978
BFGS:   17 03:00:53    -1824.253271        0.034059
BFGS:   18 03:00:53    -1824.253453        0.024186
BFGS:   19 03:00:53    -1824.253630        0.027035
BFGS:   20 03:00:53    -1824.253803        0.025122
BFGS:   21 03:00:53    -1824.253981        0.030159
BFGS:   22 03:00:53    -1824.254150        0.021866
BFGS:   23 03:00:53    -1824.254301        0.022977
BFGS:   24 03:00:53    -1824.254436        0.023844
BFGS:   25 03:00:53    -1824.254577        0.027724
BFGS:   26 03:00:53    -1824.254722        0.024749
BFGS:   27 03:00:53    -1824.254862        0.021649
BFGS:   28 03:00:53    -1824.254981        0.021952
BFGS:   29 03:00:53    -1824.255086        0.022096
BFGS:   30 03:00:54    -1824.255175        0.021269
BFGS:   31 03:00:54    -1824.255249        0.016981
BFGS:   32 03:00:54    -1824.255312        0.014747
BFGS:   33 03:00:54    -1824.255378        0.016279
BFGS:   34 03:00:54    -1824.255456        0.022476
BFGS:   35 03:00:54    -1824.255542        0.024137
BFGS:   36 03:00:54    -1824.255624        0.016829
BFGS:   37 03:00:54    -1824.255693        0.014777
BFGS:   38 03:00:54    -1824.255752        0.014385
BFGS:   39 03:00:54    -1824.255803        0.015799
BFGS:   40 03:00:54    -1824.255849        0.014268
BFGS:   41 03:00:54    -1824.255889        0.013139
BFGS:   42 03:00:54    -1824.255931        0.011902
BFGS:   43 03:00:54    -1824.255972        0.012581
BFGS:   44 03:00:54    -1824.256007        0.012437
BFGS:   45 03:00:54    -1824.256035        0.010661
BFGS:   46 03:00:54    -1824.256065        0.010175
BFGS:   47 03:00:54    -1824.256108        0.014153
BFGS:   48 03:00:54    -1824.256165        0.015256
BFGS:   49 03:00:54    -1824.256229        0.013294
BFGS:   50 03:00:54    -1824.256286        0.012769
BFGS:   51 03:00:54    -1824.256340        0.013250
BFGS:   52 03:00:54    -1824.256399        0.013725
BFGS:   53 03:00:54    -1824.256464        0.016847
BFGS:   54 03:00:54    -1824.256530        0.017908
BFGS:   55 03:00:54    -1824.256596        0.015701
BFGS:   56 03:00:54    -1824.256663        0.018638
BFGS:   57 03:00:54    -1824.256730        0.016610
BFGS:   58 03:00:54    -1824.256793        0.015930
BFGS:   59 03:00:54    -1824.256855        0.016018
BFGS:   60 03:00:54    -1824.256929        0.018502
BFGS:   61 03:00:54    -1824.257023        0.022481
BFGS:   62 03:00:54    -1824.257125        0.019354
BFGS:   63 03:00:54    -1824.257216        0.019198
BFGS:   64 03:00:54    -1824.257297        0.017636
BFGS:   65 03:00:54    -1824.257375        0.019613
BFGS:   66 03:00:54    -1824.257460        0.018781
BFGS:   67 03:00:54    -1824.257549        0.016652
BFGS:   68 03:00:54    -1824.257639        0.016011
BFGS:   69 03:00:54    -1824.257739        0.019839
BFGS:   70 03:00:54    -1824.257847        0.023055
BFGS:   71 03:00:54    -1824.257959        0.019657
BFGS:   72 03:00:54    -1824.258064        0.021793
BFGS:   73 03:00:54    -1824.258184        0.020788
BFGS:   74 03:00:54    -1824.258334        0.028222
BFGS:   75 03:00:54    -1824.258533        0.033489
BFGS:   76 03:00:54    -1824.258793        0.032114
BFGS:   77 03:00:54    -1824.259073        0.061635
BFGS:   78 03:00:54    -1824.259427        0.043769
BFGS:   79 03:00:54    -1824.259796        0.046523
BFGS:   80 03:00:54    -1824.260226        0.047482
BFGS:   81 03:00:54    -1824.260497        0.051798
BFGS:   82 03:00:54    -1824.260916        0.049253
BFGS:   83 03:00:54    -1824.261080        0.102359
BFGS:   84 03:00:54    -1824.261557        0.042078
BFGS:   85 03:00:54    -1824.261878        0.046230
BFGS:   86 03:00:54    -1824.262482        0.053621
BFGS:   87 03:00:54    -1824.262778        0.047854
BFGS:   88 03:00:54    -1824.263321        0.039588
BFGS:   89 03:00:54    -1824.263870        0.035026
BFGS:   90 03:00:54    -1824.264228        0.083903
BFGS:   91 03:00:54    -1824.264064        0.131999
BFGS:   92 03:00:54    -1824.264736        0.038957
BFGS:   93 03:00:54    -1824.264912        0.035730
BFGS:   94 03:00:54    -1824.265302        0.034942
BFGS:   95 03:00:54    -1824.265482        0.038511
BFGS:   96 03:00:54    -1824.265830        0.047682
BFGS:   97 03:00:55    -1824.266143        0.051253
BFGS:   98 03:00:55    -1824.266603        0.062083
BFGS:   99 03:00:55    -1824.267102        0.066315
BFGS:  100 03:00:55    -1824.267699        0.039485
BFGS:  101 03:00:55    -1824.268178        0.034487
BFGS:  102 03:00:55    -1824.268543        0.056820
BFGS:  103 03:00:55    -1824.268883        0.079400
BFGS:  104 03:00:55    -1824.269271        0.081978
BFGS:  105 03:00:55    -1824.269669        0.061393
BFGS:  106 03:00:55    -1824.270065        0.038169
BFGS:  107 03:00:55    -1824.270504        0.036003
BFGS:  108 03:00:55    -1824.271030        0.040833
BFGS:  109 03:00:55    -1824.271626        0.041838
BFGS:  110 03:00:55    -1824.272132        0.066923
BFGS:  111 03:00:55    -1824.272403        0.107511
BFGS:  112 03:00:55    -1824.272828        0.043280
BFGS:  113 03:00:55    -1824.273143        0.022930
BFGS:  114 03:00:55    -1824.273397        0.022382
BFGS:  115 03:00:55    -1824.273565        0.026692
BFGS:  116 03:00:55    -1824.273688        0.020888
BFGS:  117 03:00:55    -1824.273813        0.026443
BFGS:  118 03:00:55    -1824.273941        0.035114
BFGS:  119 03:00:55    -1824.274065        0.035774
BFGS:  120 03:00:55    -1824.274182        0.026334
BFGS:  121 03:00:55    -1824.274301        0.022259
BFGS:  122 03:00:55    -1824.274432        0.019650
BFGS:  123 03:00:55    -1824.274563        0.017770
BFGS:  124 03:00:55    -1824.274674        0.018527
BFGS:  125 03:00:55    -1824.274763        0.016021
BFGS:  126 03:00:55    -1824.274842        0.015692
BFGS:  127 03:00:55    -1824.274919        0.014899
BFGS:  128 03:00:55    -1824.274985        0.015877
BFGS:  129 03:00:55    -1824.275050        0.019584
BFGS:  130 03:00:55    -1824.275114        0.022569
BFGS:  131 03:00:55    -1824.275187        0.021063
BFGS:  132 03:00:55    -1824.275274        0.018693
BFGS:  133 03:00:55    -1824.275376        0.026364
BFGS:  134 03:00:55    -1824.275496        0.025183
BFGS:  135 03:00:55    -1824.275633        0.021519
BFGS:  136 03:00:55    -1824.275791        0.021555
BFGS:  137 03:00:55    -1824.275968        0.031324
BFGS:  138 03:00:55    -1824.276144        0.044310
BFGS:  139 03:00:55    -1824.276318        0.043760
BFGS:  140 03:00:55    -1824.276476        0.038372
BFGS:  141 03:00:55    -1824.276627        0.027612
BFGS:  142 03:00:55    -1824.276775        0.022090
BFGS:  143 03:00:55    -1824.276920        0.027821
BFGS:  144 03:00:55    -1824.277055        0.025642
BFGS:  145 03:00:55    -1824.277175        0.016503
BFGS:  146 03:00:55    -1824.277269        0.018142
BFGS:  147 03:00:55    -1824.277347        0.016206
BFGS:  148 03:00:55    -1824.277424        0.019988
BFGS:  149 03:00:55    -1824.277507        0.018429
BFGS:  150 03:00:55    -1824.277596        0.024789
BFGS:  151 03:00:55    -1824.277719        0.028355
BFGS:  152 03:00:56    -1824.277893        0.039343
BFGS:  153 03:00:56    -1824.278155        0.043934
BFGS:  154 03:00:56    -1824.278483        0.043475
BFGS:  155 03:00:56    -1824.278863        0.040290
BFGS:  156 03:00:56    -1824.279254        0.040228
BFGS:  157 03:00:56    -1824.279651        0.044780
BFGS:  158 03:00:56    -1824.279917        0.054659
BFGS:  159 03:00:56    -1824.280378        0.040706
BFGS:  160 03:00:56    -1824.280696        0.040653
BFGS:  161 03:00:56    -1824.281034        0.033547
BFGS:  162 03:00:56    -1824.281257        0.032337
BFGS:  163 03:00:56    -1824.281823        0.051039
BFGS:  164 03:00:56    -1824.282436        0.052409
BFGS:  165 03:00:56    -1824.283109        0.058414
BFGS:  166 03:00:56    -1824.283840        0.046598
BFGS:  167 03:00:56    -1824.284422        0.076654
BFGS:  168 03:00:56    -1824.285066        0.084161
BFGS:  169 03:00:56    -1824.285908        0.048656
BFGS:  170 03:00:56    -1824.286626        0.063117
BFGS:  171 03:00:56    -1824.287285        0.044204
BFGS:  172 03:00:56    -1824.287752        0.037700
BFGS:  173 03:00:56    -1824.288117        0.031016
BFGS:  174 03:00:56    -1824.288275        0.024739
BFGS:  175 03:00:56    -1824.288404        0.021646
BFGS:  176 03:00:56    -1824.288535        0.023949
BFGS:  177 03:00:56    -1824.288666        0.023765
BFGS:  178 03:00:56    -1824.288816        0.021078
BFGS:  179 03:00:56    -1824.288999        0.021375
BFGS:  180 03:00:56    -1824.289207        0.023963
BFGS:  181 03:00:56    -1824.289409        0.027996
BFGS:  182 03:00:56    -1824.289588        0.044318
BFGS:  183 03:00:56    -1824.289786        0.035776
BFGS:  184 03:00:56    -1824.290015        0.032415
BFGS:  185 03:00:56    -1824.290172        0.044002
BFGS:  186 03:00:56    -1824.290328        0.039293
BFGS:  187 03:00:56    -1824.290550        0.024555
BFGS:  188 03:00:56    -1824.290759        0.032307
BFGS:  189 03:00:56    -1824.291047        0.030870
BFGS:  190 03:00:56    -1824.291303        0.028966
BFGS:  191 03:00:56    -1824.291521        0.030101
BFGS:  192 03:00:56    -1824.291738        0.039595
BFGS:  193 03:00:56    -1824.292036        0.048132
BFGS:  194 03:00:56    -1824.292397        0.047254
BFGS:  195 03:00:56    -1824.292720        0.037344
BFGS:  196 03:00:56    -1824.292925        0.028767
BFGS:  197 03:00:56    -1824.293052        0.024910
BFGS:  198 03:00:57    -1824.293173        0.023806
BFGS:  199 03:00:57    -1824.293303        0.026572
BFGS:  200 03:00:57    -1824.293419        0.023323
BFGS:  201 03:00:57    -1824.293508        0.019735
BFGS:  202 03:00:57    -1824.293584        0.015230
BFGS:  203 03:00:57    -1824.293665        0.015086
BFGS:  204 03:00:57    -1824.293731        0.016565
BFGS:  205 03:00:57    -1824.293813        0.017994
BFGS:  206 03:00:57    -1824.293896        0.015897
BFGS:  207 03:00:57    -1824.293961        0.019038
BFGS:  208 03:00:57    -1824.293998        0.015492
BFGS:  209 03:00:57    -1824.294015        0.008273
BFGS:  210 03:00:57    -1824.294027        0.005631
