      Step     Time          Energy          fmax
BFGS:    0 02:54:52    -1676.729674        1.089285
BFGS:    1 02:54:52    -1676.739801        1.003552
BFGS:    2 02:54:52    -1676.748258        0.205182
BFGS:    3 02:54:52    -1676.751046        0.156678
BFGS:    4 02:54:52    -1676.756015        0.180461
BFGS:    5 02:54:52    -1676.759818        0.230939
BFGS:    6 02:54:52    -1676.764770        0.272215
BFGS:    7 02:54:52    -1676.771748        0.272074
BFGS:    8 02:54:52    -1676.780311        0.230435
BFGS:    9 02:54:52    -1676.788817        0.195848
BFGS:   10 02:54:52    -1676.795641        0.172268
BFGS:   11 02:54:52    -1676.799706        0.129708
BFGS:   12 02:54:52    -1676.801756        0.107141
BFGS:   13 02:54:52    -1676.803317        0.114410
BFGS:   14 02:54:52    -1676.804944        0.099246
BFGS:   15 02:54:52    -1676.806664        0.101741
BFGS:   16 02:54:52    -1676.808315        0.095238
BFGS:   17 02:54:52    -1676.809714        0.086933
BFGS:   18 02:54:52    -1676.810951        0.095372
BFGS:   19 02:54:52    -1676.812200        0.086861
BFGS:   20 02:54:52    -1676.813617        0.085417
BFGS:   21 02:54:52    -1676.815063        0.076783
BFGS:   22 02:54:52    -1676.816245        0.068891
BFGS:   23 02:54:52    -1676.816990        0.052095
BFGS:   24 02:54:52    -1676.817455        0.049637
BFGS:   25 02:54:52    -1676.817841        0.050205
BFGS:   26 02:54:52    -1676.818236        0.044159
BFGS:   27 02:54:52    -1676.818641        0.046585
BFGS:   28 02:54:52    -1676.819054        0.043889
BFGS:   29 02:54:52    -1676.819477        0.047266
BFGS:   30 02:54:52    -1676.819902        0.050250
BFGS:   31 02:54:52    -1676.820287        0.047185
BFGS:   32 02:54:52    -1676.820611        0.040436
BFGS:   33 02:54:52    -1676.820930        0.043329
BFGS:   34 02:54:52    -1676.821362        0.054300
BFGS:   35 02:54:52    -1676.822028        0.070216
BFGS:   36 02:54:52    -1676.822959        0.068682
BFGS:   37 02:54:52    -1676.823979        0.076573
BFGS:   38 02:54:52    -1676.824852        0.062817
BFGS:   39 02:54:52    -1676.825571        0.063894
BFGS:   40 02:54:52    -1676.826210        0.062233
BFGS:   41 02:54:52    -1676.826732        0.044014
BFGS:   42 02:54:52    -1676.827063        0.039025
BFGS:   43 02:54:52    -1676.827288        0.037029
BFGS:   44 02:54:52    -1676.827498        0.036503
BFGS:   45 02:54:52    -1676.827723        0.034043
BFGS:   46 02:54:52    -1676.827946        0.035348
BFGS:   47 02:54:52    -1676.828160        0.034190
BFGS:   48 02:54:52    -1676.828385        0.032742
BFGS:   49 02:54:52    -1676.828654        0.039999
BFGS:   50 02:54:52    -1676.828961        0.055925
BFGS:   51 02:54:52    -1676.829263        0.050757
BFGS:   52 02:54:52    -1676.829531        0.033278
BFGS:   53 02:54:52    -1676.829766        0.035227
BFGS:   54 02:54:52    -1676.829989        0.037977
BFGS:   55 02:54:52    -1676.830248        0.048447
BFGS:   56 02:54:52    -1676.830608        0.041876
BFGS:   57 02:54:52    -1676.831090        0.045416
BFGS:   58 02:54:52    -1676.831664        0.050809
BFGS:   59 02:54:52    -1676.832252        0.060612
BFGS:   60 02:54:52    -1676.832820        0.067139
BFGS:   61 02:54:52    -1676.833393        0.047538
BFGS:   62 02:54:52    -1676.833979        0.052924
BFGS:   63 02:54:52    -1676.834525        0.040606
BFGS:   64 02:54:52    -1676.835012        0.059740
BFGS:   65 02:54:53    -1676.835474        0.059186
BFGS:   66 02:54:53    -1676.836013        0.057995
BFGS:   67 02:54:53    -1676.836707        0.062511
BFGS:   68 02:54:53    -1676.837333        0.080107
BFGS:   69 02:54:53    -1676.838216        0.093605
BFGS:   70 02:54:53    -1676.839274        0.077712
BFGS:   71 02:54:53    -1676.840345        0.079398
BFGS:   72 02:54:53    -1676.841271        0.082534
BFGS:   73 02:54:53    -1676.842106        0.079564
BFGS:   74 02:54:53    -1676.842801        0.076607
BFGS:   75 02:54:53    -1676.843554        0.063027
BFGS:   76 02:54:53    -1676.844358        0.059833
BFGS:   77 02:54:53    -1676.844947        0.073508
BFGS:   78 02:54:53    -1676.846006        0.091508
BFGS:   79 02:54:53    -1676.846968        0.078217
BFGS:   80 02:54:53    -1676.847691        0.053529
BFGS:   81 02:54:53    -1676.848071        0.061097
BFGS:   82 02:54:53    -1676.848608        0.056876
BFGS:   83 02:54:53    -1676.849624        0.062491
BFGS:   84 02:54:53    -1676.850994        0.078299
BFGS:   85 02:54:53    -1676.852323        0.129597
BFGS:   86 02:54:53    -1676.853317        0.084381
BFGS:   87 02:54:53    -1676.854281        0.083418
BFGS:   88 02:54:53    -1676.855207        0.091797
BFGS:   89 02:54:53    -1676.855691        0.056230
BFGS:   90 02:54:53    -1676.856277        0.060202
BFGS:   91 02:54:53    -1676.856895        0.054306
BFGS:   92 02:54:53    -1676.857631        0.083697
BFGS:   93 02:54:53    -1676.858478        0.072839
BFGS:   94 02:54:53    -1676.859296        0.071618
BFGS:   95 02:54:53    -1676.860104        0.066768
BFGS:   96 02:54:53    -1676.861056        0.080511
BFGS:   97 02:54:53    -1676.862238        0.087253
BFGS:   98 02:54:53    -1676.863576        0.083543
BFGS:   99 02:54:53    -1676.864909        0.067010
BFGS:  100 02:54:53    -1676.866101        0.071148
