      Step     Time          Energy          fmax
BFGS:    0 03:00:25     -396.242658        0.023588
BFGS:    1 03:00:25     -396.242695        0.018621
BFGS:    2 03:00:25     -396.242768        0.014000
BFGS:    3 03:00:25     -396.242782        0.013156
BFGS:    4 03:00:25     -396.242833        0.013379
BFGS:    5 03:00:25     -396.242860        0.016009
BFGS:    6 03:00:25     -396.242892        0.016183
BFGS:    7 03:00:25     -396.242918        0.015881
BFGS:    8 03:00:25     -396.242944        0.015574
BFGS:    9 03:00:25     -396.242966        0.010998
BFGS:   10 03:00:25     -396.242989        0.013479
BFGS:   11 03:00:25     -396.243010        0.011658
BFGS:   12 03:00:25     -396.243028        0.013268
BFGS:   13 03:00:25     -396.243042        0.010893
BFGS:   14 03:00:25     -396.243055        0.010451
BFGS:   15 03:00:25     -396.243070        0.010316
BFGS:   16 03:00:25     -396.243085        0.008802
BFGS:   17 03:00:25     -396.243094        0.007362
BFGS:   18 03:00:25     -396.243099        0.007968
BFGS:   19 03:00:25     -396.243103        0.007899
BFGS:   20 03:00:25     -396.243109        0.007435
BFGS:   21 03:00:25     -396.243117        0.007244
BFGS:   22 03:00:25     -396.243123        0.006177
BFGS:   23 03:00:25     -396.243126        0.005212
BFGS:   24 03:00:25     -396.243128        0.005115
BFGS:   25 03:00:25     -396.243131        0.004450
