      Step     Time          Energy          fmax
BFGS:    0 03:01:05     -875.916904        0.017666
BFGS:    1 03:01:05     -875.916939        0.013030
BFGS:    2 03:01:05     -875.916993        0.012794
BFGS:    3 03:01:05     -875.917013        0.012445
BFGS:    4 03:01:05     -875.917073        0.014868
BFGS:    5 03:01:05     -875.917114        0.017498
BFGS:    6 03:01:05     -875.917168        0.029862
BFGS:    7 03:01:05     -875.917221        0.027377
BFGS:    8 03:01:05     -875.917280        0.019211
BFGS:    9 03:01:05     -875.917346        0.021687
BFGS:   10 03:01:05     -875.917416        0.027619
BFGS:   11 03:01:05     -875.917522        0.032332
BFGS:   12 03:01:05     -875.917636        0.028603
BFGS:   13 03:01:05     -875.917739        0.023561
BFGS:   14 03:01:05     -875.917824        0.022545
BFGS:   15 03:01:05     -875.917906        0.020646
BFGS:   16 03:01:05     -875.917994        0.021840
BFGS:   17 03:01:05     -875.918082        0.020082
BFGS:   18 03:01:05     -875.918156        0.017664
BFGS:   19 03:01:05     -875.918212        0.016794
BFGS:   20 03:01:05     -875.918259        0.016905
BFGS:   21 03:01:05     -875.918302        0.017114
BFGS:   22 03:01:05     -875.918344        0.019064
BFGS:   23 03:01:05     -875.918389        0.020201
BFGS:   24 03:01:05     -875.918445        0.017584
BFGS:   25 03:01:05     -875.918512        0.020588
BFGS:   26 03:01:05     -875.918577        0.018543
BFGS:   27 03:01:05     -875.918630        0.016185
BFGS:   28 03:01:05     -875.918669        0.017280
BFGS:   29 03:01:05     -875.918704        0.012970
BFGS:   30 03:01:05     -875.918737        0.016236
BFGS:   31 03:01:05     -875.918771        0.013651
BFGS:   32 03:01:05     -875.918805        0.019367
BFGS:   33 03:01:05     -875.918841        0.019617
BFGS:   34 03:01:05     -875.918885        0.014811
BFGS:   35 03:01:05     -875.918944        0.018914
BFGS:   36 03:01:05     -875.919023        0.019267
BFGS:   37 03:01:05     -875.919111        0.026093
BFGS:   38 03:01:05     -875.919191        0.026218
BFGS:   39 03:01:05     -875.919269        0.021872
BFGS:   40 03:01:05     -875.919357        0.021885
BFGS:   41 03:01:05     -875.919473        0.026988
BFGS:   42 03:01:05     -875.919620        0.043181
BFGS:   43 03:01:06     -875.919788        0.034458
BFGS:   44 03:01:06     -875.920006        0.052513
BFGS:   45 03:01:06     -875.920374        0.061444
BFGS:   46 03:01:06     -875.920702        0.152733
BFGS:   47 03:01:06     -875.921723        0.075782
BFGS:   48 03:01:06     -875.922763        0.091608
BFGS:   49 03:01:06     -875.923571        0.090593
BFGS:   50 03:01:06     -875.924002        0.071992
BFGS:   51 03:01:06     -875.924627        0.112940
BFGS:   52 03:01:06     -875.925652        0.131296
BFGS:   53 03:01:06     -875.926405        0.121463
BFGS:   54 03:01:06     -875.926969        0.141649
BFGS:   55 03:01:06     -875.927213        0.103007
BFGS:   56 03:01:06     -875.927829        0.054837
BFGS:   57 03:01:06     -875.928462        0.111720
BFGS:   58 03:01:06     -875.929360        0.168727
BFGS:   59 03:01:06     -875.930548        0.145478
BFGS:   60 03:01:06     -875.932042        0.158089
BFGS:   61 03:01:06     -875.933848        0.130137
BFGS:   62 03:01:06     -875.935081        0.157325
BFGS:   63 03:01:06     -875.937173        0.089652
BFGS:   64 03:01:06     -875.939913        0.073464
BFGS:   65 03:01:06     -875.942465        0.144012
BFGS:   66 03:01:06     -875.944833        0.142447
BFGS:   67 03:01:06     -875.946907        0.151086
BFGS:   68 03:01:06     -875.949151        0.084848
BFGS:   69 03:01:06     -875.950470        0.090853
BFGS:   70 03:01:06     -875.950149        0.164367
BFGS:   71 03:01:06     -875.952510        0.073141
BFGS:   72 03:01:06     -875.953791        0.082910
BFGS:   73 03:01:06     -875.955634        0.086253
BFGS:   74 03:01:06     -875.957144        0.080960
BFGS:   75 03:01:06     -875.958751        0.081719
BFGS:   76 03:01:06     -875.960608        0.115014
BFGS:   77 03:01:06     -875.962737        0.103496
BFGS:   78 03:01:06     -875.964488        0.117412
BFGS:   79 03:01:06     -875.965644        0.141275
BFGS:   80 03:01:06     -875.967214        0.080438
BFGS:   81 03:01:06     -875.968228        0.062147
BFGS:   82 03:01:06     -875.969343        0.059072
BFGS:   83 03:01:06     -875.970044        0.048078
BFGS:   84 03:01:06     -875.970606        0.052408
BFGS:   85 03:01:06     -875.971005        0.047124
BFGS:   86 03:01:06     -875.971399        0.035716
BFGS:   87 03:01:06     -875.971807        0.038776
BFGS:   88 03:01:06     -875.972103        0.033206
BFGS:   89 03:01:06     -875.972298        0.035132
BFGS:   90 03:01:06     -875.972485        0.035572
BFGS:   91 03:01:06     -875.972709        0.033629
BFGS:   92 03:01:06     -875.972902        0.029418
BFGS:   93 03:01:06     -875.973052        0.025990
BFGS:   94 03:01:06     -875.973193        0.026854
BFGS:   95 03:01:06     -875.973373        0.029432
BFGS:   96 03:01:06     -875.973601        0.036933
BFGS:   97 03:01:06     -875.973847        0.033590
BFGS:   98 03:01:06     -875.974089        0.035293
BFGS:   99 03:01:06     -875.974347        0.034417
BFGS:  100 03:01:06     -875.974649        0.037175
BFGS:  101 03:01:06     -875.975008        0.034379
BFGS:  102 03:01:06     -875.975403        0.034114
BFGS:  103 03:01:06     -875.975785        0.032199
BFGS:  104 03:01:06     -875.976101        0.027231
BFGS:  105 03:01:06     -875.976329        0.028508
BFGS:  106 03:01:06     -875.976509        0.028035
BFGS:  107 03:01:06     -875.976700        0.028338
BFGS:  108 03:01:06     -875.976963        0.036488
BFGS:  109 03:01:06     -875.977374        0.045385
BFGS:  110 03:01:06     -875.977968        0.057943
BFGS:  111 03:01:06     -875.978644        0.057321
BFGS:  112 03:01:06     -875.979281        0.054562
BFGS:  113 03:01:06     -875.979863        0.050996
BFGS:  114 03:01:06     -875.980393        0.048492
BFGS:  115 03:01:06     -875.980835        0.039149
BFGS:  116 03:01:06     -875.981141        0.024524
BFGS:  117 03:01:06     -875.981286        0.035320
BFGS:  118 03:01:06     -875.981373        0.023502
BFGS:  119 03:01:06     -875.981438        0.019117
BFGS:  120 03:01:06     -875.981545        0.025512
BFGS:  121 03:01:06     -875.981612        0.033411
BFGS:  122 03:01:06     -875.981704        0.028971
BFGS:  123 03:01:06     -875.981782        0.030258
BFGS:  124 03:01:06     -875.981865        0.018056
BFGS:  125 03:01:06     -875.981955        0.016969
BFGS:  126 03:01:06     -875.982041        0.021281
BFGS:  127 03:01:06     -875.982111        0.015284
BFGS:  128 03:01:06     -875.982167        0.014019
BFGS:  129 03:01:06     -875.982217        0.020668
BFGS:  130 03:01:06     -875.982265        0.027245
BFGS:  131 03:01:06     -875.982317        0.029321
BFGS:  132 03:01:06     -875.982373        0.021853
BFGS:  133 03:01:06     -875.982428        0.017547
BFGS:  134 03:01:06     -875.982474        0.013559
BFGS:  135 03:01:06     -875.982511        0.014899
BFGS:  136 03:01:06     -875.982544        0.018379
BFGS:  137 03:01:06     -875.982580        0.014192
BFGS:  138 03:01:06     -875.982623        0.015382
BFGS:  139 03:01:06     -875.982670        0.016709
BFGS:  140 03:01:06     -875.982721        0.018646
BFGS:  141 03:01:06     -875.982778        0.019751
BFGS:  142 03:01:06     -875.982844        0.019825
BFGS:  143 03:01:06     -875.982926        0.018422
BFGS:  144 03:01:06     -875.983019        0.020782
BFGS:  145 03:01:06     -875.983106        0.017452
BFGS:  146 03:01:06     -875.983182        0.017576
BFGS:  147 03:01:06     -875.983255        0.016643
BFGS:  148 03:01:06     -875.983320        0.020528
BFGS:  149 03:01:06     -875.983378        0.018101
BFGS:  150 03:01:06     -875.983426        0.018099
BFGS:  151 03:01:06     -875.983461        0.017034
BFGS:  152 03:01:06     -875.983487        0.014716
BFGS:  153 03:01:06     -875.983510        0.010245
BFGS:  154 03:01:06     -875.983535        0.010938
BFGS:  155 03:01:06     -875.983560        0.011310
BFGS:  156 03:01:06     -875.983582        0.010756
BFGS:  157 03:01:06     -875.983600        0.009115
BFGS:  158 03:01:06     -875.983617        0.007693
