      Step     Time          Energy          fmax
BFGS:    0 02:54:55     -875.832147        0.538047
BFGS:    1 02:54:55     -875.837903        0.446079
BFGS:    2 02:54:55     -875.840634        0.245683
BFGS:    3 02:54:55     -875.843846        0.212207
BFGS:    4 02:54:55     -875.849492        0.152700
BFGS:    5 02:54:55     -875.852547        0.130178
BFGS:    6 02:54:55     -875.856470        0.110034
BFGS:    7 02:54:55     -875.860498        0.155758
BFGS:    8 02:54:55     -875.865292        0.164242
BFGS:    9 02:54:55     -875.869299        0.144560
BFGS:   10 02:54:55     -875.872153        0.131004
BFGS:   11 02:54:55     -875.874305        0.114414
BFGS:   12 02:54:55     -875.876621        0.115260
BFGS:   13 02:54:55     -875.879313        0.113616
BFGS:   14 02:54:55     -875.882145        0.118155
BFGS:   15 02:54:55     -875.884984        0.130374
BFGS:   16 02:54:55     -875.887952        0.124494
BFGS:   17 02:54:56     -875.890902        0.138269
BFGS:   18 02:54:56     -875.893421        0.112449
BFGS:   19 02:54:56     -875.895368        0.093396
BFGS:   20 02:54:56     -875.896943        0.081387
BFGS:   21 02:54:56     -875.898264        0.081084
BFGS:   22 02:54:56     -875.899198        0.066007
BFGS:   23 02:54:56     -875.899760        0.047346
BFGS:   24 02:54:56     -875.900167        0.041266
BFGS:   25 02:54:56     -875.900558        0.047892
BFGS:   26 02:54:56     -875.900930        0.045982
BFGS:   27 02:54:56     -875.901248        0.034903
BFGS:   28 02:54:56     -875.901521        0.035700
BFGS:   29 02:54:56     -875.901798        0.038210
BFGS:   30 02:54:56     -875.902107        0.043611
BFGS:   31 02:54:56     -875.902446        0.045284
BFGS:   32 02:54:56     -875.902787        0.039014
BFGS:   33 02:54:56     -875.903092        0.034832
BFGS:   34 02:54:56     -875.903318        0.027544
BFGS:   35 02:54:56     -875.903466        0.022028
