      Step     Time          Energy          fmax
BFGS:    0 03:01:03     -875.903466        0.022025
BFGS:    1 03:01:03     -875.903528        0.019659
BFGS:    2 03:01:03     -875.903699        0.024071
BFGS:    3 03:01:03     -875.903766        0.027943
BFGS:    4 03:01:03     -875.903995        0.033258
BFGS:    5 03:01:03     -875.904130        0.045105
BFGS:    6 03:01:03     -875.904263        0.029374
BFGS:    7 03:01:03     -875.904391        0.026558
BFGS:    8 03:01:03     -875.904602        0.034285
BFGS:    9 03:01:03     -875.904825        0.036573
BFGS:   10 03:01:03     -875.905071        0.029634
BFGS:   11 03:01:03     -875.905282        0.031422
BFGS:   12 03:01:03     -875.905480        0.028645
BFGS:   13 03:01:03     -875.905683        0.038257
BFGS:   14 03:01:03     -875.905896        0.040967
BFGS:   15 03:01:03     -875.906109        0.031623
BFGS:   16 03:01:03     -875.906316        0.030612
BFGS:   17 03:01:03     -875.906524        0.030135
BFGS:   18 03:01:03     -875.906745        0.034737
BFGS:   19 03:01:03     -875.906993        0.032379
BFGS:   20 03:01:03     -875.907284        0.045053
BFGS:   21 03:01:03     -875.907634        0.051600
BFGS:   22 03:01:03     -875.908037        0.050777
BFGS:   23 03:01:03     -875.908450        0.059307
BFGS:   24 03:01:03     -875.908808        0.042956
BFGS:   25 03:01:03     -875.909095        0.043676
BFGS:   26 03:01:03     -875.909338        0.041318
BFGS:   27 03:01:03     -875.909560        0.042301
BFGS:   28 03:01:03     -875.909755        0.041605
BFGS:   29 03:01:03     -875.909920        0.028920
BFGS:   30 03:01:03     -875.910070        0.030706
BFGS:   31 03:01:03     -875.910232        0.027770
BFGS:   32 03:01:03     -875.910410        0.036404
BFGS:   33 03:01:03     -875.910588        0.030990
BFGS:   34 03:01:03     -875.910765        0.033174
BFGS:   35 03:01:03     -875.910967        0.032157
BFGS:   36 03:01:03     -875.911215        0.042310
BFGS:   37 03:01:03     -875.911505        0.044941
BFGS:   38 03:01:03     -875.911810        0.038062
BFGS:   39 03:01:03     -875.912122        0.040906
BFGS:   40 03:01:03     -875.912455        0.040700
BFGS:   41 03:01:03     -875.912819        0.047564
BFGS:   42 03:01:03     -875.913216        0.046906
BFGS:   43 03:01:03     -875.913644        0.049111
BFGS:   44 03:01:03     -875.914103        0.051089
BFGS:   45 03:01:03     -875.914176        0.123230
BFGS:   46 03:01:03     -875.914955        0.061096
BFGS:   47 03:01:03     -875.915327        0.049974
BFGS:   48 03:01:03     -875.916106        0.037015
BFGS:   49 03:01:03     -875.916288        0.041060
BFGS:   50 03:01:03     -875.916677        0.027916
BFGS:   51 03:01:03     -875.916819        0.029242
BFGS:   52 03:01:03     -875.916991        0.028087
BFGS:   53 03:01:03     -875.917151        0.025116
BFGS:   54 03:01:04     -875.917352        0.029527
BFGS:   55 03:01:04     -875.917539        0.031513
BFGS:   56 03:01:04     -875.917730        0.034563
BFGS:   57 03:01:04     -875.917920        0.035659
BFGS:   58 03:01:04     -875.918110        0.030685
BFGS:   59 03:01:04     -875.918278        0.027836
BFGS:   60 03:01:04     -875.918408        0.029620
BFGS:   61 03:01:04     -875.918533        0.049487
BFGS:   62 03:01:04     -875.918643        0.035668
BFGS:   63 03:01:04     -875.918818        0.021995
BFGS:   64 03:01:04     -875.918903        0.029585
BFGS:   65 03:01:04     -875.919084        0.043459
BFGS:   66 03:01:04     -875.919246        0.046396
BFGS:   67 03:01:04     -875.919453        0.040631
BFGS:   68 03:01:04     -875.919647        0.028826
BFGS:   69 03:01:04     -875.919869        0.033220
BFGS:   70 03:01:04     -875.920150        0.071558
BFGS:   71 03:01:04     -875.920101        0.080439
BFGS:   72 03:01:04     -875.920705        0.069285
BFGS:   73 03:01:04     -875.921027        0.068505
BFGS:   74 03:01:04     -875.922089        0.050848
BFGS:   75 03:01:04     -875.922798        0.063489
BFGS:   76 03:01:04     -875.924037        0.078222
BFGS:   77 03:01:04     -875.924483        0.116075
BFGS:   78 03:01:04     -875.924568        0.177726
BFGS:   79 03:01:04     -875.925841        0.037773
BFGS:   80 03:01:04     -875.926241        0.037630
BFGS:   81 03:01:04     -875.926866        0.054967
BFGS:   82 03:01:04     -875.927397        0.061370
BFGS:   83 03:01:04     -875.928152        0.045899
BFGS:   84 03:01:04     -875.928741        0.053353
BFGS:   85 03:01:04     -875.929353        0.058791
BFGS:   86 03:01:04     -875.929729        0.100815
BFGS:   87 03:01:04     -875.930301        0.070375
BFGS:   88 03:01:04     -875.930842        0.073437
BFGS:   89 03:01:04     -875.931559        0.048187
BFGS:   90 03:01:04     -875.932031        0.044752
BFGS:   91 03:01:04     -875.932346        0.043902
BFGS:   92 03:01:04     -875.932841        0.060155
BFGS:   93 03:01:04     -875.933514        0.071224
BFGS:   94 03:01:04     -875.934096        0.142340
BFGS:   95 03:01:04     -875.935141        0.089044
BFGS:   96 03:01:04     -875.936157        0.075458
BFGS:   97 03:01:04     -875.937528        0.202705
BFGS:   98 03:01:04     -875.938069        0.106454
BFGS:   99 03:01:04     -875.939540        0.078585
BFGS:  100 03:01:04     -875.940511        0.103020
BFGS:  101 03:01:04     -875.941511        0.066689
BFGS:  102 03:01:04     -875.941950        0.210444
BFGS:  103 03:01:04     -875.942604        0.054072
BFGS:  104 03:01:04     -875.942869        0.049680
BFGS:  105 03:01:04     -875.943211        0.048123
BFGS:  106 03:01:04     -875.943664        0.069945
BFGS:  107 03:01:04     -875.943968        0.071930
BFGS:  108 03:01:04     -875.944327        0.051170
BFGS:  109 03:01:04     -875.944735        0.038895
BFGS:  110 03:01:04     -875.945144        0.036134
BFGS:  111 03:01:04     -875.945486        0.035890
BFGS:  112 03:01:04     -875.945829        0.032549
BFGS:  113 03:01:04     -875.946143        0.037055
BFGS:  114 03:01:04     -875.946427        0.042406
BFGS:  115 03:01:04     -875.946709        0.041229
BFGS:  116 03:01:04     -875.947050        0.040767
BFGS:  117 03:01:04     -875.947532        0.057943
BFGS:  118 03:01:04     -875.948215        0.054615
BFGS:  119 03:01:04     -875.948847        0.130662
BFGS:  120 03:01:04     -875.949825        0.065908
BFGS:  121 03:01:04     -875.950656        0.046842
BFGS:  122 03:01:04     -875.951387        0.045597
BFGS:  123 03:01:04     -875.951844        0.045557
BFGS:  124 03:01:04     -875.952685        0.060482
BFGS:  125 03:01:04     -875.953491        0.067969
BFGS:  126 03:01:04     -875.954225        0.062816
BFGS:  127 03:01:04     -875.954681        0.056506
BFGS:  128 03:01:04     -875.955128        0.053349
BFGS:  129 03:01:04     -875.955678        0.052076
BFGS:  130 03:01:04     -875.956540        0.074197
BFGS:  131 03:01:04     -875.957092        0.066366
BFGS:  132 03:01:04     -875.958125        0.077586
BFGS:  133 03:01:04     -875.959119        0.080568
BFGS:  134 03:01:04     -875.960195        0.079208
BFGS:  135 03:01:04     -875.961082        0.055817
BFGS:  136 03:01:04     -875.961704        0.092328
BFGS:  137 03:01:04     -875.962061        0.061973
BFGS:  138 03:01:04     -875.962285        0.070569
BFGS:  139 03:01:04     -875.962646        0.072638
BFGS:  140 03:01:04     -875.962816        0.024003
BFGS:  141 03:01:04     -875.962973        0.025016
BFGS:  142 03:01:04     -875.963178        0.030184
BFGS:  143 03:01:04     -875.963363        0.026855
BFGS:  144 03:01:04     -875.963588        0.026019
BFGS:  145 03:01:04     -875.963742        0.024007
BFGS:  146 03:01:04     -875.963867        0.024127
BFGS:  147 03:01:04     -875.963991        0.034783
BFGS:  148 03:01:04     -875.964126        0.027868
BFGS:  149 03:01:04     -875.964261        0.025922
BFGS:  150 03:01:04     -875.964393        0.027903
BFGS:  151 03:01:04     -875.964538        0.027885
BFGS:  152 03:01:04     -875.964686        0.028287
BFGS:  153 03:01:04     -875.964813        0.026986
BFGS:  154 03:01:04     -875.964927        0.023758
BFGS:  155 03:01:04     -875.965060        0.024335
BFGS:  156 03:01:04     -875.965213        0.027192
BFGS:  157 03:01:04     -875.965333        0.022473
BFGS:  158 03:01:04     -875.965396        0.026990
BFGS:  159 03:01:04     -875.965438        0.028740
BFGS:  160 03:01:04     -875.965502        0.026530
BFGS:  161 03:01:04     -875.965615        0.026064
BFGS:  162 03:01:04     -875.965773        0.027222
BFGS:  163 03:01:04     -875.965924        0.025418
BFGS:  164 03:01:04     -875.966033        0.019306
BFGS:  165 03:01:04     -875.966122        0.019504
BFGS:  166 03:01:04     -875.966202        0.021931
BFGS:  167 03:01:04     -875.966270        0.027819
BFGS:  168 03:01:04     -875.966323        0.031862
BFGS:  169 03:01:04     -875.966376        0.035423
BFGS:  170 03:01:04     -875.966453        0.034868
BFGS:  171 03:01:04     -875.966573        0.035184
BFGS:  172 03:01:04     -875.966726        0.031597
BFGS:  173 03:01:04     -875.966861        0.024382
BFGS:  174 03:01:04     -875.966954        0.028846
BFGS:  175 03:01:04     -875.967021        0.022381
BFGS:  176 03:01:04     -875.967087        0.023460
BFGS:  177 03:01:04     -875.967153        0.019449
BFGS:  178 03:01:04     -875.967207        0.017172
BFGS:  179 03:01:04     -875.967246        0.016210
BFGS:  180 03:01:04     -875.967283        0.015841
BFGS:  181 03:01:05     -875.967332        0.015345
BFGS:  182 03:01:05     -875.967401        0.016137
BFGS:  183 03:01:05     -875.967481        0.022490
BFGS:  184 03:01:05     -875.967556        0.024888
BFGS:  185 03:01:05     -875.967623        0.021097
BFGS:  186 03:01:05     -875.967698        0.018887
BFGS:  187 03:01:05     -875.967797        0.021424
BFGS:  188 03:01:05     -875.967909        0.025734
BFGS:  189 03:01:05     -875.967988        0.016942
BFGS:  190 03:01:05     -875.968031        0.016877
BFGS:  191 03:01:05     -875.968056        0.010506
BFGS:  192 03:01:05     -875.968084        0.010602
BFGS:  193 03:01:05     -875.968117        0.010403
BFGS:  194 03:01:05     -875.968153        0.011103
BFGS:  195 03:01:05     -875.968193        0.012674
BFGS:  196 03:01:05     -875.968250        0.019989
BFGS:  197 03:01:05     -875.968356        0.027514
BFGS:  198 03:01:05     -875.968578        0.035179
BFGS:  199 03:01:05     -875.969084        0.039990
BFGS:  200 03:01:05     -875.969952        0.077463
BFGS:  201 03:01:05     -875.970858        0.088259
BFGS:  202 03:01:05     -875.971765        0.051660
BFGS:  203 03:01:05     -875.969356        0.148257
BFGS:  204 03:01:05     -875.972243        0.083129
BFGS:  205 03:01:05     -875.969690        0.141227
BFGS:  206 03:01:05     -875.972604        0.026638
BFGS:  207 03:01:05     -875.972705        0.052530
BFGS:  208 03:01:05     -875.972837        0.019113
BFGS:  209 03:01:05     -875.972950        0.014864
BFGS:  210 03:01:05     -875.973093        0.020399
BFGS:  211 03:01:05     -875.973157        0.021619
BFGS:  212 03:01:05     -875.973224        0.017894
BFGS:  213 03:01:05     -875.973301        0.013580
BFGS:  214 03:01:05     -875.973343        0.014118
BFGS:  215 03:01:05     -875.973371        0.014852
BFGS:  216 03:01:05     -875.973394        0.011039
BFGS:  217 03:01:05     -875.973426        0.012749
BFGS:  218 03:01:05     -875.973475        0.018368
BFGS:  219 03:01:05     -875.973542        0.014615
BFGS:  220 03:01:05     -875.973608        0.014123
BFGS:  221 03:01:05     -875.973651        0.009670
BFGS:  222 03:01:05     -875.973664        0.020119
BFGS:  223 03:01:05     -875.973690        0.011374
BFGS:  224 03:01:05     -875.973706        0.009963
BFGS:  225 03:01:05     -875.973729        0.011018
BFGS:  226 03:01:05     -875.973765        0.014405
BFGS:  227 03:01:05     -875.973800        0.012921
BFGS:  228 03:01:05     -875.973839        0.015239
BFGS:  229 03:01:05     -875.973875        0.012118
BFGS:  230 03:01:05     -875.973878        0.041090
BFGS:  231 03:01:05     -875.973949        0.016409
BFGS:  232 03:01:05     -875.973999        0.011619
BFGS:  233 03:01:05     -875.974165        0.012907
BFGS:  234 03:01:05     -875.974382        0.027379
BFGS:  235 03:01:05     -875.974710        0.046489
BFGS:  236 03:01:05     -875.974485        0.076259
BFGS:  237 03:01:05     -875.975220        0.073922
BFGS:  238 03:01:05     -875.975380        0.067057
BFGS:  239 03:01:05     -875.976058        0.034917
BFGS:  240 03:01:05     -875.975892        0.075753
BFGS:  241 03:01:05     -875.976454        0.025199
BFGS:  242 03:01:05     -875.976598        0.019439
BFGS:  243 03:01:05     -875.976726        0.044259
BFGS:  244 03:01:05     -875.976830        0.020666
BFGS:  245 03:01:05     -875.976879        0.019533
BFGS:  246 03:01:05     -875.976973        0.013786
BFGS:  247 03:01:05     -875.977043        0.014147
BFGS:  248 03:01:05     -875.977119        0.018050
BFGS:  249 03:01:05     -875.977209        0.019548
BFGS:  250 03:01:05     -875.977291        0.029786
BFGS:  251 03:01:05     -875.977159        0.065246
BFGS:  252 03:01:05     -875.977420        0.014058
BFGS:  253 03:01:05     -875.977476        0.015619
BFGS:  254 03:01:05     -875.977560        0.019718
BFGS:  255 03:01:05     -875.977585        0.012476
BFGS:  256 03:01:05     -875.977598        0.008293
BFGS:  257 03:01:05     -875.977610        0.011113
BFGS:  258 03:01:05     -875.977619        0.013008
BFGS:  259 03:01:05     -875.977636        0.014029
BFGS:  260 03:01:05     -875.977658        0.011881
BFGS:  261 03:01:05     -875.977700        0.015268
BFGS:  262 03:01:05     -875.977746        0.015826
BFGS:  263 03:01:05     -875.977790        0.012535
BFGS:  264 03:01:05     -875.977821        0.014955
BFGS:  265 03:01:05     -875.977843        0.008248
BFGS:  266 03:01:05     -875.977879        0.024089
BFGS:  267 03:01:05     -875.977914        0.021446
BFGS:  268 03:01:05     -875.978016        0.015660
BFGS:  269 03:01:05     -875.978072        0.017745
BFGS:  270 03:01:05     -875.978161        0.015631
BFGS:  271 03:01:05     -875.978213        0.009533
BFGS:  272 03:01:05     -875.978261        0.016244
BFGS:  273 03:01:05     -875.978278        0.013395
BFGS:  274 03:01:05     -875.978296        0.007921
