      Step     Time          Energy          fmax
BFGS:    0 03:01:06     -875.921400        0.022594
BFGS:    1 03:01:06     -875.921446        0.017711
BFGS:    2 03:01:06     -875.921522        0.013130
BFGS:    3 03:01:06     -875.921544        0.015900
BFGS:    4 03:01:06     -875.921608        0.020843
BFGS:    5 03:01:06     -875.921660        0.026064
BFGS:    6 03:01:06     -875.921734        0.024692
BFGS:    7 03:01:06     -875.921815        0.023304
BFGS:    8 03:01:06     -875.921912        0.024828
BFGS:    9 03:01:06     -875.922028        0.024486
BFGS:   10 03:01:06     -875.922166        0.030503
BFGS:   11 03:01:07     -875.922320        0.033864
BFGS:   12 03:01:07     -875.922472        0.028079
BFGS:   13 03:01:07     -875.922607        0.020427
BFGS:   14 03:01:07     -875.922725        0.025042
BFGS:   15 03:01:07     -875.922838        0.027548
BFGS:   16 03:01:07     -875.922955        0.026747
BFGS:   17 03:01:07     -875.923075        0.020826
BFGS:   18 03:01:07     -875.923195        0.020862
BFGS:   19 03:01:07     -875.923314        0.027855
BFGS:   20 03:01:07     -875.923437        0.027089
BFGS:   21 03:01:07     -875.923561        0.026749
BFGS:   22 03:01:07     -875.923685        0.025218
BFGS:   23 03:01:07     -875.923811        0.027235
BFGS:   24 03:01:07     -875.923946        0.029820
BFGS:   25 03:01:07     -875.924091        0.035437
BFGS:   26 03:01:07     -875.924229        0.030239
BFGS:   27 03:01:07     -875.924342        0.027929
BFGS:   28 03:01:07     -875.924427        0.023641
BFGS:   29 03:01:07     -875.924491        0.020157
BFGS:   30 03:01:07     -875.924543        0.020340
BFGS:   31 03:01:07     -875.924594        0.017107
BFGS:   32 03:01:07     -875.924653        0.023019
BFGS:   33 03:01:07     -875.924727        0.023682
BFGS:   34 03:01:07     -875.924822        0.029963
BFGS:   35 03:01:07     -875.924951        0.030312
BFGS:   36 03:01:07     -875.925100        0.025552
BFGS:   37 03:01:07     -875.925243        0.033651
BFGS:   38 03:01:07     -875.925365        0.034454
BFGS:   39 03:01:07     -875.925488        0.030102
BFGS:   40 03:01:07     -875.925635        0.027245
BFGS:   41 03:01:07     -875.925827        0.040611
BFGS:   42 03:01:07     -875.926031        0.038514
BFGS:   43 03:01:07     -875.926220        0.037694
BFGS:   44 03:01:07     -875.926422        0.032071
BFGS:   45 03:01:07     -875.926674        0.039338
BFGS:   46 03:01:07     -875.926980        0.050818
BFGS:   47 03:01:07     -875.927244        0.034785
BFGS:   48 03:01:07     -875.927469        0.081935
BFGS:   49 03:01:07     -875.927658        0.025962
BFGS:   50 03:01:07     -875.927818        0.036801
BFGS:   51 03:01:07     -875.927894        0.044053
BFGS:   52 03:01:07     -875.928069        0.039139
BFGS:   53 03:01:07     -875.928187        0.026646
BFGS:   54 03:01:07     -875.928333        0.027241
BFGS:   55 03:01:07     -875.928466        0.023543
BFGS:   56 03:01:07     -875.928621        0.034179
BFGS:   57 03:01:07     -875.928819        0.038727
BFGS:   58 03:01:07     -875.929073        0.034078
BFGS:   59 03:01:07     -875.929315        0.036489
BFGS:   60 03:01:07     -875.929508        0.029325
BFGS:   61 03:01:07     -875.929681        0.029876
BFGS:   62 03:01:07     -875.929884        0.037447
BFGS:   63 03:01:07     -875.930147        0.055732
BFGS:   64 03:01:07     -875.930466        0.050614
BFGS:   65 03:01:07     -875.930836        0.047890
BFGS:   66 03:01:07     -875.931223        0.047651
BFGS:   67 03:01:07     -875.931630        0.051120
BFGS:   68 03:01:07     -875.932392        0.093844
BFGS:   69 03:01:07     -875.933707        0.127743
BFGS:   70 03:01:07     -875.934930        0.228917
BFGS:   71 03:01:07     -875.936680        0.100708
BFGS:   72 03:01:07     -875.938476        0.089801
BFGS:   73 03:01:07     -875.941010        0.108935
BFGS:   74 03:01:07     -875.942669        0.120458
BFGS:   75 03:01:07     -875.945544        0.108667
BFGS:   76 03:01:07     -875.946541        0.154925
BFGS:   77 03:01:07     -875.949157        0.251852
BFGS:   78 03:01:07     -875.951092        0.077410
BFGS:   79 03:01:07     -875.952892        0.071664
BFGS:   80 03:01:07     -875.954347        0.096541
BFGS:   81 03:01:07     -875.955743        0.072577
BFGS:   82 03:01:07     -875.957148        0.100250
BFGS:   83 03:01:07     -875.958229        0.079131
BFGS:   84 03:01:07     -875.958893        0.156779
BFGS:   85 03:01:07     -875.959880        0.064136
BFGS:   86 03:01:07     -875.960448        0.051740
BFGS:   87 03:01:07     -875.960986        0.047741
BFGS:   88 03:01:07     -875.961251        0.042917
BFGS:   89 03:01:07     -875.961533        0.042392
BFGS:   90 03:01:07     -875.961855        0.046166
BFGS:   91 03:01:07     -875.962323        0.046618
BFGS:   92 03:01:07     -875.962922        0.050861
BFGS:   93 03:01:07     -875.963641        0.055505
BFGS:   94 03:01:07     -875.964337        0.056161
BFGS:   95 03:01:07     -875.965022        0.051747
BFGS:   96 03:01:07     -875.965805        0.083858
BFGS:   97 03:01:07     -875.966800        0.097982
BFGS:   98 03:01:07     -875.968086        0.110555
BFGS:   99 03:01:07     -875.969570        0.104076
BFGS:  100 03:01:07     -875.971115        0.094277
BFGS:  101 03:01:07     -875.971427        0.206193
BFGS:  102 03:01:07     -875.973199        0.083720
BFGS:  103 03:01:07     -875.973966        0.101301
BFGS:  104 03:01:07     -875.975324        0.083541
BFGS:  105 03:01:07     -875.975860        0.123276
BFGS:  106 03:01:07     -875.976505        0.086362
BFGS:  107 03:01:07     -875.977304        0.053734
BFGS:  108 03:01:07     -875.977661        0.042212
BFGS:  109 03:01:07     -875.978147        0.047276
BFGS:  110 03:01:07     -875.978498        0.037201
BFGS:  111 03:01:07     -875.978732        0.024112
BFGS:  112 03:01:07     -875.978905        0.023365
BFGS:  113 03:01:07     -875.979078        0.022117
BFGS:  114 03:01:07     -875.979251        0.022126
BFGS:  115 03:01:07     -875.979390        0.018935
BFGS:  116 03:01:07     -875.979484        0.023921
BFGS:  117 03:01:07     -875.979564        0.024025
BFGS:  118 03:01:07     -875.979662        0.022931
BFGS:  119 03:01:07     -875.979880        0.034786
BFGS:  120 03:01:07     -875.980080        0.039365
BFGS:  121 03:01:07     -875.980328        0.037582
BFGS:  122 03:01:07     -875.980512        0.025746
BFGS:  123 03:01:07     -875.980632        0.019903
BFGS:  124 03:01:07     -875.980709        0.016423
BFGS:  125 03:01:07     -875.980774        0.016150
BFGS:  126 03:01:07     -875.980831        0.016052
BFGS:  127 03:01:07     -875.980887        0.018725
BFGS:  128 03:01:07     -875.980947        0.016444
BFGS:  129 03:01:07     -875.981003        0.017355
BFGS:  130 03:01:07     -875.981051        0.016502
BFGS:  131 03:01:07     -875.981099        0.015765
BFGS:  132 03:01:07     -875.981168        0.021092
BFGS:  133 03:01:07     -875.981287        0.025531
BFGS:  134 03:01:07     -875.981454        0.025865
BFGS:  135 03:01:07     -875.981631        0.025465
BFGS:  136 03:01:08     -875.981763        0.029394
BFGS:  137 03:01:08     -875.981855        0.024870
BFGS:  138 03:01:08     -875.981929        0.029728
BFGS:  139 03:01:08     -875.981993        0.016418
BFGS:  140 03:01:08     -875.982044        0.020212
BFGS:  141 03:01:08     -875.982089        0.015064
BFGS:  142 03:01:08     -875.982143        0.017798
BFGS:  143 03:01:08     -875.982210        0.017209
BFGS:  144 03:01:08     -875.982281        0.018793
BFGS:  145 03:01:08     -875.982332        0.017246
BFGS:  146 03:01:08     -875.982367        0.011145
BFGS:  147 03:01:08     -875.982392        0.010930
BFGS:  148 03:01:08     -875.982416        0.010341
BFGS:  149 03:01:08     -875.982438        0.008866
BFGS:  150 03:01:08     -875.982458        0.008189
BFGS:  151 03:01:08     -875.982473        0.007086
