      Step     Time          Energy          fmax
BFGS:    0 02:54:56     -875.873315        0.596974
BFGS:    1 02:54:56     -875.878752        0.477008
BFGS:    2 02:54:56     -875.881106        0.232835
BFGS:    3 02:54:56     -875.883574        0.159406
BFGS:    4 02:54:56     -875.887518        0.131754
BFGS:    5 02:54:56     -875.889142        0.113365
BFGS:    6 02:54:56     -875.891562        0.099348
BFGS:    7 02:54:56     -875.893809        0.114198
BFGS:    8 02:54:56     -875.896452        0.096698
BFGS:    9 02:54:56     -875.898641        0.118460
BFGS:   10 02:54:56     -875.900414        0.099682
BFGS:   11 02:54:56     -875.901897        0.093848
BFGS:   12 02:54:56     -875.903340        0.090536
BFGS:   13 02:54:56     -875.904764        0.089671
BFGS:   14 02:54:56     -875.906204        0.094046
BFGS:   15 02:54:56     -875.907823        0.094521
BFGS:   16 02:54:56     -875.909803        0.106423
BFGS:   17 02:54:56     -875.912061        0.137472
BFGS:   18 02:54:56     -875.914226        0.125025
BFGS:   19 02:54:56     -875.915974        0.092506
BFGS:   20 02:54:56     -875.917252        0.098943
BFGS:   21 02:54:56     -875.918124        0.072355
BFGS:   22 02:54:56     -875.918696        0.039845
BFGS:   23 02:54:56     -875.919108        0.045904
BFGS:   24 02:54:56     -875.919445        0.049868
BFGS:   25 02:54:57     -875.919725        0.045275
BFGS:   26 02:54:57     -875.919951        0.027769
BFGS:   27 02:54:57     -875.920148        0.027803
BFGS:   28 02:54:57     -875.920333        0.032679
BFGS:   29 02:54:57     -875.920510        0.033207
BFGS:   30 02:54:57     -875.920683        0.032010
BFGS:   31 02:54:57     -875.920871        0.030707
BFGS:   32 02:54:57     -875.921077        0.039372
BFGS:   33 02:54:57     -875.921267        0.034536
BFGS:   34 02:54:57     -875.921400        0.022580
