      Step     Time          Energy          fmax
BFGS:    0 02:54:56     -875.865100        0.564863
BFGS:    1 02:54:56     -875.870523        0.465694
BFGS:    2 02:54:56     -875.872911        0.242310
BFGS:    3 02:54:56     -875.875461        0.175747
BFGS:    4 02:54:56     -875.879860        0.148262
BFGS:    5 02:54:56     -875.881949        0.121894
BFGS:    6 02:54:56     -875.884661        0.106417
BFGS:    7 02:54:56     -875.887227        0.123419
BFGS:    8 02:54:56     -875.890243        0.121817
BFGS:    9 02:54:56     -875.892715        0.126000
BFGS:   10 02:54:56     -875.894482        0.097854
BFGS:   11 02:54:56     -875.895768        0.073644
BFGS:   12 02:54:56     -875.897081        0.082159
BFGS:   13 02:54:56     -875.898590        0.093152
BFGS:   14 02:54:56     -875.900270        0.095600
BFGS:   15 02:54:56     -875.902167        0.100978
BFGS:   16 02:54:56     -875.904378        0.117864
BFGS:   17 02:54:56     -875.906834        0.146867
BFGS:   18 02:54:56     -875.909206        0.125963
BFGS:   19 02:54:56     -875.911121        0.098207
BFGS:   20 02:54:56     -875.912471        0.081002
BFGS:   21 02:54:56     -875.913363        0.064361
BFGS:   22 02:54:56     -875.913931        0.045333
BFGS:   23 02:54:56     -875.914317        0.039932
BFGS:   24 02:54:56     -875.914641        0.047719
BFGS:   25 02:54:56     -875.914954        0.050295
BFGS:   26 02:54:56     -875.915256        0.044541
BFGS:   27 02:54:56     -875.915541        0.033925
BFGS:   28 02:54:56     -875.915809        0.038017
BFGS:   29 02:54:56     -875.916055        0.037362
BFGS:   30 02:54:56     -875.916275        0.027223
BFGS:   31 02:54:56     -875.916469        0.027724
BFGS:   32 02:54:56     -875.916648        0.032736
BFGS:   33 02:54:56     -875.916801        0.026892
BFGS:   34 02:54:56     -875.916904        0.017652
