      Step     Time          Energy          fmax
BFGS:    0 02:55:02     -703.461649        0.560169
BFGS:    1 02:55:02     -703.466428        0.470291
BFGS:    2 02:55:02     -703.468688        0.249879
BFGS:    3 02:55:02     -703.471159        0.172405
BFGS:    4 02:55:02     -703.476053        0.203139
BFGS:    5 02:55:02     -703.479046        0.170857
BFGS:    6 02:55:02     -703.482705        0.149787
BFGS:    7 02:55:02     -703.486625        0.164261
BFGS:    8 02:55:02     -703.491234        0.198299
BFGS:    9 02:55:02     -703.494861        0.141140
BFGS:   10 02:55:02     -703.496838        0.095852
BFGS:   11 02:55:02     -703.497771        0.068948
BFGS:   12 02:55:02     -703.498473        0.069031
BFGS:   13 02:55:02     -703.499136        0.063588
BFGS:   14 02:55:02     -703.499646        0.056233
BFGS:   15 02:55:02     -703.500070        0.044471
BFGS:   16 02:55:02     -703.500562        0.059560
BFGS:   17 02:55:02     -703.501205        0.080233
BFGS:   18 02:55:02     -703.501892        0.076031
BFGS:   19 02:55:02     -703.502467        0.073075
BFGS:   20 02:55:02     -703.502907        0.063274
BFGS:   21 02:55:02     -703.503294        0.051210
BFGS:   22 02:55:02     -703.503624        0.047090
BFGS:   23 02:55:02     -703.503816        0.030018
BFGS:   24 02:55:02     -703.503907        0.019402
