      Step     Time          Energy          fmax
BFGS:    0 02:55:02     -703.466320        0.581693
BFGS:    1 02:55:02     -703.471109        0.483747
BFGS:    2 02:55:02     -703.473431        0.246441
BFGS:    3 02:55:02     -703.475975        0.166234
BFGS:    4 02:55:02     -703.480931        0.189876
BFGS:    5 02:55:02     -703.483734        0.157910
BFGS:    6 02:55:02     -703.487396        0.154751
BFGS:    7 02:55:02     -703.491369        0.176330
BFGS:    8 02:55:02     -703.495908        0.190024
BFGS:    9 02:55:02     -703.499305        0.133054
BFGS:   10 02:55:02     -703.501198        0.111209
BFGS:   11 02:55:02     -703.502221        0.080136
BFGS:   12 02:55:02     -703.503036        0.078173
BFGS:   13 02:55:02     -703.503718        0.073483
BFGS:   14 02:55:02     -703.504222        0.066700
BFGS:   15 02:55:02     -703.504676        0.053428
BFGS:   16 02:55:02     -703.505230        0.063977
BFGS:   17 02:55:02     -703.505890        0.082808
BFGS:   18 02:55:02     -703.506502        0.075333
BFGS:   19 02:55:02     -703.506945        0.053813
BFGS:   20 02:55:02     -703.507248        0.050876
BFGS:   21 02:55:02     -703.507494        0.042366
BFGS:   22 02:55:02     -703.507688        0.039865
BFGS:   23 02:55:02     -703.507819        0.030342
BFGS:   24 02:55:02     -703.507914        0.025904
BFGS:   25 02:55:02     -703.508000        0.028483
BFGS:   26 02:55:02     -703.508082        0.029243
BFGS:   27 02:55:02     -703.508150        0.024830
