      Step     Time          Energy          fmax
BFGS:    0 03:01:14     -703.503907        0.019421
BFGS:    1 03:01:14     -703.503942        0.017490
BFGS:    2 03:01:14     -703.504047        0.033371
BFGS:    3 03:01:14     -703.504069        0.033984
BFGS:    4 03:01:14     -703.504101        0.023777
BFGS:    5 03:01:14     -703.504151        0.017139
BFGS:    6 03:01:14     -703.504172        0.015427
BFGS:    7 03:01:14     -703.504207        0.015430
BFGS:    8 03:01:14     -703.504225        0.011883
BFGS:    9 03:01:14     -703.504245        0.011520
BFGS:   10 03:01:14     -703.504263        0.010531
BFGS:   11 03:01:14     -703.504282        0.012767
BFGS:   12 03:01:14     -703.504304        0.014612
BFGS:   13 03:01:14     -703.504331        0.017056
BFGS:   14 03:01:14     -703.504369        0.020579
BFGS:   15 03:01:14     -703.504417        0.022702
BFGS:   16 03:01:14     -703.504473        0.029783
BFGS:   17 03:01:14     -703.504536        0.026946
BFGS:   18 03:01:14     -703.504603        0.021612
BFGS:   19 03:01:14     -703.504677        0.023521
BFGS:   20 03:01:14     -703.504755        0.027030
BFGS:   21 03:01:14     -703.504838        0.034363
BFGS:   22 03:01:14     -703.504920        0.030565
BFGS:   23 03:01:14     -703.504992        0.030174
BFGS:   24 03:01:14     -703.505050        0.022161
BFGS:   25 03:01:14     -703.505099        0.022401
BFGS:   26 03:01:14     -703.505141        0.020940
BFGS:   27 03:01:14     -703.505175        0.012724
BFGS:   28 03:01:14     -703.505198        0.013053
BFGS:   29 03:01:14     -703.505221        0.015490
BFGS:   30 03:01:14     -703.505251        0.016718
BFGS:   31 03:01:14     -703.505291        0.016356
BFGS:   32 03:01:14     -703.505330        0.013730
BFGS:   33 03:01:14     -703.505355        0.010338
BFGS:   34 03:01:14     -703.505365        0.006575
