      Step     Time          Energy          fmax
BFGS:    0 03:01:14     -703.508150        0.024870
BFGS:    1 03:01:14     -703.508178        0.016554
BFGS:    2 03:01:14     -703.508224        0.012935
BFGS:    3 03:01:14     -703.508235        0.017683
BFGS:    4 03:01:14     -703.508271        0.020948
BFGS:    5 03:01:14     -703.508303        0.018214
BFGS:    6 03:01:14     -703.508327        0.014909
BFGS:    7 03:01:14     -703.508346        0.013499
BFGS:    8 03:01:14     -703.508373        0.016960
BFGS:    9 03:01:14     -703.508403        0.017049
BFGS:   10 03:01:14     -703.508436        0.020359
BFGS:   11 03:01:14     -703.508470        0.019205
BFGS:   12 03:01:14     -703.508506        0.020647
BFGS:   13 03:01:14     -703.508549        0.024247
BFGS:   14 03:01:14     -703.508598        0.018599
BFGS:   15 03:01:14     -703.508653        0.023449
BFGS:   16 03:01:14     -703.508720        0.025213
BFGS:   17 03:01:14     -703.508816        0.033028
BFGS:   18 03:01:14     -703.508964        0.043512
BFGS:   19 03:01:14     -703.509184        0.041960
BFGS:   20 03:01:14     -703.509449        0.035521
BFGS:   21 03:01:14     -703.509717        0.033783
BFGS:   22 03:01:14     -703.509970        0.043805
BFGS:   23 03:01:14     -703.510223        0.054950
BFGS:   24 03:01:14     -703.510509        0.066172
BFGS:   25 03:01:14     -703.510808        0.068365
BFGS:   26 03:01:14     -703.510502        0.250463
BFGS:   27 03:01:14     -703.511300        0.070764
BFGS:   28 03:01:14     -703.511553        0.062320
BFGS:   29 03:01:14     -703.512404        0.221210
BFGS:   30 03:01:14     -703.512873        0.057289
BFGS:   31 03:01:14     -703.513247        0.053881
BFGS:   32 03:01:14     -703.513793        0.264320
BFGS:   33 03:01:14     -703.514600        0.067257
BFGS:   34 03:01:14     -703.514985        0.066309
BFGS:   35 03:01:14     -703.515419        0.222296
BFGS:   36 03:01:14     -703.516136        0.041284
BFGS:   37 03:01:14     -703.516470        0.040832
BFGS:   38 03:01:14     -703.517256        0.053983
BFGS:   39 03:01:14     -703.517574        0.053062
BFGS:   40 03:01:14     -703.518513        0.068646
BFGS:   41 03:01:14     -703.519634        0.102728
BFGS:   42 03:01:14     -703.521564        0.142265
BFGS:   43 03:01:14     -703.523655        0.132088
BFGS:   44 03:01:14     -703.525128        0.236101
BFGS:   45 03:01:14     -703.514405        0.732584
BFGS:   46 03:01:14     -703.529949        0.176974
BFGS:   47 03:01:14     -703.531884        0.162988
BFGS:   48 03:01:14     -703.536974        0.201900
BFGS:   49 03:01:14     -703.539565        0.122144
BFGS:   50 03:01:14     -703.540279        0.301994
BFGS:   51 03:01:14     -703.542882        0.097047
BFGS:   52 03:01:14     -703.544014        0.074341
BFGS:   53 03:01:14     -703.546529        0.250898
BFGS:   54 03:01:14     -703.548591        0.130989
BFGS:   55 03:01:14     -703.550172        0.100759
BFGS:   56 03:01:14     -703.552852        0.133558
BFGS:   57 03:01:14     -703.554315        0.130854
BFGS:   58 03:01:14     -703.556053        0.125067
BFGS:   59 03:01:14     -703.557980        0.176843
BFGS:   60 03:01:14     -703.559588        0.122447
BFGS:   61 03:01:14     -703.560964        0.187990
BFGS:   62 03:01:14     -703.562937        0.128911
BFGS:   63 03:01:14     -703.564683        0.095807
BFGS:   64 03:01:14     -703.565898        0.085767
BFGS:   65 03:01:14     -703.566958        0.079139
BFGS:   66 03:01:14     -703.568303        0.085084
BFGS:   67 03:01:14     -703.569091        0.076920
BFGS:   68 03:01:14     -703.569647        0.063846
BFGS:   69 03:01:14     -703.570103        0.042889
BFGS:   70 03:01:14     -703.570594        0.073365
BFGS:   71 03:01:14     -703.571210        0.101204
BFGS:   72 03:01:14     -703.571847        0.091807
BFGS:   73 03:01:14     -703.572439        0.074956
BFGS:   74 03:01:14     -703.572807        0.063059
BFGS:   75 03:01:14     -703.573147        0.045997
BFGS:   76 03:01:14     -703.573431        0.055413
BFGS:   77 03:01:14     -703.573692        0.040578
BFGS:   78 03:01:14     -703.573873        0.031760
BFGS:   79 03:01:14     -703.574000        0.032496
BFGS:   80 03:01:14     -703.574078        0.034225
BFGS:   81 03:01:14     -703.574132        0.025080
BFGS:   82 03:01:14     -703.574178        0.017173
BFGS:   83 03:01:14     -703.574229        0.021915
BFGS:   84 03:01:14     -703.574278        0.023046
BFGS:   85 03:01:14     -703.574331        0.018676
BFGS:   86 03:01:14     -703.574385        0.021473
BFGS:   87 03:01:14     -703.574448        0.022046
BFGS:   88 03:01:14     -703.574534        0.031072
BFGS:   89 03:01:14     -703.574646        0.039762
BFGS:   90 03:01:14     -703.574778        0.029696
BFGS:   91 03:01:14     -703.574907        0.031426
BFGS:   92 03:01:14     -703.575030        0.029140
BFGS:   93 03:01:14     -703.575164        0.030181
BFGS:   94 03:01:14     -703.575318        0.031758
BFGS:   95 03:01:14     -703.575457        0.020318
BFGS:   96 03:01:14     -703.575534        0.014856
BFGS:   97 03:01:14     -703.575563        0.010512
BFGS:   98 03:01:14     -703.575573        0.007752
