      Step     Time          Energy          fmax
BFGS:    0 03:01:13     -703.512644        0.024270
BFGS:    1 03:01:13     -703.512691        0.019787
BFGS:    2 03:01:13     -703.512798        0.040603
BFGS:    3 03:01:13     -703.512826        0.038538
BFGS:    4 03:01:13     -703.512864        0.034402
BFGS:    5 03:01:13     -703.512981        0.018079
BFGS:    6 03:01:13     -703.513004        0.015835
BFGS:    7 03:01:13     -703.513066        0.016097
BFGS:    8 03:01:13     -703.513096        0.014553
BFGS:    9 03:01:13     -703.513131        0.013235
BFGS:   10 03:01:13     -703.513154        0.013733
BFGS:   11 03:01:13     -703.513179        0.014864
BFGS:   12 03:01:13     -703.513205        0.015886
BFGS:   13 03:01:13     -703.513238        0.015141
BFGS:   14 03:01:13     -703.513270        0.012297
BFGS:   15 03:01:13     -703.513299        0.013346
BFGS:   16 03:01:13     -703.513328        0.014925
BFGS:   17 03:01:13     -703.513365        0.017976
BFGS:   18 03:01:13     -703.513412        0.018925
BFGS:   19 03:01:13     -703.513464        0.022742
BFGS:   20 03:01:13     -703.513520        0.025346
BFGS:   21 03:01:13     -703.513584        0.027642
BFGS:   22 03:01:13     -703.513661        0.028473
BFGS:   23 03:01:13     -703.513753        0.027575
BFGS:   24 03:01:13     -703.513857        0.029009
BFGS:   25 03:01:13     -703.513980        0.031695
BFGS:   26 03:01:13     -703.514137        0.038343
BFGS:   27 03:01:13     -703.514357        0.046153
BFGS:   28 03:01:13     -703.514668        0.060129
BFGS:   29 03:01:13     -703.515088        0.074044
BFGS:   30 03:01:13     -703.515665        0.079522
BFGS:   31 03:01:13     -703.516405        0.089417
BFGS:   32 03:01:13     -703.517187        0.076477
BFGS:   33 03:01:13     -703.517756        0.064022
BFGS:   34 03:01:13     -703.518070        0.106106
BFGS:   35 03:01:13     -703.518174        0.078211
BFGS:   36 03:01:13     -703.518486        0.037298
BFGS:   37 03:01:13     -703.518700        0.047414
BFGS:   38 03:01:13     -703.519031        0.053361
BFGS:   39 03:01:13     -703.519493        0.076048
BFGS:   40 03:01:13     -703.520039        0.071131
BFGS:   41 03:01:13     -703.520498        0.047219
BFGS:   42 03:01:13     -703.520859        0.057905
BFGS:   43 03:01:13     -703.521216        0.092671
BFGS:   44 03:01:13     -703.521917        0.109962
BFGS:   45 03:01:13     -703.523336        0.123820
BFGS:   46 03:01:13     -703.526704        0.146815
BFGS:   47 03:01:13     -703.530017        0.206068
BFGS:   48 03:01:13     -703.531726        0.177396
BFGS:   49 03:01:13     -703.535778        0.171304
BFGS:   50 03:01:13     -703.538832        0.236516
BFGS:   51 03:01:13     -703.540517        0.095334
BFGS:   52 03:01:13     -703.541493        0.096725
BFGS:   53 03:01:13     -703.544148        0.158525
BFGS:   54 03:01:13     -703.545582        0.172931
BFGS:   55 03:01:13     -703.546835        0.158662
BFGS:   56 03:01:13     -703.547972        0.085057
BFGS:   57 03:01:13     -703.548992        0.119119
BFGS:   58 03:01:13     -703.550432        0.132502
BFGS:   59 03:01:13     -703.551859        0.087484
BFGS:   60 03:01:13     -703.552937        0.070299
BFGS:   61 03:01:13     -703.553640        0.058894
BFGS:   62 03:01:13     -703.554019        0.049631
BFGS:   63 03:01:13     -703.554364        0.056840
BFGS:   64 03:01:13     -703.554667        0.076517
BFGS:   65 03:01:13     -703.554976        0.055833
BFGS:   66 03:01:13     -703.555280        0.056053
BFGS:   67 03:01:13     -703.555754        0.057995
BFGS:   68 03:01:13     -703.556250        0.059045
BFGS:   69 03:01:13     -703.557036        0.073541
BFGS:   70 03:01:13     -703.557988        0.105396
BFGS:   71 03:01:13     -703.559000        0.141169
BFGS:   72 03:01:13     -703.560148        0.097718
BFGS:   73 03:01:13     -703.561282        0.107628
BFGS:   74 03:01:13     -703.562959        0.092035
BFGS:   75 03:01:13     -703.564186        0.082004
BFGS:   76 03:01:13     -703.565038        0.074685
BFGS:   77 03:01:13     -703.565732        0.061840
BFGS:   78 03:01:13     -703.566341        0.043632
BFGS:   79 03:01:13     -703.566855        0.057884
BFGS:   80 03:01:13     -703.567090        0.040089
BFGS:   81 03:01:13     -703.567340        0.036814
BFGS:   82 03:01:13     -703.567476        0.033289
BFGS:   83 03:01:13     -703.567602        0.026636
BFGS:   84 03:01:13     -703.567731        0.034613
BFGS:   85 03:01:14     -703.567883        0.028835
BFGS:   86 03:01:14     -703.568008        0.027052
BFGS:   87 03:01:14     -703.568091        0.016728
BFGS:   88 03:01:14     -703.568139        0.013763
BFGS:   89 03:01:14     -703.568177        0.015474
BFGS:   90 03:01:14     -703.568221        0.017298
BFGS:   91 03:01:14     -703.568279        0.021918
BFGS:   92 03:01:14     -703.568352        0.021746
BFGS:   93 03:01:14     -703.568435        0.021714
BFGS:   94 03:01:14     -703.568521        0.021855
BFGS:   95 03:01:14     -703.568607        0.021699
BFGS:   96 03:01:14     -703.568694        0.018157
BFGS:   97 03:01:14     -703.568775        0.018861
BFGS:   98 03:01:14     -703.568836        0.016225
BFGS:   99 03:01:14     -703.568874        0.012901
BFGS:  100 03:01:14     -703.568900        0.010477
BFGS:  101 03:01:14     -703.568921        0.010652
BFGS:  102 03:01:14     -703.568940        0.009335
BFGS:  103 03:01:14     -703.568955        0.009682
BFGS:  104 03:01:14     -703.568972        0.010433
BFGS:  105 03:01:14     -703.568996        0.016043
BFGS:  106 03:01:14     -703.569041        0.026367
BFGS:  107 03:01:14     -703.569125        0.036280
BFGS:  108 03:01:14     -703.569265        0.040554
BFGS:  109 03:01:14     -703.569443        0.034889
BFGS:  110 03:01:14     -703.569605        0.023162
BFGS:  111 03:01:14     -703.569721        0.022248
BFGS:  112 03:01:14     -703.569799        0.020544
BFGS:  113 03:01:14     -703.569859        0.018616
BFGS:  114 03:01:14     -703.569893        0.014194
BFGS:  115 03:01:14     -703.569906        0.009236
BFGS:  116 03:01:14     -703.569913        0.007838
