      Step     Time          Energy          fmax
BFGS:    0 02:55:02     -703.473753        0.603864
BFGS:    1 02:55:02     -703.478562        0.492986
BFGS:    2 02:55:02     -703.480856        0.238941
BFGS:    3 02:55:02     -703.483287        0.172007
BFGS:    4 02:55:02     -703.487865        0.178603
BFGS:    5 02:55:02     -703.490165        0.144534
BFGS:    6 02:55:02     -703.493384        0.138481
BFGS:    7 02:55:02     -703.496962        0.173577
BFGS:    8 02:55:02     -703.501051        0.164902
BFGS:    9 02:55:02     -703.504056        0.128742
BFGS:   10 02:55:02     -703.505862        0.104984
BFGS:   11 02:55:02     -703.507037        0.093793
BFGS:   12 02:55:02     -703.508023        0.088662
BFGS:   13 02:55:02     -703.508783        0.076699
BFGS:   14 02:55:02     -703.509307        0.070963
BFGS:   15 02:55:02     -703.509777        0.056562
BFGS:   16 02:55:02     -703.510361        0.065756
BFGS:   17 02:55:02     -703.511021        0.083924
BFGS:   18 02:55:02     -703.511575        0.075835
BFGS:   19 02:55:02     -703.511936        0.051092
BFGS:   20 02:55:02     -703.512175        0.057816
BFGS:   21 02:55:02     -703.512374        0.046749
BFGS:   22 02:55:02     -703.512532        0.031900
BFGS:   23 02:55:02     -703.512644        0.024215
