      Step     Time          Energy          fmax
BFGS:    0 03:00:25     -737.894343        0.019778
BFGS:    1 03:00:25     -737.894386        0.016811
BFGS:    2 03:00:25     -737.894460        0.013714
BFGS:    3 03:00:25     -737.894481        0.013542
BFGS:    4 03:00:25     -737.894526        0.013770
BFGS:    5 03:00:25     -737.894559        0.016283
BFGS:    6 03:00:25     -737.894606        0.014012
BFGS:    7 03:00:25     -737.894649        0.016133
BFGS:    8 03:00:25     -737.894689        0.017974
BFGS:    9 03:00:25     -737.894737        0.018497
BFGS:   10 03:00:25     -737.894812        0.020236
BFGS:   11 03:00:25     -737.894913        0.030323
BFGS:   12 03:00:25     -737.895022        0.028515
BFGS:   13 03:00:25     -737.895097        0.016474
BFGS:   14 03:00:25     -737.895152        0.019821
BFGS:   15 03:00:25     -737.895206        0.022317
BFGS:   16 03:00:25     -737.895270        0.022427
BFGS:   17 03:00:25     -737.895320        0.018101
BFGS:   18 03:00:25     -737.895348        0.010734
BFGS:   19 03:00:25     -737.895364        0.009084
BFGS:   20 03:00:25     -737.895380        0.010310
BFGS:   21 03:00:25     -737.895395        0.010160
BFGS:   22 03:00:25     -737.895406        0.008143
BFGS:   23 03:00:25     -737.895414        0.009772
BFGS:   24 03:00:25     -737.895421        0.009573
BFGS:   25 03:00:25     -737.895428        0.005704
BFGS:   26 03:00:25     -737.895433        0.004934
