      Step     Time          Energy          fmax
BFGS:    0 02:54:32     -737.810197        1.991377
BFGS:    1 02:54:32     -737.845743        1.970711
BFGS:    2 02:54:32     -737.869636        0.273893
BFGS:    3 02:54:32     -737.874648        0.240731
BFGS:    4 02:54:32     -737.882069        0.189459
BFGS:    5 02:54:32     -737.885656        0.189653
BFGS:    6 02:54:32     -737.889051        0.107128
BFGS:    7 02:54:32     -737.889933        0.064023
BFGS:    8 02:54:32     -737.890453        0.061648
BFGS:    9 02:54:32     -737.890992        0.095183
BFGS:   10 02:54:32     -737.891665        0.098493
BFGS:   11 02:54:32     -737.892232        0.060280
BFGS:   12 02:54:32     -737.892602        0.035525
BFGS:   13 02:54:32     -737.892845        0.038911
BFGS:   14 02:54:32     -737.893086        0.043705
BFGS:   15 02:54:32     -737.893361        0.040269
BFGS:   16 02:54:32     -737.893620        0.031850
BFGS:   17 02:54:32     -737.893810        0.026628
BFGS:   18 02:54:32     -737.893953        0.027624
BFGS:   19 02:54:32     -737.894092        0.029843
BFGS:   20 02:54:32     -737.894233        0.031368
BFGS:   21 02:54:32     -737.894343        0.019795
