      Step     Time          Energy          fmax
BFGS:    0 02:54:32     -654.963208        1.327664
BFGS:    1 02:54:32     -655.009651        0.516886
BFGS:    2 02:54:32     -655.024927        0.348741
BFGS:    3 02:54:32     -655.031362        0.288594
BFGS:    4 02:54:32     -655.035130        0.127154
BFGS:    5 02:54:32     -655.036544        0.107998
BFGS:    6 02:54:32     -655.037628        0.081928
BFGS:    7 02:54:32     -655.038068        0.074386
BFGS:    8 02:54:32     -655.038356        0.051085
BFGS:    9 02:54:32     -655.038545        0.044342
BFGS:   10 02:54:32     -655.038711        0.046315
BFGS:   11 02:54:32     -655.038898        0.042991
BFGS:   12 02:54:32     -655.039153        0.052600
BFGS:   13 02:54:32     -655.039442        0.047654
BFGS:   14 02:54:32     -655.039690        0.040906
BFGS:   15 02:54:32     -655.039886        0.039267
BFGS:   16 02:54:32     -655.040071        0.041525
BFGS:   17 02:54:32     -655.040245        0.043541
BFGS:   18 02:54:32     -655.040361        0.027739
BFGS:   19 02:54:32     -655.040416        0.021746
