      Step     Time          Energy          fmax
BFGS:    0 03:00:25     -655.040416        0.021770
BFGS:    1 03:00:25     -655.040438        0.019765
BFGS:    2 03:00:25     -655.040545        0.018498
BFGS:    3 03:00:25     -655.040564        0.015745
BFGS:    4 03:00:25     -655.040613        0.015687
BFGS:    5 03:00:25     -655.040637        0.012517
BFGS:    6 03:00:25     -655.040657        0.011758
BFGS:    7 03:00:25     -655.040668        0.009483
BFGS:    8 03:00:25     -655.040679        0.010224
BFGS:    9 03:00:25     -655.040687        0.007489
BFGS:   10 03:00:25     -655.040693        0.007155
BFGS:   11 03:00:25     -655.040698        0.006945
BFGS:   12 03:00:25     -655.040706        0.012077
BFGS:   13 03:00:25     -655.040716        0.013269
BFGS:   14 03:00:25     -655.040727        0.010767
BFGS:   15 03:00:25     -655.040737        0.010611
BFGS:   16 03:00:25     -655.040746        0.009667
BFGS:   17 03:00:25     -655.040757        0.013571
BFGS:   18 03:00:25     -655.040767        0.011597
BFGS:   19 03:00:25     -655.040775        0.006810
BFGS:   20 03:00:25     -655.040779        0.005213
BFGS:   21 03:00:25     -655.040782        0.006404
BFGS:   22 03:00:25     -655.040785        0.006268
BFGS:   23 03:00:25     -655.040788        0.004650
