      Step     Time          Energy          fmax
BFGS:    0 02:55:01    -1134.802073        0.720060
BFGS:    1 02:55:01    -1134.808687        0.605153
BFGS:    2 02:55:01    -1134.811547        0.198025
BFGS:    3 02:55:01    -1134.813068        0.135361
BFGS:    4 02:55:01    -1134.815505        0.188449
BFGS:    5 02:55:01    -1134.817376        0.165220
BFGS:    6 02:55:01    -1134.819087        0.109693
BFGS:    7 02:55:01    -1134.821245        0.110770
BFGS:    8 02:55:01    -1134.823472        0.122656
BFGS:    9 02:55:01    -1134.825342        0.098504
BFGS:   10 02:55:01    -1134.826715        0.073907
BFGS:   11 02:55:01    -1134.827822        0.072822
BFGS:   12 02:55:01    -1134.828817        0.077554
BFGS:   13 02:55:01    -1134.829636        0.059231
BFGS:   14 02:55:01    -1134.830282        0.066473
BFGS:   15 02:55:01    -1134.830955        0.070417
BFGS:   16 02:55:01    -1134.831824        0.076040
BFGS:   17 02:55:01    -1134.832882        0.077594
BFGS:   18 02:55:01    -1134.833939        0.082658
BFGS:   19 02:55:01    -1134.834810        0.066095
BFGS:   20 02:55:01    -1134.835490        0.068652
BFGS:   21 02:55:01    -1134.836075        0.066993
BFGS:   22 02:55:01    -1134.836591        0.063751
BFGS:   23 02:55:01    -1134.837026        0.052817
BFGS:   24 02:55:01    -1134.837444        0.044596
BFGS:   25 02:55:01    -1134.837878        0.055144
BFGS:   26 02:55:01    -1134.838366        0.055098
BFGS:   27 02:55:01    -1134.838872        0.056509
BFGS:   28 02:55:01    -1134.839341        0.047488
BFGS:   29 02:55:01    -1134.839755        0.042254
BFGS:   30 02:55:01    -1134.840128        0.040721
BFGS:   31 02:55:01    -1134.840473        0.039887
BFGS:   32 02:55:01    -1134.840795        0.043829
BFGS:   33 02:55:01    -1134.841097        0.035922
BFGS:   34 02:55:01    -1134.841387        0.036988
BFGS:   35 02:55:01    -1134.841677        0.034910
BFGS:   36 02:55:01    -1134.841970        0.048171
BFGS:   37 02:55:01    -1134.842281        0.052830
BFGS:   38 02:55:01    -1134.842658        0.051357
BFGS:   39 02:55:01    -1134.843182        0.060665
BFGS:   40 02:55:01    -1134.843956        0.068356
BFGS:   41 02:55:01    -1134.845046        0.092372
BFGS:   42 02:55:01    -1134.846414        0.108800
BFGS:   43 02:55:01    -1134.847806        0.106359
BFGS:   44 02:55:01    -1134.848705        0.183777
BFGS:   45 02:55:01    -1134.849967        0.087134
BFGS:   46 02:55:01    -1134.850966        0.081372
BFGS:   47 02:55:01    -1134.852847        0.108551
BFGS:   48 02:55:01    -1134.853807        0.101320
BFGS:   49 02:55:01    -1134.855118        0.070249
BFGS:   50 02:55:01    -1134.856126        0.063215
BFGS:   51 02:55:01    -1134.857003        0.074254
BFGS:   52 02:55:01    -1134.857796        0.155756
BFGS:   53 02:55:01    -1134.858498        0.104966
BFGS:   54 02:55:01    -1134.859516        0.080188
BFGS:   55 02:55:01    -1134.860641        0.079775
BFGS:   56 02:55:01    -1134.861422        0.076770
BFGS:   57 02:55:01    -1134.862413        0.081363
BFGS:   58 02:55:01    -1134.863452        0.095445
BFGS:   59 02:55:02    -1134.864673        0.133229
BFGS:   60 02:55:02    -1134.866043        0.133013
BFGS:   61 02:55:02    -1134.867810        0.168432
BFGS:   62 02:55:02    -1134.869695        0.099035
BFGS:   63 02:55:02    -1134.871378        0.129236
BFGS:   64 02:55:02    -1134.872739        0.097322
BFGS:   65 02:55:02    -1134.874139        0.080615
BFGS:   66 02:55:02    -1134.875591        0.067229
BFGS:   67 02:55:02    -1134.876466        0.059774
BFGS:   68 02:55:02    -1134.877203        0.069947
BFGS:   69 02:55:02    -1134.878200        0.093643
BFGS:   70 02:55:02    -1134.879681        0.108695
BFGS:   71 02:55:02    -1134.881371        0.092141
BFGS:   72 02:55:02    -1134.882761        0.094222
BFGS:   73 02:55:02    -1134.883740        0.096085
BFGS:   74 02:55:02    -1134.884624        0.093172
BFGS:   75 02:55:02    -1134.885921        0.069644
BFGS:   76 02:55:02    -1134.887272        0.076694
BFGS:   77 02:55:02    -1134.888245        0.062573
BFGS:   78 02:55:02    -1134.889042        0.061437
BFGS:   79 02:55:02    -1134.889779        0.061665
BFGS:   80 02:55:02    -1134.890460        0.060898
BFGS:   81 02:55:02    -1134.891067        0.052382
BFGS:   82 02:55:02    -1134.891598        0.054176
BFGS:   83 02:55:02    -1134.892022        0.057285
BFGS:   84 02:55:02    -1134.892311        0.040547
BFGS:   85 02:55:02    -1134.892470        0.023543
