      Step     Time          Energy          fmax
BFGS:    0 02:55:00    -1134.785303        0.679437
BFGS:    1 02:55:00    -1134.791669        0.591257
BFGS:    2 02:55:00    -1134.794484        0.205301
BFGS:    3 02:55:00    -1134.796061        0.134409
BFGS:    4 02:55:00    -1134.798480        0.192174
BFGS:    5 02:55:00    -1134.800306        0.167664
BFGS:    6 02:55:00    -1134.801812        0.111064
BFGS:    7 02:55:00    -1134.803411        0.100692
BFGS:    8 02:55:00    -1134.805023        0.110902
BFGS:    9 02:55:00    -1134.806400        0.092963
BFGS:   10 02:55:00    -1134.807346        0.075281
BFGS:   11 02:55:00    -1134.807956        0.067937
BFGS:   12 02:55:00    -1134.808442        0.065569
BFGS:   13 02:55:00    -1134.808881        0.051308
BFGS:   14 02:55:00    -1134.809278        0.051374
BFGS:   15 02:55:00    -1134.809708        0.064792
BFGS:   16 02:55:00    -1134.810262        0.068893
BFGS:   17 02:55:00    -1134.810942        0.066008
BFGS:   18 02:55:00    -1134.811618        0.056912
BFGS:   19 02:55:00    -1134.812163        0.054596
BFGS:   20 02:55:00    -1134.812617        0.053193
BFGS:   21 02:55:00    -1134.813100        0.065782
BFGS:   22 02:55:00    -1134.813573        0.068574
BFGS:   23 02:55:00    -1134.813935        0.062622
BFGS:   24 02:55:00    -1134.814229        0.057156
BFGS:   25 02:55:00    -1134.814590        0.054559
BFGS:   26 02:55:00    -1134.815140        0.069973
BFGS:   27 02:55:00    -1134.815918        0.077127
BFGS:   28 02:55:00    -1134.816765        0.060464
BFGS:   29 02:55:00    -1134.817479        0.052754
BFGS:   30 02:55:00    -1134.818003        0.053832
BFGS:   31 02:55:00    -1134.818418        0.048331
BFGS:   32 02:55:00    -1134.818735        0.034291
BFGS:   33 02:55:00    -1134.818953        0.032069
BFGS:   34 02:55:00    -1134.819121        0.032627
BFGS:   35 02:55:00    -1134.819272        0.028508
BFGS:   36 02:55:00    -1134.819426        0.030861
BFGS:   37 02:55:00    -1134.819598        0.032847
BFGS:   38 02:55:00    -1134.819819        0.039948
BFGS:   39 02:55:00    -1134.820143        0.045459
BFGS:   40 02:55:00    -1134.820602        0.050333
BFGS:   41 02:55:00    -1134.821132        0.049197
BFGS:   42 02:55:00    -1134.821595        0.049526
BFGS:   43 02:55:00    -1134.821997        0.046906
BFGS:   44 02:55:00    -1134.822398        0.054003
BFGS:   45 02:55:00    -1134.822763        0.049879
BFGS:   46 02:55:00    -1134.823124        0.043587
BFGS:   47 02:55:01    -1134.823480        0.041154
BFGS:   48 02:55:01    -1134.823806        0.044316
BFGS:   49 02:55:01    -1134.824123        0.040306
BFGS:   50 02:55:01    -1134.824449        0.034785
BFGS:   51 02:55:01    -1134.824737        0.053841
BFGS:   52 02:55:01    -1134.824968        0.039042
BFGS:   53 02:55:01    -1134.825189        0.033057
BFGS:   54 02:55:01    -1134.825422        0.038532
BFGS:   55 02:55:01    -1134.825691        0.040964
BFGS:   56 02:55:01    -1134.826072        0.051516
BFGS:   57 02:55:01    -1134.826547        0.050307
BFGS:   58 02:55:01    -1134.827063        0.051389
BFGS:   59 02:55:01    -1134.827609        0.054976
BFGS:   60 02:55:01    -1134.828260        0.060702
BFGS:   61 02:55:01    -1134.829138        0.088061
BFGS:   62 02:55:01    -1134.830369        0.117152
BFGS:   63 02:55:01    -1134.832044        0.131944
BFGS:   64 02:55:01    -1134.834207        0.129813
BFGS:   65 02:55:01    -1134.836982        0.136650
BFGS:   66 02:55:01    -1134.839486        0.134710
BFGS:   67 02:55:01    -1134.838112        0.240299
BFGS:   68 02:55:01    -1134.842309        0.103216
BFGS:   69 02:55:01    -1134.843146        0.095808
BFGS:   70 02:55:01    -1134.844767        0.058113
BFGS:   71 02:55:01    -1134.846096        0.062801
BFGS:   72 02:55:01    -1134.846712        0.049857
BFGS:   73 02:55:01    -1134.847596        0.072199
BFGS:   74 02:55:01    -1134.848179        0.079266
BFGS:   75 02:55:01    -1134.848989        0.062656
BFGS:   76 02:55:01    -1134.849629        0.056219
BFGS:   77 02:55:01    -1134.850253        0.058689
BFGS:   78 02:55:01    -1134.850978        0.062340
BFGS:   79 02:55:01    -1134.851656        0.051276
BFGS:   80 02:55:01    -1134.852084        0.061988
BFGS:   81 02:55:01    -1134.852306        0.029521
BFGS:   82 02:55:01    -1134.852468        0.024338
