      Step     Time          Energy          fmax
BFGS:    0 02:54:59    -1134.586424        1.004205
BFGS:    1 02:54:59    -1134.610289        0.698412
BFGS:    2 02:54:59    -1134.625824        0.458316
BFGS:    3 02:54:59    -1134.642385        0.354831
BFGS:    4 02:54:59    -1134.662699        0.368387
BFGS:    5 02:54:59    -1134.681439        0.429240
BFGS:    6 02:54:59    -1134.712929        0.497361
BFGS:    7 02:54:59    -1134.743477        0.407637
BFGS:    8 02:54:59    -1134.768636        0.297818
BFGS:    9 02:54:59    -1134.784925        0.259070
BFGS:   10 02:54:59    -1134.795570        0.234690
BFGS:   11 02:54:59    -1134.802757        0.172291
BFGS:   12 02:54:59    -1134.808152        0.168786
BFGS:   13 02:54:59    -1134.811750        0.134353
BFGS:   14 02:54:59    -1134.813837        0.107512
BFGS:   15 02:54:59    -1134.815272        0.091400
BFGS:   16 02:54:59    -1134.816497        0.076686
BFGS:   17 02:54:59    -1134.817565        0.074608
BFGS:   18 02:54:59    -1134.818551        0.074667
BFGS:   19 02:54:59    -1134.819680        0.088644
BFGS:   20 02:54:59    -1134.821156        0.117219
BFGS:   21 02:54:59    -1134.822841        0.126238
BFGS:   22 02:54:59    -1134.824279        0.086087
BFGS:   23 02:54:59    -1134.825323        0.075509
BFGS:   24 02:54:59    -1134.826313        0.087718
BFGS:   25 02:54:59    -1134.827531        0.094053
BFGS:   26 02:54:59    -1134.828922        0.116309
BFGS:   27 02:54:59    -1134.830212        0.099044
BFGS:   28 02:54:59    -1134.831239        0.085581
BFGS:   29 02:54:59    -1134.832138        0.094230
BFGS:   30 02:54:59    -1134.833012        0.070665
BFGS:   31 02:54:59    -1134.833727        0.067717
BFGS:   32 02:54:59    -1134.834240        0.051886
BFGS:   33 02:54:59    -1134.834731        0.059440
BFGS:   34 02:55:00    -1134.835377        0.059129
BFGS:   35 02:55:00    -1134.836170        0.077706
BFGS:   36 02:55:00    -1134.836969        0.082922
BFGS:   37 02:55:00    -1134.837681        0.072606
BFGS:   38 02:55:00    -1134.838361        0.060473
BFGS:   39 02:55:00    -1134.838986        0.058087
BFGS:   40 02:55:00    -1134.839448        0.043769
BFGS:   41 02:55:00    -1134.839770        0.046204
BFGS:   42 02:55:00    -1134.840089        0.049256
BFGS:   43 02:55:00    -1134.840487        0.057158
BFGS:   44 02:55:00    -1134.840922        0.044484
BFGS:   45 02:55:00    -1134.841273        0.038365
BFGS:   46 02:55:00    -1134.841529        0.034042
BFGS:   47 02:55:00    -1134.841782        0.035940
BFGS:   48 02:55:00    -1134.842087        0.040814
BFGS:   49 02:55:00    -1134.842414        0.048358
BFGS:   50 02:55:00    -1134.842705        0.040855
BFGS:   51 02:55:00    -1134.842964        0.033244
BFGS:   52 02:55:00    -1134.843239        0.046406
BFGS:   53 02:55:00    -1134.843573        0.051937
BFGS:   54 02:55:00    -1134.843967        0.060416
BFGS:   55 02:55:00    -1134.844393        0.047881
BFGS:   56 02:55:00    -1134.844826        0.057771
BFGS:   57 02:55:00    -1134.845262        0.053546
BFGS:   58 02:55:00    -1134.845716        0.068701
BFGS:   59 02:55:00    -1134.846263        0.089877
BFGS:   60 02:55:00    -1134.846875        0.062762
BFGS:   61 02:55:00    -1134.847539        0.067626
BFGS:   62 02:55:00    -1134.847998        0.036149
BFGS:   63 02:55:00    -1134.848270        0.043928
BFGS:   64 02:55:00    -1134.848497        0.040527
BFGS:   65 02:55:00    -1134.848701        0.027213
BFGS:   66 02:55:00    -1134.848825        0.028642
BFGS:   67 02:55:00    -1134.848909        0.025003
BFGS:   68 02:55:00    -1134.849005        0.026337
BFGS:   69 02:55:00    -1134.849179        0.033958
BFGS:   70 02:55:00    -1134.849497        0.049440
BFGS:   71 02:55:00    -1134.850011        0.059018
BFGS:   72 02:55:00    -1134.850587        0.052032
BFGS:   73 02:55:00    -1134.851122        0.053660
BFGS:   74 02:55:00    -1134.851697        0.057306
BFGS:   75 02:55:00    -1134.852126        0.062005
BFGS:   76 02:55:00    -1134.852537        0.045095
BFGS:   77 02:55:00    -1134.852791        0.039387
BFGS:   78 02:55:00    -1134.852923        0.029993
BFGS:   79 02:55:00    -1134.853055        0.024828
