      Step     Time          Energy          fmax
BFGS:    0 03:01:12    -1134.892470        0.023538
BFGS:    1 03:01:12    -1134.892530        0.022207
BFGS:    2 03:01:12    -1134.892699        0.037166
BFGS:    3 03:01:12    -1134.892756        0.039415
BFGS:    4 03:01:12    -1134.892870        0.046453
BFGS:    5 03:01:12    -1134.893296        0.043640
BFGS:    6 03:01:12    -1134.893515        0.043084
BFGS:    7 03:01:12    -1134.893859        0.044344
BFGS:    8 03:01:12    -1134.894153        0.044858
BFGS:    9 03:01:12    -1134.894474        0.036931
BFGS:   10 03:01:12    -1134.894703        0.038539
BFGS:   11 03:01:12    -1134.894860        0.027157
BFGS:   12 03:01:12    -1134.894979        0.026065
BFGS:   13 03:01:12    -1134.895104        0.028236
BFGS:   14 03:01:12    -1134.895240        0.026429
BFGS:   15 03:01:12    -1134.895367        0.029019
BFGS:   16 03:01:12    -1134.895474        0.027311
BFGS:   17 03:01:12    -1134.895572        0.025177
BFGS:   18 03:01:12    -1134.895677        0.026822
BFGS:   19 03:01:12    -1134.895775        0.026449
BFGS:   20 03:01:12    -1134.895848        0.018732
BFGS:   21 03:01:12    -1134.895905        0.016895
BFGS:   22 03:01:12    -1134.895969        0.018574
BFGS:   23 03:01:12    -1134.896062        0.028207
BFGS:   24 03:01:12    -1134.896185        0.033417
BFGS:   25 03:01:12    -1134.896324        0.029220
BFGS:   26 03:01:12    -1134.896456        0.023124
BFGS:   27 03:01:12    -1134.896581        0.023248
BFGS:   28 03:01:12    -1134.896698        0.022852
BFGS:   29 03:01:12    -1134.896800        0.023334
BFGS:   30 03:01:12    -1134.896883        0.022616
BFGS:   31 03:01:12    -1134.896961        0.019300
BFGS:   32 03:01:12    -1134.897045        0.020963
BFGS:   33 03:01:12    -1134.897139        0.024015
BFGS:   34 03:01:12    -1134.897241        0.027396
BFGS:   35 03:01:12    -1134.897352        0.025463
BFGS:   36 03:01:12    -1134.897474        0.030732
BFGS:   37 03:01:12    -1134.897603        0.034882
BFGS:   38 03:01:12    -1134.897739        0.039419
BFGS:   39 03:01:12    -1134.897891        0.040313
BFGS:   40 03:01:12    -1134.898078        0.029712
BFGS:   41 03:01:12    -1134.898290        0.031991
BFGS:   42 03:01:12    -1134.898495        0.034162
BFGS:   43 03:01:12    -1134.898664        0.033756
BFGS:   44 03:01:12    -1134.898809        0.028741
BFGS:   45 03:01:12    -1134.898926        0.026602
BFGS:   46 03:01:12    -1134.899012        0.023654
BFGS:   47 03:01:12    -1134.899087        0.022864
BFGS:   48 03:01:12    -1134.899176        0.023399
BFGS:   49 03:01:12    -1134.899270        0.028222
BFGS:   50 03:01:12    -1134.899376        0.024679
BFGS:   51 03:01:12    -1134.899459        0.019632
BFGS:   52 03:01:12    -1134.899531        0.018805
BFGS:   53 03:01:12    -1134.899620        0.026678
BFGS:   54 03:01:12    -1134.899758        0.037663
BFGS:   55 03:01:12    -1134.899939        0.042494
BFGS:   56 03:01:12    -1134.900143        0.036867
BFGS:   57 03:01:12    -1134.900357        0.036912
BFGS:   58 03:01:12    -1134.900583        0.034719
BFGS:   59 03:01:12    -1134.900840        0.039938
BFGS:   60 03:01:12    -1134.901061        0.042141
BFGS:   61 03:01:13    -1134.901185        0.047133
BFGS:   62 03:01:13    -1134.901402        0.029968
BFGS:   63 03:01:13    -1134.901592        0.042945
BFGS:   64 03:01:13    -1134.901778        0.044576
BFGS:   65 03:01:13    -1134.902018        0.038917
BFGS:   66 03:01:13    -1134.902254        0.034072
BFGS:   67 03:01:13    -1134.902475        0.034986
BFGS:   68 03:01:13    -1134.902697        0.032495
BFGS:   69 03:01:13    -1134.902839        0.060580
BFGS:   70 03:01:13    -1134.903109        0.050248
BFGS:   71 03:01:13    -1134.903355        0.028927
BFGS:   72 03:01:13    -1134.903627        0.028930
BFGS:   73 03:01:13    -1134.903773        0.030252
BFGS:   74 03:01:13    -1134.904023        0.032749
BFGS:   75 03:01:13    -1134.904301        0.064518
BFGS:   76 03:01:13    -1134.904663        0.068098
BFGS:   77 03:01:13    -1134.904907        0.046537
BFGS:   78 03:01:13    -1134.905370        0.028256
BFGS:   79 03:01:13    -1134.905506        0.022086
BFGS:   80 03:01:13    -1134.905692        0.024551
BFGS:   81 03:01:13    -1134.905788        0.019696
BFGS:   82 03:01:13    -1134.905882        0.021564
BFGS:   83 03:01:13    -1134.905958        0.015738
BFGS:   84 03:01:13    -1134.906031        0.017002
BFGS:   85 03:01:13    -1134.906094        0.019287
BFGS:   86 03:01:13    -1134.906184        0.025801
BFGS:   87 03:01:13    -1134.906292        0.026339
BFGS:   88 03:01:13    -1134.906455        0.022405
BFGS:   89 03:01:13    -1134.906604        0.020417
BFGS:   90 03:01:13    -1134.906731        0.020199
BFGS:   91 03:01:13    -1134.906817        0.021566
BFGS:   92 03:01:13    -1134.906895        0.017714
BFGS:   93 03:01:13    -1134.906976        0.016849
BFGS:   94 03:01:13    -1134.907049        0.017316
BFGS:   95 03:01:13    -1134.907115        0.020652
BFGS:   96 03:01:13    -1134.907180        0.018381
BFGS:   97 03:01:13    -1134.907258        0.018438
BFGS:   98 03:01:13    -1134.907362        0.024762
BFGS:   99 03:01:13    -1134.907501        0.033876
BFGS:  100 03:01:13    -1134.907673        0.041472
BFGS:  101 03:01:13    -1134.907892        0.041158
BFGS:  102 03:01:13    -1134.908169        0.037980
BFGS:  103 03:01:13    -1134.908470        0.030968
BFGS:  104 03:01:13    -1134.908700        0.039805
BFGS:  105 03:01:13    -1134.908838        0.078935
BFGS:  106 03:01:13    -1134.909101        0.041452
BFGS:  107 03:01:13    -1134.909429        0.049332
BFGS:  108 03:01:13    -1134.909703        0.054508
BFGS:  109 03:01:13    -1134.909943        0.045957
BFGS:  110 03:01:13    -1134.910126        0.031425
BFGS:  111 03:01:13    -1134.910286        0.033705
BFGS:  112 03:01:13    -1134.910412        0.025174
BFGS:  113 03:01:13    -1134.910486        0.023071
BFGS:  114 03:01:13    -1134.910582        0.021180
BFGS:  115 03:01:13    -1134.910687        0.021340
BFGS:  116 03:01:13    -1134.910772        0.026087
BFGS:  117 03:01:13    -1134.910849        0.024249
BFGS:  118 03:01:13    -1134.910910        0.016424
BFGS:  119 03:01:13    -1134.910983        0.011713
BFGS:  120 03:01:13    -1134.911027        0.011265
BFGS:  121 03:01:13    -1134.911053        0.011295
BFGS:  122 03:01:13    -1134.911077        0.009782
BFGS:  123 03:01:13    -1134.911109        0.009066
BFGS:  124 03:01:13    -1134.911148        0.010647
BFGS:  125 03:01:13    -1134.911183        0.010029
BFGS:  126 03:01:13    -1134.911206        0.009249
BFGS:  127 03:01:13    -1134.911221        0.007351
