      Step     Time          Energy          fmax
BFGS:    0 03:01:09    -1134.853055        0.024839
BFGS:    1 03:01:09    -1134.853112        0.020358
BFGS:    2 03:01:09    -1134.853243        0.042332
BFGS:    3 03:01:09    -1134.853311        0.043151
BFGS:    4 03:01:09    -1134.853447        0.052911
BFGS:    5 03:01:09    -1134.853731        0.051057
BFGS:    6 03:01:09    -1134.853869        0.033669
BFGS:    7 03:01:09    -1134.854078        0.035609
BFGS:    8 03:01:09    -1134.854243        0.047153
BFGS:    9 03:01:09    -1134.854405        0.037414
BFGS:   10 03:01:09    -1134.854535        0.030246
BFGS:   11 03:01:09    -1134.854659        0.025163
BFGS:   12 03:01:09    -1134.854762        0.030007
BFGS:   13 03:01:09    -1134.854845        0.025225
BFGS:   14 03:01:09    -1134.854923        0.026624
BFGS:   15 03:01:09    -1134.855016        0.032406
BFGS:   16 03:01:09    -1134.855126        0.032912
BFGS:   17 03:01:09    -1134.855242        0.024347
BFGS:   18 03:01:10    -1134.855361        0.028693
BFGS:   19 03:01:10    -1134.855496        0.027491
BFGS:   20 03:01:10    -1134.855660        0.031225
BFGS:   21 03:01:10    -1134.855825        0.027471
BFGS:   22 03:01:10    -1134.855952        0.023352
BFGS:   23 03:01:10    -1134.856044        0.021655
BFGS:   24 03:01:10    -1134.856128        0.025533
BFGS:   25 03:01:10    -1134.856220        0.028394
BFGS:   26 03:01:10    -1134.856309        0.022970
BFGS:   27 03:01:10    -1134.856390        0.020762
BFGS:   28 03:01:10    -1134.856474        0.027395
BFGS:   29 03:01:10    -1134.856582        0.031663
BFGS:   30 03:01:10    -1134.856721        0.030994
BFGS:   31 03:01:10    -1134.856878        0.031862
BFGS:   32 03:01:10    -1134.857040        0.024748
BFGS:   33 03:01:10    -1134.857207        0.035170
BFGS:   34 03:01:10    -1134.857382        0.036386
BFGS:   35 03:01:10    -1134.857541        0.031627
BFGS:   36 03:01:10    -1134.857672        0.026398
BFGS:   37 03:01:10    -1134.857784        0.022429
BFGS:   38 03:01:10    -1134.857893        0.026622
BFGS:   39 03:01:10    -1134.857988        0.025466
BFGS:   40 03:01:10    -1134.858055        0.020907
BFGS:   41 03:01:10    -1134.858102        0.018074
BFGS:   42 03:01:10    -1134.858148        0.018085
BFGS:   43 03:01:10    -1134.858203        0.022070
BFGS:   44 03:01:10    -1134.858258        0.018723
BFGS:   45 03:01:10    -1134.858300        0.015167
BFGS:   46 03:01:10    -1134.858337        0.014739
BFGS:   47 03:01:10    -1134.858382        0.016397
BFGS:   48 03:01:10    -1134.858451        0.027074
BFGS:   49 03:01:10    -1134.858549        0.032926
BFGS:   50 03:01:10    -1134.858678        0.030671
BFGS:   51 03:01:10    -1134.858830        0.038168
BFGS:   52 03:01:10    -1134.859010        0.040636
BFGS:   53 03:01:10    -1134.859230        0.037528
BFGS:   54 03:01:10    -1134.859499        0.040099
BFGS:   55 03:01:10    -1134.859816        0.043349
BFGS:   56 03:01:10    -1134.860194        0.046660
BFGS:   57 03:01:10    -1134.860662        0.056268
BFGS:   58 03:01:10    -1134.861201        0.062898
BFGS:   59 03:01:10    -1134.861211        0.146453
BFGS:   60 03:01:10    -1134.862191        0.070904
BFGS:   61 03:01:10    -1134.862676        0.050443
BFGS:   62 03:01:10    -1134.863715        0.067881
BFGS:   63 03:01:10    -1134.864176        0.045203
BFGS:   64 03:01:10    -1134.864829        0.065065
BFGS:   65 03:01:10    -1134.864988        0.041959
BFGS:   66 03:01:10    -1134.865291        0.042112
BFGS:   67 03:01:10    -1134.865510        0.048819
BFGS:   68 03:01:10    -1134.865838        0.056337
BFGS:   69 03:01:10    -1134.866136        0.067328
BFGS:   70 03:01:10    -1134.866490        0.061790
BFGS:   71 03:01:10    -1134.866932        0.039245
BFGS:   72 03:01:10    -1134.867208        0.088152
BFGS:   73 03:01:10    -1134.867643        0.038099
BFGS:   74 03:01:10    -1134.867867        0.035962
BFGS:   75 03:01:10    -1134.868212        0.093558
BFGS:   76 03:01:10    -1134.868468        0.029216
BFGS:   77 03:01:10    -1134.868596        0.022022
BFGS:   78 03:01:10    -1134.868780        0.027668
BFGS:   79 03:01:10    -1134.868844        0.016516
BFGS:   80 03:01:10    -1134.868940        0.022486
BFGS:   81 03:01:10    -1134.869058        0.024062
BFGS:   82 03:01:10    -1134.869145        0.021483
BFGS:   83 03:01:10    -1134.869222        0.022857
BFGS:   84 03:01:10    -1134.869352        0.026797
BFGS:   85 03:01:10    -1134.869547        0.039449
BFGS:   86 03:01:10    -1134.869839        0.042718
BFGS:   87 03:01:10    -1134.870321        0.056374
BFGS:   88 03:01:10    -1134.870975        0.079569
BFGS:   89 03:01:10    -1134.871770        0.065372
BFGS:   90 03:01:10    -1134.872298        0.071467
BFGS:   91 03:01:10    -1134.873044        0.070770
BFGS:   92 03:01:10    -1134.873636        0.075215
BFGS:   93 03:01:10    -1134.874363        0.080156
BFGS:   94 03:01:10    -1134.874885        0.082722
BFGS:   95 03:01:10    -1134.875444        0.050293
BFGS:   96 03:01:10    -1134.876148        0.056338
BFGS:   97 03:01:10    -1134.876591        0.056322
BFGS:   98 03:01:10    -1134.877116        0.115029
BFGS:   99 03:01:10    -1134.877758        0.130770
BFGS:  100 03:01:10    -1134.878490        0.079070
BFGS:  101 03:01:10    -1134.879341        0.075205
BFGS:  102 03:01:10    -1134.880117        0.087268
BFGS:  103 03:01:10    -1134.880452        0.101054
BFGS:  104 03:01:10    -1134.880998        0.055912
BFGS:  105 03:01:10    -1134.881405        0.044000
BFGS:  106 03:01:10    -1134.882130        0.061376
BFGS:  107 03:01:10    -1134.882874        0.075588
BFGS:  108 03:01:10    -1134.883467        0.096974
BFGS:  109 03:01:10    -1134.884260        0.110874
BFGS:  110 03:01:10    -1134.885269        0.076636
BFGS:  111 03:01:10    -1134.885346        0.160849
BFGS:  112 03:01:10    -1134.886515        0.062011
BFGS:  113 03:01:10    -1134.886925        0.042091
BFGS:  114 03:01:10    -1134.887974        0.078267
BFGS:  115 03:01:10    -1134.888415        0.070007
BFGS:  116 03:01:10    -1134.889239        0.056430
BFGS:  117 03:01:10    -1134.889796        0.068735
BFGS:  118 03:01:10    -1134.890419        0.055368
BFGS:  119 03:01:10    -1134.891273        0.099648
BFGS:  120 03:01:10    -1134.892271        0.161027
BFGS:  121 03:01:10    -1134.893561        0.080958
BFGS:  122 03:01:10    -1134.894879        0.091695
BFGS:  123 03:01:10    -1134.895776        0.096675
BFGS:  124 03:01:10    -1134.896929        0.091544
BFGS:  125 03:01:10    -1134.897602        0.120539
BFGS:  126 03:01:10    -1134.898593        0.057880
BFGS:  127 03:01:10    -1134.899062        0.067247
BFGS:  128 03:01:10    -1134.899391        0.046573
BFGS:  129 03:01:10    -1134.899598        0.041199
BFGS:  130 03:01:10    -1134.899809        0.039553
BFGS:  131 03:01:10    -1134.900045        0.042261
BFGS:  132 03:01:10    -1134.900292        0.073852
BFGS:  133 03:01:10    -1134.900540        0.034389
BFGS:  134 03:01:10    -1134.900763        0.030112
BFGS:  135 03:01:10    -1134.900929        0.042529
BFGS:  136 03:01:10    -1134.901086        0.036289
BFGS:  137 03:01:10    -1134.901378        0.045220
BFGS:  138 03:01:10    -1134.902146        0.072149
BFGS:  139 03:01:10    -1134.903369        0.101056
BFGS:  140 03:01:10    -1134.905155        0.121365
BFGS:  141 03:01:10    -1134.907225        0.103028
BFGS:  142 03:01:11    -1134.907684        0.223950
BFGS:  143 03:01:11    -1134.904984        0.249781
BFGS:  144 03:01:11    -1134.909775        0.052516
BFGS:  145 03:01:11    -1134.910336        0.084480
BFGS:  146 03:01:11    -1134.911662        0.128112
BFGS:  147 03:01:11    -1134.913970        0.167227
BFGS:  148 03:01:11    -1134.915666        0.111243
BFGS:  149 03:01:11    -1134.916892        0.101016
BFGS:  150 03:01:11    -1134.917760        0.049652
BFGS:  151 03:01:11    -1134.918074        0.046542
BFGS:  152 03:01:11    -1134.918291        0.037062
BFGS:  153 03:01:11    -1134.918408        0.033966
BFGS:  154 03:01:11    -1134.918570        0.025717
BFGS:  155 03:01:11    -1134.918696        0.014735
BFGS:  156 03:01:11    -1134.918766        0.027101
BFGS:  157 03:01:11    -1134.918814        0.027424
BFGS:  158 03:01:11    -1134.918865        0.024542
BFGS:  159 03:01:11    -1134.918941        0.019844
BFGS:  160 03:01:11    -1134.919036        0.020073
BFGS:  161 03:01:11    -1134.919131        0.017257
BFGS:  162 03:01:11    -1134.919214        0.017761
BFGS:  163 03:01:11    -1134.919283        0.017678
BFGS:  164 03:01:11    -1134.919340        0.015749
BFGS:  165 03:01:11    -1134.919381        0.018094
BFGS:  166 03:01:11    -1134.919410        0.016236
BFGS:  167 03:01:11    -1134.919437        0.012202
BFGS:  168 03:01:11    -1134.919464        0.011568
BFGS:  169 03:01:11    -1134.919486        0.009392
BFGS:  170 03:01:11    -1134.919500        0.008149
BFGS:  171 03:01:11    -1134.919511        0.007626
