      Step     Time          Energy          fmax
BFGS:    0 03:01:11    -1134.852468        0.024341
BFGS:    1 03:01:11    -1134.852530        0.022902
BFGS:    2 03:01:11    -1134.852666        0.026804
BFGS:    3 03:01:11    -1134.852730        0.036275
BFGS:    4 03:01:11    -1134.852836        0.026098
BFGS:    5 03:01:11    -1134.852961        0.023222
BFGS:    6 03:01:11    -1134.853039        0.025412
BFGS:    7 03:01:11    -1134.853152        0.028341
BFGS:    8 03:01:11    -1134.853254        0.025467
BFGS:    9 03:01:11    -1134.853342        0.021679
BFGS:   10 03:01:11    -1134.853423        0.021426
BFGS:   11 03:01:11    -1134.853537        0.034254
BFGS:   12 03:01:11    -1134.853707        0.039425
BFGS:   13 03:01:11    -1134.853915        0.036179
BFGS:   14 03:01:11    -1134.854118        0.034192
BFGS:   15 03:01:11    -1134.854312        0.037018
BFGS:   16 03:01:11    -1134.854533        0.039253
BFGS:   17 03:01:11    -1134.854788        0.041927
BFGS:   18 03:01:11    -1134.855021        0.027433
BFGS:   19 03:01:11    -1134.855190        0.024986
BFGS:   20 03:01:11    -1134.855323        0.030394
BFGS:   21 03:01:11    -1134.855461        0.033038
BFGS:   22 03:01:11    -1134.855598        0.026519
BFGS:   23 03:01:11    -1134.855706        0.018158
BFGS:   24 03:01:11    -1134.855788        0.019311
BFGS:   25 03:01:11    -1134.855871        0.023537
BFGS:   26 03:01:11    -1134.855965        0.026099
BFGS:   27 03:01:11    -1134.856058        0.021102
BFGS:   28 03:01:11    -1134.856142        0.020571
BFGS:   29 03:01:11    -1134.856219        0.018541
BFGS:   30 03:01:11    -1134.856296        0.022363
BFGS:   31 03:01:11    -1134.856374        0.024392
BFGS:   32 03:01:11    -1134.856453        0.023843
BFGS:   33 03:01:11    -1134.856545        0.024540
BFGS:   34 03:01:11    -1134.856665        0.027669
BFGS:   35 03:01:11    -1134.856807        0.035415
BFGS:   36 03:01:11    -1134.856946        0.036687
BFGS:   37 03:01:11    -1134.857064        0.029573
BFGS:   38 03:01:11    -1134.857175        0.024338
BFGS:   39 03:01:11    -1134.857305        0.029263
BFGS:   40 03:01:11    -1134.857470        0.033616
BFGS:   41 03:01:11    -1134.857668        0.031706
BFGS:   42 03:01:11    -1134.857899        0.037295
BFGS:   43 03:01:11    -1134.858186        0.049555
BFGS:   44 03:01:11    -1134.858537        0.054503
BFGS:   45 03:01:11    -1134.858926        0.053637
BFGS:   46 03:01:11    -1134.859302        0.054024
BFGS:   47 03:01:11    -1134.859428        0.097206
BFGS:   48 03:01:11    -1134.859946        0.041621
BFGS:   49 03:01:11    -1134.860290        0.037968
BFGS:   50 03:01:11    -1134.860824        0.043699
BFGS:   51 03:01:11    -1134.861025        0.042408
BFGS:   52 03:01:11    -1134.861325        0.036791
BFGS:   53 03:01:11    -1134.861638        0.036055
BFGS:   54 03:01:11    -1134.861976        0.056169
BFGS:   55 03:01:11    -1134.862320        0.061361
BFGS:   56 03:01:11    -1134.862692        0.051117
BFGS:   57 03:01:11    -1134.862739        0.120915
BFGS:   58 03:01:11    -1134.863393        0.041017
BFGS:   59 03:01:11    -1134.863813        0.042674
BFGS:   60 03:01:11    -1134.865064        0.084227
BFGS:   61 03:01:11    -1134.865772        0.084658
BFGS:   62 03:01:11    -1134.867277        0.065596
BFGS:   63 03:01:11    -1134.866050        0.253967
BFGS:   64 03:01:11    -1134.868512        0.050363
BFGS:   65 03:01:11    -1134.868945        0.042825
BFGS:   66 03:01:11    -1134.869545        0.123801
BFGS:   67 03:01:11    -1134.870059        0.055932
BFGS:   68 03:01:11    -1134.870370        0.037479
BFGS:   69 03:01:11    -1134.871196        0.059323
BFGS:   70 03:01:11    -1134.871510        0.045319
BFGS:   71 03:01:11    -1134.871823        0.048111
BFGS:   72 03:01:11    -1134.872129        0.042475
BFGS:   73 03:01:11    -1134.872313        0.035059
BFGS:   74 03:01:11    -1134.872519        0.030334
BFGS:   75 03:01:11    -1134.872671        0.041241
BFGS:   76 03:01:11    -1134.872813        0.033994
BFGS:   77 03:01:11    -1134.872967        0.037690
BFGS:   78 03:01:11    -1134.873207        0.039958
BFGS:   79 03:01:11    -1134.873647        0.052952
BFGS:   80 03:01:11    -1134.874403        0.071413
BFGS:   81 03:01:11    -1134.875451        0.082050
BFGS:   82 03:01:11    -1134.875230        0.208138
BFGS:   83 03:01:11    -1134.877372        0.070230
BFGS:   84 03:01:11    -1134.877839        0.043905
BFGS:   85 03:01:11    -1134.878253        0.051427
BFGS:   86 03:01:11    -1134.878438        0.037175
BFGS:   87 03:01:11    -1134.879023        0.039091
BFGS:   88 03:01:11    -1134.879429        0.036517
BFGS:   89 03:01:11    -1134.879800        0.039058
BFGS:   90 03:01:11    -1134.879927        0.093333
BFGS:   91 03:01:11    -1134.880604        0.048888
BFGS:   92 03:01:11    -1134.881348        0.068540
BFGS:   93 03:01:11    -1134.883199        0.065769
BFGS:   94 03:01:11    -1134.883927        0.058732
BFGS:   95 03:01:11    -1134.884430        0.061256
BFGS:   96 03:01:11    -1134.885014        0.059046
BFGS:   97 03:01:11    -1134.885637        0.095899
BFGS:   98 03:01:12    -1134.886538        0.058699
BFGS:   99 03:01:12    -1134.887343        0.061378
BFGS:  100 03:01:12    -1134.888014        0.060114
BFGS:  101 03:01:12    -1134.888663        0.054414
BFGS:  102 03:01:12    -1134.889322        0.070371
BFGS:  103 03:01:12    -1134.889573        0.115051
BFGS:  104 03:01:12    -1134.890591        0.034777
BFGS:  105 03:01:12    -1134.891138        0.034968
BFGS:  106 03:01:12    -1134.891601        0.039160
BFGS:  107 03:01:12    -1134.891754        0.035845
BFGS:  108 03:01:12    -1134.892150        0.056094
BFGS:  109 03:01:12    -1134.892602        0.056055
BFGS:  110 03:01:12    -1134.893052        0.043230
BFGS:  111 03:01:12    -1134.893467        0.040655
BFGS:  112 03:01:12    -1134.893827        0.040475
BFGS:  113 03:01:12    -1134.894118        0.040118
BFGS:  114 03:01:12    -1134.894337        0.051336
BFGS:  115 03:01:12    -1134.894583        0.037110
BFGS:  116 03:01:12    -1134.894869        0.026408
BFGS:  117 03:01:12    -1134.895060        0.029817
BFGS:  118 03:01:12    -1134.895337        0.029256
BFGS:  119 03:01:12    -1134.895509        0.029001
BFGS:  120 03:01:12    -1134.895697        0.039007
BFGS:  121 03:01:12    -1134.895952        0.040901
BFGS:  122 03:01:12    -1134.896258        0.039548
BFGS:  123 03:01:12    -1134.896584        0.070285
BFGS:  124 03:01:12    -1134.896880        0.065835
BFGS:  125 03:01:12    -1134.897293        0.048543
BFGS:  126 03:01:12    -1134.898058        0.065820
BFGS:  127 03:01:12    -1134.899362        0.090056
BFGS:  128 03:01:12    -1134.901332        0.114737
BFGS:  129 03:01:12    -1134.903123        0.133766
BFGS:  130 03:01:12    -1134.904624        0.068141
BFGS:  131 03:01:12    -1134.905819        0.095224
BFGS:  132 03:01:12    -1134.906203        0.051714
BFGS:  133 03:01:12    -1134.905637        0.160371
BFGS:  134 03:01:12    -1134.906619        0.038243
BFGS:  135 03:01:12    -1134.906734        0.025742
BFGS:  136 03:01:12    -1134.906926        0.032138
BFGS:  137 03:01:12    -1134.907124        0.031659
BFGS:  138 03:01:12    -1134.907300        0.024407
BFGS:  139 03:01:12    -1134.907463        0.021849
BFGS:  140 03:01:12    -1134.907599        0.030337
BFGS:  141 03:01:12    -1134.907749        0.024896
BFGS:  142 03:01:12    -1134.907899        0.028555
BFGS:  143 03:01:12    -1134.908013        0.019417
BFGS:  144 03:01:12    -1134.908087        0.025378
BFGS:  145 03:01:12    -1134.908151        0.024255
BFGS:  146 03:01:12    -1134.908236        0.020179
BFGS:  147 03:01:12    -1134.908390        0.021820
BFGS:  148 03:01:12    -1134.908512        0.023019
BFGS:  149 03:01:12    -1134.908654        0.022458
BFGS:  150 03:01:12    -1134.908818        0.029628
BFGS:  151 03:01:12    -1134.909052        0.038196
BFGS:  152 03:01:12    -1134.909383        0.046049
BFGS:  153 03:01:12    -1134.909775        0.080307
BFGS:  154 03:01:12    -1134.909544        0.146024
BFGS:  155 03:01:12    -1134.910550        0.058558
BFGS:  156 03:01:12    -1134.910897        0.061033
BFGS:  157 03:01:12    -1134.911608        0.040608
BFGS:  158 03:01:12    -1134.911857        0.044619
BFGS:  159 03:01:12    -1134.912164        0.048179
BFGS:  160 03:01:12    -1134.912340        0.022859
BFGS:  161 03:01:12    -1134.912419        0.015562
BFGS:  162 03:01:12    -1134.912471        0.013112
BFGS:  163 03:01:12    -1134.912504        0.012695
BFGS:  164 03:01:12    -1134.912524        0.009541
BFGS:  165 03:01:12    -1134.912541        0.007230
