      Step     Time          Energy          fmax
BFGS:    0 03:00:25     -454.617428        0.022323
BFGS:    1 03:00:25     -454.617457        0.017873
BFGS:    2 03:00:25     -454.617536        0.015525
BFGS:    3 03:00:25     -454.617556        0.016780
BFGS:    4 03:00:25     -454.617624        0.015703
BFGS:    5 03:00:25     -454.617649        0.009875
BFGS:    6 03:00:25     -454.617671        0.013017
BFGS:    7 03:00:25     -454.617694        0.013649
BFGS:    8 03:00:25     -454.617731        0.014980
BFGS:    9 03:00:25     -454.617770        0.014901
BFGS:   10 03:00:25     -454.617805        0.014213
BFGS:   11 03:00:25     -454.617837        0.013812
BFGS:   12 03:00:25     -454.617873        0.014631
BFGS:   13 03:00:25     -454.617913        0.014451
BFGS:   14 03:00:25     -454.617953        0.012883
BFGS:   15 03:00:25     -454.617989        0.017786
BFGS:   16 03:00:25     -454.618023        0.018676
BFGS:   17 03:00:25     -454.618047        0.011199
BFGS:   18 03:00:25     -454.618059        0.005020
BFGS:   19 03:00:25     -454.618063        0.004038
