      Step     Time          Energy          fmax
BFGS:    0 02:55:03     -617.597783        0.606223
BFGS:    1 02:55:03     -617.602487        0.503063
BFGS:    2 02:55:03     -617.605469        0.311496
BFGS:    3 02:55:03     -617.609052        0.205326
BFGS:    4 02:55:03     -617.614369        0.274601
BFGS:    5 02:55:03     -617.617590        0.172289
BFGS:    6 02:55:03     -617.621796        0.168563
BFGS:    7 02:55:03     -617.626382        0.216364
BFGS:    8 02:55:03     -617.631087        0.205337
BFGS:    9 02:55:03     -617.634092        0.132312
BFGS:   10 02:55:03     -617.635551        0.104184
BFGS:   11 02:55:03     -617.636346        0.078145
BFGS:   12 02:55:03     -617.637107        0.087936
BFGS:   13 02:55:03     -617.637753        0.076641
BFGS:   14 02:55:03     -617.638229        0.072353
BFGS:   15 02:55:03     -617.638620        0.057729
BFGS:   16 02:55:03     -617.639046        0.053589
BFGS:   17 02:55:03     -617.639524        0.063493
BFGS:   18 02:55:03     -617.639984        0.065266
BFGS:   19 02:55:03     -617.640350        0.058405
BFGS:   20 02:55:03     -617.640603        0.059030
BFGS:   21 02:55:03     -617.640783        0.043008
BFGS:   22 02:55:03     -617.640931        0.041689
BFGS:   23 02:55:03     -617.641077        0.039717
BFGS:   24 02:55:03     -617.641232        0.041314
BFGS:   25 02:55:03     -617.641381        0.036960
BFGS:   26 02:55:03     -617.641502        0.029931
BFGS:   27 02:55:03     -617.641602        0.026572
BFGS:   28 02:55:03     -617.641699        0.025246
BFGS:   29 02:55:03     -617.641796        0.025992
BFGS:   30 02:55:03     -617.641889        0.027908
BFGS:   31 02:55:03     -617.641984        0.029850
BFGS:   32 02:55:03     -617.642107        0.033258
BFGS:   33 02:55:03     -617.642277        0.037055
BFGS:   34 02:55:03     -617.642476        0.042623
BFGS:   35 02:55:03     -617.642662        0.038040
BFGS:   36 02:55:03     -617.642831        0.035803
BFGS:   37 02:55:03     -617.643043        0.044763
BFGS:   38 02:55:03     -617.643395        0.062860
BFGS:   39 02:55:03     -617.643985        0.080735
BFGS:   40 02:55:03     -617.644839        0.106593
BFGS:   41 02:55:03     -617.645987        0.103568
BFGS:   42 02:55:03     -617.647007        0.230765
BFGS:   43 02:55:03     -617.646250        0.267943
BFGS:   44 02:55:03     -617.648803        0.166039
BFGS:   45 02:55:03     -617.649133        0.057780
BFGS:   46 02:55:03     -617.650173        0.056928
BFGS:   47 02:55:03     -617.650928        0.202947
BFGS:   48 02:55:03     -617.651811        0.127200
BFGS:   49 02:55:03     -617.653666        0.184010
BFGS:   50 02:55:03     -617.654432        0.168119
BFGS:   51 02:55:03     -617.655294        0.122631
BFGS:   52 02:55:03     -617.655889        0.104429
BFGS:   53 02:55:03     -617.656572        0.075029
BFGS:   54 02:55:03     -617.656855        0.077670
BFGS:   55 02:55:03     -617.657198        0.060761
BFGS:   56 02:55:03     -617.657917        0.078122
BFGS:   57 02:55:03     -617.658319        0.115655
BFGS:   58 02:55:03     -617.659352        0.146036
BFGS:   59 02:55:03     -617.656241        0.644239
BFGS:   60 02:55:03     -617.660905        0.061593
BFGS:   61 02:55:03     -617.661558        0.065819
BFGS:   62 02:55:03     -617.663080        0.211124
BFGS:   63 02:55:03     -617.663873        0.064234
BFGS:   64 02:55:03     -617.665627        0.127647
BFGS:   65 02:55:03     -617.664365        0.619851
BFGS:   66 02:55:03     -617.668464        0.177547
BFGS:   67 02:55:03     -617.670115        0.126576
BFGS:   68 02:55:03     -617.666741        0.704744
BFGS:   69 02:55:03     -617.671688        0.096373
BFGS:   70 02:55:03     -617.672636        0.063625
BFGS:   71 02:55:03     -617.672594        0.552852
BFGS:   72 02:55:03     -617.674957        0.065844
BFGS:   73 02:55:03     -617.675939        0.073541
BFGS:   74 02:55:03     -617.677350        0.407614
BFGS:   75 02:55:03     -617.678957        0.069060
BFGS:   76 02:55:03     -617.679780        0.073968
BFGS:   77 02:55:03     -617.681214        0.131579
BFGS:   78 02:55:03     -617.681933        0.055098
BFGS:   79 02:55:03     -617.682869        0.092846
BFGS:   80 02:55:03     -617.683555        0.070871
BFGS:   81 02:55:03     -617.684101        0.087688
BFGS:   82 02:55:03     -617.684484        0.063264
BFGS:   83 02:55:03     -617.684898        0.075528
BFGS:   84 02:55:03     -617.685404        0.104242
BFGS:   85 02:55:03     -617.686019        0.069919
BFGS:   86 02:55:03     -617.686571        0.078476
BFGS:   87 02:55:03     -617.687227        0.113145
BFGS:   88 02:55:03     -617.688186        0.135671
BFGS:   89 02:55:03     -617.689674        0.228186
BFGS:   90 02:55:03     -617.691299        0.156168
BFGS:   91 02:55:03     -617.692855        0.104886
BFGS:   92 02:55:03     -617.693406        0.071779
BFGS:   93 02:55:03     -617.693822        0.050552
BFGS:   94 02:55:03     -617.694038        0.039672
BFGS:   95 02:55:03     -617.694344        0.033901
BFGS:   96 02:55:03     -617.694561        0.042202
BFGS:   97 02:55:03     -617.694799        0.043860
BFGS:   98 02:55:03     -617.695163        0.082361
BFGS:   99 02:55:03     -617.695887        0.085145
BFGS:  100 02:55:03     -617.697346        0.135553
