      Step     Time          Energy          fmax
BFGS:    0 03:01:15     -617.697346        0.135721
BFGS:    1 03:01:15     -617.697948        0.087299
BFGS:    2 03:01:15     -617.698483        0.083639
BFGS:    3 03:01:15     -617.699252        0.073522
BFGS:    4 03:01:15     -617.699596        0.046773
BFGS:    5 03:01:15     -617.699834        0.045178
BFGS:    6 03:01:16     -617.700143        0.062602
BFGS:    7 03:01:16     -617.700572        0.079948
BFGS:    8 03:01:16     -617.701151        0.082458
BFGS:    9 03:01:16     -617.701884        0.074273
BFGS:   10 03:01:16     -617.702668        0.081732
BFGS:   11 03:01:16     -617.703277        0.068347
BFGS:   12 03:01:16     -617.703620        0.046332
BFGS:   13 03:01:16     -617.703803        0.031929
BFGS:   14 03:01:16     -617.703970        0.042031
BFGS:   15 03:01:16     -617.704162        0.050643
BFGS:   16 03:01:16     -617.704348        0.037330
BFGS:   17 03:01:16     -617.704506        0.032982
BFGS:   18 03:01:16     -617.704666        0.039650
BFGS:   19 03:01:16     -617.704884        0.048162
BFGS:   20 03:01:16     -617.705172        0.058446
BFGS:   21 03:01:16     -617.705457        0.045833
BFGS:   22 03:01:16     -617.705674        0.032329
BFGS:   23 03:01:16     -617.705863        0.040473
BFGS:   24 03:01:16     -617.706108        0.048004
BFGS:   25 03:01:16     -617.706470        0.058161
BFGS:   26 03:01:16     -617.706913        0.065082
BFGS:   27 03:01:16     -617.707252        0.086467
BFGS:   28 03:01:16     -617.707392        0.113844
BFGS:   29 03:01:16     -617.707748        0.046948
BFGS:   30 03:01:16     -617.708028        0.046653
BFGS:   31 03:01:16     -617.708397        0.065657
BFGS:   32 03:01:16     -617.708676        0.045245
BFGS:   33 03:01:16     -617.708917        0.050201
BFGS:   34 03:01:16     -617.709111        0.043086
BFGS:   35 03:01:16     -617.709325        0.042767
BFGS:   36 03:01:16     -617.709585        0.039299
BFGS:   37 03:01:16     -617.709938        0.037446
BFGS:   38 03:01:16     -617.710065        0.037615
BFGS:   39 03:01:16     -617.710270        0.031081
BFGS:   40 03:01:16     -617.710415        0.033941
BFGS:   41 03:01:16     -617.710486        0.073128
BFGS:   42 03:01:16     -617.710618        0.029050
BFGS:   43 03:01:16     -617.710694        0.020614
BFGS:   44 03:01:16     -617.710794        0.019191
BFGS:   45 03:01:16     -617.710860        0.025403
BFGS:   46 03:01:16     -617.710932        0.026147
BFGS:   47 03:01:16     -617.711000        0.021113
BFGS:   48 03:01:16     -617.711072        0.017258
BFGS:   49 03:01:16     -617.711117        0.018223
BFGS:   50 03:01:16     -617.711149        0.019297
BFGS:   51 03:01:16     -617.711172        0.012770
BFGS:   52 03:01:16     -617.711186        0.007190
