      Step     Time          Energy          fmax
BFGS:    0 03:01:15     -617.642413        0.024784
BFGS:    1 03:01:15     -617.642456        0.021647
BFGS:    2 03:01:15     -617.642556        0.043198
BFGS:    3 03:01:15     -617.642586        0.035031
BFGS:    4 03:01:15     -617.642632        0.034822
BFGS:    5 03:01:15     -617.642782        0.022133
BFGS:    6 03:01:15     -617.642823        0.021409
BFGS:    7 03:01:15     -617.642945        0.028880
BFGS:    8 03:01:15     -617.643048        0.033336
BFGS:    9 03:01:15     -617.643196        0.033611
BFGS:   10 03:01:15     -617.643359        0.037815
BFGS:   11 03:01:15     -617.643592        0.043210
BFGS:   12 03:01:15     -617.643915        0.059859
BFGS:   13 03:01:15     -617.644371        0.064335
BFGS:   14 03:01:15     -617.644899        0.065592
BFGS:   15 03:01:15     -617.645404        0.071103
BFGS:   16 03:01:15     -617.645898        0.075208
BFGS:   17 03:01:15     -617.646370        0.134078
BFGS:   18 03:01:15     -617.646650        0.220348
BFGS:   19 03:01:15     -617.647854        0.093912
BFGS:   20 03:01:15     -617.649096        0.078796
BFGS:   21 03:01:15     -617.650722        0.335202
BFGS:   22 03:01:15     -617.651830        0.079975
BFGS:   23 03:01:15     -617.652675        0.063876
BFGS:   24 03:01:15     -617.652355        0.426866
BFGS:   25 03:01:15     -617.653943        0.042565
BFGS:   26 03:01:15     -617.654300        0.060889
BFGS:   27 03:01:15     -617.654901        0.236418
BFGS:   28 03:01:15     -617.655396        0.125728
BFGS:   29 03:01:15     -617.656184        0.053468
BFGS:   30 03:01:15     -617.657590        0.070501
BFGS:   31 03:01:15     -617.657793        0.381872
BFGS:   32 03:01:15     -617.659446        0.074704
BFGS:   33 03:01:15     -617.660209        0.068515
BFGS:   34 03:01:15     -617.659791        0.413717
BFGS:   35 03:01:15     -617.661461        0.044904
BFGS:   36 03:01:15     -617.661857        0.041779
BFGS:   37 03:01:15     -617.662324        0.193990
BFGS:   38 03:01:15     -617.662770        0.060914
BFGS:   39 03:01:15     -617.663174        0.050282
BFGS:   40 03:01:15     -617.664013        0.072373
BFGS:   41 03:01:15     -617.664397        0.060878
BFGS:   42 03:01:15     -617.664754        0.059690
BFGS:   43 03:01:15     -617.665664        0.079492
BFGS:   44 03:01:15     -617.666893        0.095442
BFGS:   45 03:01:15     -617.668453        0.113176
BFGS:   46 03:01:15     -617.669963        0.098639
BFGS:   47 03:01:15     -617.670228        0.352700
BFGS:   48 03:01:15     -617.672679        0.104826
BFGS:   49 03:01:15     -617.674164        0.120081
BFGS:   50 03:01:15     -617.677415        0.165475
BFGS:   51 03:01:15     -617.678943        0.144002
BFGS:   52 03:01:15     -617.680487        0.136854
BFGS:   53 03:01:15     -617.682012        0.093263
BFGS:   54 03:01:15     -617.684152        0.149011
BFGS:   55 03:01:15     -617.685694        0.317033
BFGS:   56 03:01:15     -617.687508        0.127965
BFGS:   57 03:01:15     -617.688971        0.103495
BFGS:   58 03:01:15     -617.690051        0.113487
BFGS:   59 03:01:15     -617.691482        0.097029
BFGS:   60 03:01:15     -617.692716        0.083160
BFGS:   61 03:01:15     -617.693645        0.067967
BFGS:   62 03:01:15     -617.694271        0.089029
BFGS:   63 03:01:15     -617.695126        0.070966
BFGS:   64 03:01:15     -617.696262        0.061915
BFGS:   65 03:01:15     -617.696953        0.049137
BFGS:   66 03:01:15     -617.697274        0.043290
BFGS:   67 03:01:15     -617.697515        0.051902
BFGS:   68 03:01:15     -617.697758        0.057872
BFGS:   69 03:01:15     -617.698066        0.059003
BFGS:   70 03:01:15     -617.698455        0.087773
BFGS:   71 03:01:15     -617.698946        0.074649
BFGS:   72 03:01:15     -617.699606        0.086725
BFGS:   73 03:01:15     -617.700313        0.082589
BFGS:   74 03:01:15     -617.700964        0.078046
BFGS:   75 03:01:15     -617.701613        0.102608
BFGS:   76 03:01:15     -617.702486        0.080563
BFGS:   77 03:01:15     -617.703317        0.110191
BFGS:   78 03:01:15     -617.704118        0.084412
BFGS:   79 03:01:15     -617.704620        0.128573
BFGS:   80 03:01:15     -617.705088        0.065645
BFGS:   81 03:01:15     -617.705476        0.049167
BFGS:   82 03:01:15     -617.705924        0.065892
BFGS:   83 03:01:15     -617.706182        0.043974
BFGS:   84 03:01:15     -617.706294        0.049178
BFGS:   85 03:01:15     -617.706425        0.063742
BFGS:   86 03:01:15     -617.706709        0.044406
BFGS:   87 03:01:15     -617.707224        0.065783
BFGS:   88 03:01:15     -617.708014        0.178270
BFGS:   89 03:01:15     -617.706293        0.381135
BFGS:   90 03:01:15     -617.708853        0.112706
BFGS:   91 03:01:15     -617.709211        0.087531
BFGS:   92 03:01:15     -617.710025        0.114366
BFGS:   93 03:01:15     -617.710260        0.125755
BFGS:   94 03:01:15     -617.710611        0.168576
BFGS:   95 03:01:15     -617.711023        0.028752
BFGS:   96 03:01:15     -617.711159        0.019609
BFGS:   97 03:01:15     -617.711234        0.034485
BFGS:   98 03:01:15     -617.711260        0.008587
BFGS:   99 03:01:15     -617.711274        0.012609
BFGS:  100 03:01:15     -617.711283        0.008623
BFGS:  101 03:01:15     -617.711285        0.005808
