      Step     Time          Energy          fmax
BFGS:    0 03:01:14     -617.624035        0.022485
BFGS:    1 03:01:14     -617.624063        0.014250
BFGS:    2 03:01:14     -617.624090        0.019420
BFGS:    3 03:01:14     -617.624101        0.018110
BFGS:    4 03:01:14     -617.624119        0.018114
BFGS:    5 03:01:14     -617.624144        0.010292
BFGS:    6 03:01:14     -617.624153        0.008776
BFGS:    7 03:01:14     -617.624176        0.015025
BFGS:    8 03:01:14     -617.624196        0.018716
BFGS:    9 03:01:14     -617.624223        0.015796
BFGS:   10 03:01:14     -617.624249        0.012876
BFGS:   11 03:01:14     -617.624282        0.013886
BFGS:   12 03:01:14     -617.624316        0.020049
BFGS:   13 03:01:14     -617.624353        0.021441
BFGS:   14 03:01:14     -617.624396        0.023927
BFGS:   15 03:01:14     -617.624457        0.029856
BFGS:   16 03:01:14     -617.624550        0.036429
BFGS:   17 03:01:14     -617.624693        0.036995
BFGS:   18 03:01:14     -617.624901        0.043985
BFGS:   19 03:01:14     -617.625186        0.048508
BFGS:   20 03:01:14     -617.625559        0.062098
BFGS:   21 03:01:14     -617.626008        0.063822
BFGS:   22 03:01:15     -617.626434        0.053421
BFGS:   23 03:01:15     -617.626774        0.042464
BFGS:   24 03:01:15     -617.627045        0.045409
BFGS:   25 03:01:15     -617.627293        0.040913
BFGS:   26 03:01:15     -617.627523        0.039489
BFGS:   27 03:01:15     -617.627676        0.048252
BFGS:   28 03:01:15     -617.627837        0.043777
BFGS:   29 03:01:15     -617.627994        0.035491
BFGS:   30 03:01:15     -617.628483        0.072401
BFGS:   31 03:01:15     -617.628784        0.093138
BFGS:   32 03:01:15     -617.629404        0.099846
BFGS:   33 03:01:15     -617.629972        0.085989
BFGS:   34 03:01:15     -617.630763        0.086461
BFGS:   35 03:01:15     -617.631554        0.098137
BFGS:   36 03:01:15     -617.631408        0.229068
BFGS:   37 03:01:15     -617.632718        0.112987
BFGS:   38 03:01:15     -617.633397        0.108249
BFGS:   39 03:01:15     -617.635253        0.138216
BFGS:   40 03:01:15     -617.636387        0.108547
BFGS:   41 03:01:15     -617.637655        0.126841
BFGS:   42 03:01:15     -617.638722        0.096355
BFGS:   43 03:01:15     -617.639447        0.119389
BFGS:   44 03:01:15     -617.640077        0.099627
BFGS:   45 03:01:15     -617.641124        0.100280
BFGS:   46 03:01:15     -617.642462        0.125714
BFGS:   47 03:01:15     -617.644240        0.178531
BFGS:   48 03:01:15     -617.645612        0.153990
BFGS:   49 03:01:15     -617.646457        0.393339
BFGS:   50 03:01:15     -617.649018        0.130975
BFGS:   51 03:01:15     -617.650159        0.060110
BFGS:   52 03:01:15     -617.651362        0.212732
BFGS:   53 03:01:15     -617.652086        0.084504
BFGS:   54 03:01:15     -617.652783        0.073506
BFGS:   55 03:01:15     -617.654008        0.073689
BFGS:   56 03:01:15     -617.654649        0.063348
BFGS:   57 03:01:15     -617.655280        0.083774
BFGS:   58 03:01:15     -617.655672        0.050594
BFGS:   59 03:01:15     -617.656118        0.073824
BFGS:   60 03:01:15     -617.656505        0.099676
BFGS:   61 03:01:15     -617.656953        0.103363
BFGS:   62 03:01:15     -617.657482        0.098417
BFGS:   63 03:01:15     -617.658698        0.113758
BFGS:   64 03:01:15     -617.660550        0.129167
BFGS:   65 03:01:15     -617.663443        0.104282
BFGS:   66 03:01:15     -617.665779        0.223279
BFGS:   67 03:01:15     -617.669802        0.125134
BFGS:   68 03:01:15     -617.672456        0.205404
BFGS:   69 03:01:15     -617.676117        0.240835
BFGS:   70 03:01:15     -617.677607        0.151943
BFGS:   71 03:01:15     -617.679621        0.130308
BFGS:   72 03:01:15     -617.681293        0.304474
BFGS:   73 03:01:15     -617.682834        0.099528
BFGS:   74 03:01:15     -617.683141        0.282110
BFGS:   75 03:01:15     -617.684587        0.142298
BFGS:   76 03:01:15     -617.685989        0.088421
BFGS:   77 03:01:15     -617.687425        0.096702
BFGS:   78 03:01:15     -617.688538        0.066039
BFGS:   79 03:01:15     -617.689251        0.172761
BFGS:   80 03:01:15     -617.689797        0.106265
BFGS:   81 03:01:15     -617.690367        0.075808
BFGS:   82 03:01:15     -617.690863        0.075441
BFGS:   83 03:01:15     -617.691285        0.097695
BFGS:   84 03:01:15     -617.691699        0.073026
BFGS:   85 03:01:15     -617.692072        0.081261
BFGS:   86 03:01:15     -617.692604        0.101211
BFGS:   87 03:01:15     -617.693475        0.123969
BFGS:   88 03:01:15     -617.694479        0.129621
BFGS:   89 03:01:15     -617.695487        0.119576
BFGS:   90 03:01:15     -617.696282        0.119605
BFGS:   91 03:01:15     -617.696797        0.099916
BFGS:   92 03:01:15     -617.697134        0.072878
BFGS:   93 03:01:15     -617.697370        0.064934
BFGS:   94 03:01:15     -617.697566        0.059421
BFGS:   95 03:01:15     -617.697787        0.054602
BFGS:   96 03:01:15     -617.698115        0.070979
BFGS:   97 03:01:15     -617.698714        0.119745
BFGS:   98 03:01:15     -617.699559        0.111246
BFGS:   99 03:01:15     -617.700303        0.111082
BFGS:  100 03:01:15     -617.700751        0.033430
BFGS:  101 03:01:15     -617.700911        0.058682
BFGS:  102 03:01:15     -617.700986        0.027283
BFGS:  103 03:01:15     -617.701046        0.019075
BFGS:  104 03:01:15     -617.701104        0.022788
BFGS:  105 03:01:15     -617.701168        0.023499
BFGS:  106 03:01:15     -617.701276        0.029076
BFGS:  107 03:01:15     -617.701474        0.043630
BFGS:  108 03:01:15     -617.701810        0.060338
BFGS:  109 03:01:15     -617.702271        0.073973
BFGS:  110 03:01:15     -617.702737        0.069206
BFGS:  111 03:01:15     -617.703089        0.053144
BFGS:  112 03:01:15     -617.703284        0.047544
BFGS:  113 03:01:15     -617.703450        0.045046
BFGS:  114 03:01:15     -617.703579        0.019734
BFGS:  115 03:01:15     -617.703635        0.050203
BFGS:  116 03:01:15     -617.703682        0.019460
BFGS:  117 03:01:15     -617.703711        0.017650
BFGS:  118 03:01:15     -617.703774        0.013983
BFGS:  119 03:01:15     -617.703827        0.017018
BFGS:  120 03:01:15     -617.703969        0.027729
BFGS:  121 03:01:15     -617.704156        0.038565
BFGS:  122 03:01:15     -617.704388        0.045780
BFGS:  123 03:01:15     -617.704584        0.042946
BFGS:  124 03:01:15     -617.704739        0.045536
BFGS:  125 03:01:15     -617.704836        0.021919
BFGS:  126 03:01:15     -617.704908        0.032803
BFGS:  127 03:01:15     -617.704955        0.018403
BFGS:  128 03:01:15     -617.704978        0.009099
BFGS:  129 03:01:15     -617.704989        0.006914
