      Step     Time          Energy          fmax
BFGS:    0 02:55:03     -617.599446        0.611649
BFGS:    1 02:55:03     -617.604194        0.504866
BFGS:    2 02:55:03     -617.607156        0.309007
BFGS:    3 02:55:03     -617.610674        0.199328
BFGS:    4 02:55:03     -617.615881        0.265823
BFGS:    5 02:55:03     -617.618902        0.170926
BFGS:    6 02:55:03     -617.622973        0.167725
BFGS:    7 02:55:03     -617.627455        0.212977
BFGS:    8 02:55:03     -617.632067        0.198495
BFGS:    9 02:55:03     -617.634980        0.131190
BFGS:   10 02:55:03     -617.636415        0.102507
BFGS:   11 02:55:03     -617.637233        0.080749
BFGS:   12 02:55:03     -617.638025        0.089857
BFGS:   13 02:55:03     -617.638684        0.077755
BFGS:   14 02:55:03     -617.639158        0.073501
BFGS:   15 02:55:03     -617.639546        0.058572
BFGS:   16 02:55:03     -617.639973        0.053957
BFGS:   17 02:55:03     -617.640451        0.062627
BFGS:   18 02:55:03     -617.640902        0.059503
BFGS:   19 02:55:03     -617.641252        0.058859
BFGS:   20 02:55:03     -617.641491        0.059431
BFGS:   21 02:55:03     -617.641658        0.042942
BFGS:   22 02:55:03     -617.641795        0.039192
BFGS:   23 02:55:03     -617.641928        0.036371
BFGS:   24 02:55:03     -617.642070        0.039056
BFGS:   25 02:55:03     -617.642208        0.035649
BFGS:   26 02:55:03     -617.642320        0.028157
BFGS:   27 02:55:03     -617.642413        0.024797
