      Step     Time          Energy          fmax
BFGS:    0 02:55:02     -617.578880        0.554495
BFGS:    1 02:55:02     -617.583142        0.472009
BFGS:    2 02:55:02     -617.586085        0.327070
BFGS:    3 02:55:02     -617.589730        0.242706
BFGS:    4 02:55:02     -617.594992        0.291786
BFGS:    5 02:55:02     -617.599342        0.204077
BFGS:    6 02:55:02     -617.603694        0.159502
BFGS:    7 02:55:02     -617.608191        0.197279
BFGS:    8 02:55:02     -617.613087        0.228573
BFGS:    9 02:55:02     -617.616653        0.154212
BFGS:   10 02:55:02     -617.618351        0.070885
BFGS:   11 02:55:02     -617.619003        0.067859
BFGS:   12 02:55:02     -617.619537        0.087689
BFGS:   13 02:55:02     -617.620129        0.074805
BFGS:   14 02:55:02     -617.620587        0.049824
BFGS:   15 02:55:02     -617.620920        0.046449
BFGS:   16 02:55:02     -617.621265        0.050476
BFGS:   17 02:55:03     -617.621766        0.065080
BFGS:   18 02:55:03     -617.622405        0.083012
BFGS:   19 02:55:03     -617.623005        0.087753
BFGS:   20 02:55:03     -617.623420        0.069523
BFGS:   21 02:55:03     -617.623697        0.043722
BFGS:   22 02:55:03     -617.623911        0.041488
BFGS:   23 02:55:03     -617.624035        0.022369
