
################################################################################

 PACKMOL - Packing optimization for the automated generation of
 starting configurations for molecular dynamics simulations.
 
                                                             Version 21.0.1 

################################################################################

  Packmol must be run with: packmol < inputfile.inp 

  Userguide at: http://m3g.iqm.unicamp.br/packmol 

  Reading input file... (Control-C aborts)
  Types of coordinate files specified: xyz
  Seed for random number generator:     20261006
  Output file: packed.xyz
  Reading coordinate file: graphene.xyz
  Reading coordinate file: polymer.xyz
  Reading coordinate file: solvent.xyz
  Reading coordinate file: solvent.xyz
  Number of independent structures:            4
  The structures are: 
  Structure            1 :Properties=species:S:1:pos:R:3 pbc="F F F"(         448  atoms)
  Structure            2 :Properties=species:S:1:pos:R:3 pbc="F F F"(          65  atoms)
  Structure            3 :Properties=species:S:1:pos:R:3:energies:R:1:forces:R:3:charge:R:1 energy=-454.61806261294026 free_energy=-454.61806261294026 dipole="-0.06317706615495353 0.4007183327966761 0.11296496997731406" pbc="F F F"(          13  atoms)
  Structure            4 :Properties=species:S:1:pos:R:3:energies:R:1:forces:R:3:charge:R:1 energy=-454.61806261294026 free_energy=-454.61806261294026 dipole="-0.06317706615495353 0.4007183327966761 0.11296496997731406" pbc="F F F"(          13  atoms)
  Maximum number of GENCAN loops for all molecule packing:          500
  Distance tolerance:    2.0000000000000000     
  Number of molecules of type            1 :            1
  Number of molecules of type            2 :            1
  Number of molecules of type            3 :          147
  Number of molecules of type            4 :          142
  Total number of restrictions:            4
  Total number of atoms:         4270
  Molecule Properties=species:S:1:pos:R:3 pbc="F F F"(           1 ) will be fixed.
  Molecule Properties=species:S:1:pos:R:3 pbc="F F F"(           2 ) will be fixed.
  Total number of molecules:          291
  Number of fixed molecules:            2
  Number of free molecules:          289
  Number of variables:         1734
  Total number of fixed atoms:          513
  Maximum internal distance of type            1 :    4.1650343064767545     
  Maximum internal distance of type            2 :    4.1650343064767545     
  All atoms must be within these coordinates: 
   x: [   -993.60000000000002      ,    1006.4000000000000       ] 
   y: [   -993.96141868617451      ,    1006.0385813138255       ] 
   z: [   -994.19074540531983      ,    1005.8092545946802       ] 
  If the system is larger than this, increase the sidemax parameter. 

################################################################################

  Building initial approximation ... 

################################################################################

  Adjusting initial point to fit the constraints 

--------------------------------------------------------------------------------

--------------------------------------------------------------------------------

  Molecules of type:            3

  Packing:|0                                                        100%|
          |******************************

  Restraint-only function value:    3.4888842962169043E-004
  Maximum violation of the restraints:    1.8802683659147279E-004

--------------------------------------------------------------------------------

  Molecules of type:            4

  Packing:|0                                                        100%|
          |***************************

  Restraint-only function value:    4.4589377773192118E-004
  Maximum violation of the restraints:    3.5601961956030720E-004

--------------------------------------------------------------------------------

  Rescaling maximum and minimum coordinates... 
  Mininum and maximum coordinates after constraint fitting: 
   x: [    0.0000000000000000      ,    33.323000000000000       ] 
   y: [    0.0000000000000000      ,    33.390552373661805       ] 
   z: [   0.99865763835939070      ,    36.999133733546785       ] 
  Computing size of patches... 
  Number of cells in each direction and cell sides: 
   x:           16  cells of size    2.3576875000000004     
   y:           17  cells of size    2.2229736690389301     
   z:           18  cells of size    2.2444708941770779     
  Cell-system length:   37.72300  37.79055  40.40048
  Add fixed molecules to permanent arrays... 
  Reseting center of mass... 

--------------------------------------------------------------------------------

  Setting initial trial coordinates ... 

--------------------------------------------------------------------------------

--------------------------------------------------------------------------------

  Molecules of type:            3
  Adjusting random positions to fit the constraints. 
  Packing:|0                                                        100%|
          |***
  Restraint-only function value:    7.4873588598596747E-004
  Maximum violation of the restraints:    4.6467454699268383E-004

--------------------------------------------------------------------------------

  Molecules of type:            4
  Adjusting random positions to fit the constraints. 
  Packing:|0                                                        100%|
          |***
  Restraint-only function value:    0.0000000000000000     
  Maximum violation of the restraints:    0.0000000000000000     

################################################################################

  Objective function at initial point:    38745.714914767486     

################################################################################

  Packing molecules of type:            3

################################################################################


--------------------------------------------------------------------------------

  Starting GENCAN loop:            0
  Scaling radii by:    1.1000000000000001     

  Packing:|0                                                        100%|
          |*************************************************************|

  Function value from last GENCAN loop: f = .77813E+02
  Best function value before: f = .17889E+05
  Improvement from best function value:    99.57 %
  Improvement from last loop:    99.57 %
  Maximum violation of target distance:     1.455541
  Maximum violation of the constraints: .37456E+01
  All-type function value: .20935E+05

--------------------------------------------------------------------------------


--------------------------------------------------------------------------------

  Starting GENCAN loop:            1
  Scaling radii by:    1.1000000000000001     

  Packing:|0                                                        100%|
          |*************************************************************|

  Function value from last GENCAN loop: f = .18408E+02
  Best function value before: f = .77813E+02
  Improvement from best function value:    76.34 %
  Improvement from last loop:    76.34 %
  Maximum violation of target distance:     0.172121
  Maximum violation of the constraints: .14434E+01
  All-type function value: .20876E+05

--------------------------------------------------------------------------------


--------------------------------------------------------------------------------

  Starting GENCAN loop:            2
  Scaling radii by:    1.1000000000000001     

  Packing:|0                                                        100%|
          |*************************************************************|

  Function value from last GENCAN loop: f = .58133E+01
  Best function value before: f = .18408E+02
  Improvement from best function value:    68.42 %
  Improvement from last loop:    68.42 %
  Maximum violation of target distance:     0.000000
  Maximum violation of the constraints: .69811E+00
  All-type function value: .20863E+05

--------------------------------------------------------------------------------


--------------------------------------------------------------------------------

  Starting GENCAN loop:            3
  Scaling radii by:    1.1000000000000001     

  Packing:|0                                                        100%|
          |*************************************************************|

  Function value from last GENCAN loop: f = .25083E+01
  Best function value before: f = .58133E+01
  Improvement from best function value:    56.85 %
  Improvement from last loop:    56.85 %
  Maximum violation of target distance:     0.000000
  Maximum violation of the constraints: .46616E+00
  All-type function value: .20860E+05

--------------------------------------------------------------------------------


--------------------------------------------------------------------------------

  Starting GENCAN loop:            4
  Scaling radii by:    1.1000000000000001     

  Packing:|0                                                        100%|
          |*************************************************************|

  Function value from last GENCAN loop: f = .95987E+00
  Best function value before: f = .25083E+01
  Improvement from best function value:    61.73 %
  Improvement from last loop:    61.73 %
  Maximum violation of target distance:     0.000000
  Maximum violation of the constraints: .17387E+00
  All-type function value: .20858E+05

--------------------------------------------------------------------------------


--------------------------------------------------------------------------------

  Starting GENCAN loop:            5
  Scaling radii by:    1.1000000000000001     

  Packing:|0                                                        100%|
          |*************************************************************|

  Function value from last GENCAN loop: f = .32326E+00
  Best function value before: f = .95987E+00
  Improvement from best function value:    66.32 %
  Improvement from last loop:    66.32 %
  Maximum violation of target distance:     0.000000
  Maximum violation of the constraints: .85712E-01
  All-type function value: .20857E+05

--------------------------------------------------------------------------------


--------------------------------------------------------------------------------

  Starting GENCAN loop:            6
  Scaling radii by:    1.1000000000000001     

  Packing:|0                                                        100%|
          |*************************************************************|

  Function value from last GENCAN loop: f = .13021E+00
  Best function value before: f = .32326E+00
  Improvement from best function value:    59.72 %
  Improvement from last loop:    59.72 %
  Maximum violation of target distance:     0.000000
  Maximum violation of the constraints: .36397E-01
  All-type function value: .20857E+05

--------------------------------------------------------------------------------


--------------------------------------------------------------------------------

  Starting GENCAN loop:            7
  Scaling radii by:    1.1000000000000001     

  Packing:|0                                                        100%|
          |*************************************************************|

  Function value from last GENCAN loop: f = .69225E-01
  Best function value before: f = .13021E+00
  Improvement from best function value:    46.84 %
  Improvement from last loop:    46.84 %
  Maximum violation of target distance:     0.000000
  Maximum violation of the constraints: .16569E-01
  All-type function value: .20857E+05

--------------------------------------------------------------------------------


--------------------------------------------------------------------------------

  Starting GENCAN loop:            8
  Scaling radii by:    1.1000000000000001     

  Packing:|0                                                        100%|
          |************************************************

  Function value from last GENCAN loop: f = .38844E-01
  Best function value before: f = .69225E-01
  Improvement from best function value:    43.89 %
  Improvement from last loop:    43.89 %
  Maximum violation of target distance:     0.000000
  Maximum violation of the constraints: .97023E-02
  Current structure written to file: packed.xyz
--------------------------------------------------------------------------------
  Packing solved for molecules of type           3
  Objective function value:    3.8843955203181374E-002
  Maximum violation of target distance:    0.0000000000000000     
  Max. constraint violation:    9.7022918727991802E-003
--------------------------------------------------------------------------------

################################################################################

  Packing molecules of type:            4

################################################################################


--------------------------------------------------------------------------------

  Starting GENCAN loop:            0
  Scaling radii by:    1.1000000000000001     

  Packing:|0                                                        100%|
          |*************************************************************|

  Function value from last GENCAN loop: f = .67111E+02
  Best function value before: f = .20857E+05
  Improvement from best function value:    99.68 %
  Improvement from last loop:    99.68 %
  Maximum violation of target distance:     0.808750
  Maximum violation of the constraints: .31044E+01
  All-type function value: .67150E+02

--------------------------------------------------------------------------------


--------------------------------------------------------------------------------

  Starting GENCAN loop:            1
  Scaling radii by:    1.1000000000000001     

  Packing:|0                                                        100%|
          |*************************************************************|

  Function value from last GENCAN loop: f = .14992E+02
  Best function value before: f = .67111E+02
  Improvement from best function value:    77.66 %
  Improvement from last loop:    77.66 %
  Maximum violation of target distance:     0.000000
  Maximum violation of the constraints: .13000E+01
  All-type function value: .15031E+02

--------------------------------------------------------------------------------


--------------------------------------------------------------------------------

  Starting GENCAN loop:            2
  Scaling radii by:    1.1000000000000001     

  Packing:|0                                                        100%|
          |*************************************************************|

  Function value from last GENCAN loop: f = .77362E+01
  Best function value before: f = .14992E+02
  Improvement from best function value:    48.40 %
  Improvement from last loop:    48.40 %
  Maximum violation of target distance:     0.000000
  Maximum violation of the constraints: .87654E+00
  All-type function value: .77751E+01

--------------------------------------------------------------------------------


--------------------------------------------------------------------------------

  Starting GENCAN loop:            3
  Scaling radii by:    1.1000000000000001     

  Packing:|0                                                        100%|
          |*************************************************************|

  Function value from last GENCAN loop: f = .41840E+01
  Best function value before: f = .77362E+01
  Improvement from best function value:    45.92 %
  Improvement from last loop:    45.92 %
  Maximum violation of target distance:     0.000000
  Maximum violation of the constraints: .51689E+00
  All-type function value: .42229E+01

--------------------------------------------------------------------------------


--------------------------------------------------------------------------------

  Starting GENCAN loop:            4
  Scaling radii by:    1.1000000000000001     

  Packing:|0                                                        100%|
          |*************************************************************|

  Function value from last GENCAN loop: f = .25971E+01
  Best function value before: f = .41840E+01
  Improvement from best function value:    37.93 %
  Improvement from last loop:    37.93 %
  Maximum violation of target distance:     0.000000
  Maximum violation of the constraints: .48802E+00
  All-type function value: .26359E+01

--------------------------------------------------------------------------------


--------------------------------------------------------------------------------

  Starting GENCAN loop:            5
  Scaling radii by:    1.1000000000000001     

  Packing:|0                                                        100%|
          |*************************************************************|

  Function value from last GENCAN loop: f = .13406E+01
  Best function value before: f = .25971E+01
  Improvement from best function value:    48.38 %
  Improvement from last loop:    48.38 %
  Maximum violation of target distance:     0.000000
  Maximum violation of the constraints: .14626E+00
  All-type function value: .13794E+01

--------------------------------------------------------------------------------


--------------------------------------------------------------------------------

  Starting GENCAN loop:            6
  Scaling radii by:    1.1000000000000001     

  Packing:|0                                                        100%|
          |*************************************************************|

  Function value from last GENCAN loop: f = .53362E+00
  Best function value before: f = .13406E+01
  Improvement from best function value:    60.19 %
  Improvement from last loop:    60.19 %
  Maximum violation of target distance:     0.000000
  Maximum violation of the constraints: .82685E-01
  All-type function value: .57247E+00

--------------------------------------------------------------------------------


--------------------------------------------------------------------------------

  Starting GENCAN loop:            7
  Scaling radii by:    1.1000000000000001     

  Packing:|0                                                        100%|
          |*************************************************************|

  Function value from last GENCAN loop: f = .16811E+00
  Best function value before: f = .53362E+00
  Improvement from best function value:    68.50 %
  Improvement from last loop:    68.50 %
  Maximum violation of target distance:     0.000000
  Maximum violation of the constraints: .14920E-01
  All-type function value: .20695E+00

--------------------------------------------------------------------------------


--------------------------------------------------------------------------------

  Starting GENCAN loop:            8
  Scaling radii by:    1.1000000000000001     

  Packing:|0                                                        100%|
          |*************************************************************|

  Function value from last GENCAN loop: f = .60579E-01
  Best function value before: f = .16811E+00
  Improvement from best function value:    63.96 %
  Improvement from last loop:    63.96 %
  Maximum violation of target distance:     0.000000
  Maximum violation of the constraints: .10397E-01
  All-type function value: .99423E-01

--------------------------------------------------------------------------------


--------------------------------------------------------------------------------

  Starting GENCAN loop:            9
  Scaling radii by:    1.1000000000000001     

  Packing:|0                                                        100%|
          |***

  Function value from last GENCAN loop: f = .54830E-01
  Best function value before: f = .60579E-01
  Improvement from best function value:     9.49 %
  Improvement from last loop:     9.49 %
  Maximum violation of target distance:     0.000000
  Maximum violation of the constraints: .97408E-02
  Current structure written to file: packed.xyz
--------------------------------------------------------------------------------
  Packing solved for molecules of type           4
  Objective function value:    5.4829560633367781E-002
  Maximum violation of target distance:    0.0000000000000000     
  Max. constraint violation:    9.7407659357551437E-003
--------------------------------------------------------------------------------

################################################################################

  Packing all molecules together 

################################################################################


  Initial approximation is a solution. Nothing to do. 

  Solution written to file: packed.xyz

################################################################################

                                 Success! 
              Final objective function value: .11478E+00
              Maximum violation of target distance:   0.000000
              Maximum violation of the constraints: .97408E-02

--------------------------------------------------------------------------------

              Please cite this work if Packmol was useful: 

           L. Martinez, R. Andrade, E. G. Birgin, J. M. Martinez, 
         PACKMOL: A package for building initial configurations for
                   molecular dynamics simulations. 
        Journal of Computational Chemistry, 30(13) pp. 2157-2164, 2009.
                  https://doi.org/10.1002/jcc.21224

################################################################################

   Running time:    10.5535202      seconds. 

--------------------------------------------------------------------------------


